CRITICAL - 2024-11-05 00:07:03 --> "role" filter must have a matching alias defined.
in SYSTEMPATH\Filters\Filters.php on line 350.
 1 SYSTEMPATH\Filters\Filters.php(350): CodeIgniter\Filters\Exceptions\FilterException::forNoAlias('role')
 2 SYSTEMPATH\CodeIgniter.php(459): CodeIgniter\Filters\Filters->enableFilter('role', 'before')
 3 SYSTEMPATH\CodeIgniter.php(353): CodeIgniter\CodeIgniter->handleRequest(null, Object(Config\Cache), false)
 4 FCPATH\index.php(79): CodeIgniter\CodeIgniter->run()
CRITICAL - 2024-11-05 00:07:04 --> "role" filter must have a matching alias defined.
in SYSTEMPATH\Filters\Filters.php on line 350.
 1 SYSTEMPATH\Filters\Filters.php(350): CodeIgniter\Filters\Exceptions\FilterException::forNoAlias('role')
 2 SYSTEMPATH\CodeIgniter.php(459): CodeIgniter\Filters\Filters->enableFilter('role', 'before')
 3 SYSTEMPATH\CodeIgniter.php(353): CodeIgniter\CodeIgniter->handleRequest(null, Object(Config\Cache), false)
 4 FCPATH\index.php(79): CodeIgniter\CodeIgniter->run()
CRITICAL - 2024-11-05 00:16:54 --> Class "App\Filters\AuthFilter" not found
in SYSTEMPATH\Filters\Filters.php on line 173.
 1 SYSTEMPATH\CodeIgniter.php(466): CodeIgniter\Filters\Filters->run('cliente', 'before')
 2 SYSTEMPATH\CodeIgniter.php(353): CodeIgniter\CodeIgniter->handleRequest(null, Object(Config\Cache), false)
 3 FCPATH\index.php(79): CodeIgniter\CodeIgniter->run()
ERROR - 2024-11-05 00:17:11 --> Credenciales inválidas para el usuario: izaya65741131@gmail.com
ERROR - 2024-11-05 00:17:17 --> Credenciales inválidas para el usuario: izaya65741131@gmail.com
CRITICAL - 2024-11-05 00:17:49 --> Class "App\Filters\AuthFilter" not found
in SYSTEMPATH\Filters\Filters.php on line 173.
 1 SYSTEMPATH\CodeIgniter.php(466): CodeIgniter\Filters\Filters->run('cliente', 'before')
 2 SYSTEMPATH\CodeIgniter.php(353): CodeIgniter\CodeIgniter->handleRequest(null, Object(Config\Cache), false)
 3 FCPATH\index.php(79): CodeIgniter\CodeIgniter->run()
CRITICAL - 2024-11-05 00:17:58 --> Class "App\Filters\AuthFilter" not found
in SYSTEMPATH\Filters\Filters.php on line 173.
 1 SYSTEMPATH\CodeIgniter.php(466): CodeIgniter\Filters\Filters->run('cliente', 'before')
 2 SYSTEMPATH\CodeIgniter.php(353): CodeIgniter\CodeIgniter->handleRequest(null, Object(Config\Cache), false)
 3 FCPATH\index.php(79): CodeIgniter\CodeIgniter->run()
CRITICAL - 2024-11-05 00:18:05 --> Class "App\Filters\AuthFilter" not found
in SYSTEMPATH\Filters\Filters.php on line 173.
 1 SYSTEMPATH\CodeIgniter.php(466): CodeIgniter\Filters\Filters->run('venta', 'before')
 2 SYSTEMPATH\CodeIgniter.php(353): CodeIgniter\CodeIgniter->handleRequest(null, Object(Config\Cache), false)
 3 FCPATH\index.php(79): CodeIgniter\CodeIgniter->run()
CRITICAL - 2024-11-05 00:18:33 --> Class "App\Filters\AuthFilter" not found
in SYSTEMPATH\Filters\Filters.php on line 173.
 1 SYSTEMPATH\CodeIgniter.php(466): CodeIgniter\Filters\Filters->run('cliente', 'before')
 2 SYSTEMPATH\CodeIgniter.php(353): CodeIgniter\CodeIgniter->handleRequest(null, Object(Config\Cache), false)
 3 FCPATH\index.php(79): CodeIgniter\CodeIgniter->run()
CRITICAL - 2024-11-05 00:18:38 --> Class "App\Filters\AuthFilter" not found
in SYSTEMPATH\Filters\Filters.php on line 173.
 1 SYSTEMPATH\CodeIgniter.php(466): CodeIgniter\Filters\Filters->run('cliente', 'before')
 2 SYSTEMPATH\CodeIgniter.php(353): CodeIgniter\CodeIgniter->handleRequest(null, Object(Config\Cache), false)
 3 FCPATH\index.php(79): CodeIgniter\CodeIgniter->run()
CRITICAL - 2024-11-05 00:18:43 --> Class "App\Filters\AuthFilter" not found
in SYSTEMPATH\Filters\Filters.php on line 173.
 1 SYSTEMPATH\CodeIgniter.php(466): CodeIgniter\Filters\Filters->run('cliente', 'before')
 2 SYSTEMPATH\CodeIgniter.php(353): CodeIgniter\CodeIgniter->handleRequest(null, Object(Config\Cache), false)
 3 FCPATH\index.php(79): CodeIgniter\CodeIgniter->run()
CRITICAL - 2024-11-05 00:18:49 --> Class "App\Filters\AuthFilter" not found
in SYSTEMPATH\Filters\Filters.php on line 173.
 1 SYSTEMPATH\CodeIgniter.php(466): CodeIgniter\Filters\Filters->run('cliente', 'before')
 2 SYSTEMPATH\CodeIgniter.php(353): CodeIgniter\CodeIgniter->handleRequest(null, Object(Config\Cache), false)
 3 FCPATH\index.php(79): CodeIgniter\CodeIgniter->run()
CRITICAL - 2024-11-05 01:05:06 --> Undefined array key "admin"
in SYSTEMPATH\Filters\Filters.php on line 554.
 1 SYSTEMPATH\Filters\Filters.php(554): CodeIgniter\Debug\Exceptions->errorHandler(2, 'Undefined array key "admin"', 'C:\\xampp\\htdocs\\code4\\system\\Filters\\Filters.php', 554)
 2 SYSTEMPATH\Filters\Filters.php(515): CodeIgniter\Filters\Filters->registerArguments('admin', [])
 3 SYSTEMPATH\Filters\Filters.php(248): CodeIgniter\Filters\Filters->processFilters('usuarios/crear')
 4 SYSTEMPATH\Filters\Filters.php(170): CodeIgniter\Filters\Filters->initialize('usuarios/crear')
 5 SYSTEMPATH\CodeIgniter.php(466): CodeIgniter\Filters\Filters->run('usuarios/crear', 'before')
 6 SYSTEMPATH\CodeIgniter.php(353): CodeIgniter\CodeIgniter->handleRequest(null, Object(Config\Cache), false)
 7 FCPATH\index.php(79): CodeIgniter\CodeIgniter->run()
CRITICAL - 2024-11-05 01:07:39 --> Class "App\Filters\AdminFilter" not found
in SYSTEMPATH\Filters\Filters.php on line 173.
 1 SYSTEMPATH\CodeIgniter.php(466): CodeIgniter\Filters\Filters->run('usuarios/crear', 'before')
 2 SYSTEMPATH\CodeIgniter.php(353): CodeIgniter\CodeIgniter->handleRequest(null, Object(Config\Cache), false)
 3 FCPATH\index.php(79): CodeIgniter\CodeIgniter->run()
CRITICAL - 2024-11-05 01:07:40 --> Class "App\Filters\AdminFilter" not found
in SYSTEMPATH\Filters\Filters.php on line 173.
 1 SYSTEMPATH\CodeIgniter.php(466): CodeIgniter\Filters\Filters->run('usuarios/crear', 'before')
 2 SYSTEMPATH\CodeIgniter.php(353): CodeIgniter\CodeIgniter->handleRequest(null, Object(Config\Cache), false)
 3 FCPATH\index.php(79): CodeIgniter\CodeIgniter->run()
CRITICAL - 2024-11-05 01:07:41 --> Class "App\Filters\AdminFilter" not found
in SYSTEMPATH\Filters\Filters.php on line 173.
 1 SYSTEMPATH\CodeIgniter.php(466): CodeIgniter\Filters\Filters->run('usuarios/crear', 'before')
 2 SYSTEMPATH\CodeIgniter.php(353): CodeIgniter\CodeIgniter->handleRequest(null, Object(Config\Cache), false)
 3 FCPATH\index.php(79): CodeIgniter\CodeIgniter->run()
CRITICAL - 2024-11-05 01:07:41 --> Class "App\Filters\AdminFilter" not found
in SYSTEMPATH\Filters\Filters.php on line 173.
 1 SYSTEMPATH\CodeIgniter.php(466): CodeIgniter\Filters\Filters->run('usuarios/crear', 'before')
 2 SYSTEMPATH\CodeIgniter.php(353): CodeIgniter\CodeIgniter->handleRequest(null, Object(Config\Cache), false)
 3 FCPATH\index.php(79): CodeIgniter\CodeIgniter->run()
CRITICAL - 2024-11-05 01:07:42 --> Class "App\Filters\AdminFilter" not found
in SYSTEMPATH\Filters\Filters.php on line 173.
 1 SYSTEMPATH\CodeIgniter.php(466): CodeIgniter\Filters\Filters->run('usuarios/crear', 'before')
 2 SYSTEMPATH\CodeIgniter.php(353): CodeIgniter\CodeIgniter->handleRequest(null, Object(Config\Cache), false)
 3 FCPATH\index.php(79): CodeIgniter\CodeIgniter->run()
CRITICAL - 2024-11-05 01:07:42 --> Class "App\Filters\AdminFilter" not found
in SYSTEMPATH\Filters\Filters.php on line 173.
 1 SYSTEMPATH\CodeIgniter.php(466): CodeIgniter\Filters\Filters->run('usuarios/crear', 'before')
 2 SYSTEMPATH\CodeIgniter.php(353): CodeIgniter\CodeIgniter->handleRequest(null, Object(Config\Cache), false)
 3 FCPATH\index.php(79): CodeIgniter\CodeIgniter->run()
CRITICAL - 2024-11-05 01:11:24 --> Class "App\Filters\AdminFilter" not found
in SYSTEMPATH\Filters\Filters.php on line 173.
 1 SYSTEMPATH\CodeIgniter.php(466): CodeIgniter\Filters\Filters->run('usuarios/crear', 'before')
 2 SYSTEMPATH\CodeIgniter.php(353): CodeIgniter\CodeIgniter->handleRequest(null, Object(Config\Cache), false)
 3 FCPATH\index.php(79): CodeIgniter\CodeIgniter->run()
CRITICAL - 2024-11-05 01:13:15 --> Class "App\Filters\AdminFilter" not found
in SYSTEMPATH\Filters\Filters.php on line 173.
 1 SYSTEMPATH\CodeIgniter.php(466): CodeIgniter\Filters\Filters->run('usuarios/crear', 'before')
 2 SYSTEMPATH\CodeIgniter.php(353): CodeIgniter\CodeIgniter->handleRequest(null, Object(Config\Cache), false)
 3 FCPATH\index.php(79): CodeIgniter\CodeIgniter->run()
CRITICAL - 2024-11-05 01:13:16 --> Class "App\Filters\AdminFilter" not found
in SYSTEMPATH\Filters\Filters.php on line 173.
 1 SYSTEMPATH\CodeIgniter.php(466): CodeIgniter\Filters\Filters->run('usuarios/crear', 'before')
 2 SYSTEMPATH\CodeIgniter.php(353): CodeIgniter\CodeIgniter->handleRequest(null, Object(Config\Cache), false)
 3 FCPATH\index.php(79): CodeIgniter\CodeIgniter->run()
CRITICAL - 2024-11-05 01:13:17 --> Class "App\Filters\AdminFilter" not found
in SYSTEMPATH\Filters\Filters.php on line 173.
 1 SYSTEMPATH\CodeIgniter.php(466): CodeIgniter\Filters\Filters->run('usuarios/crear', 'before')
 2 SYSTEMPATH\CodeIgniter.php(353): CodeIgniter\CodeIgniter->handleRequest(null, Object(Config\Cache), false)
 3 FCPATH\index.php(79): CodeIgniter\CodeIgniter->run()
CRITICAL - 2024-11-05 01:13:17 --> Class "App\Filters\AdminFilter" not found
in SYSTEMPATH\Filters\Filters.php on line 173.
 1 SYSTEMPATH\CodeIgniter.php(466): CodeIgniter\Filters\Filters->run('usuarios/crear', 'before')
 2 SYSTEMPATH\CodeIgniter.php(353): CodeIgniter\CodeIgniter->handleRequest(null, Object(Config\Cache), false)
 3 FCPATH\index.php(79): CodeIgniter\CodeIgniter->run()
CRITICAL - 2024-11-05 01:13:18 --> Class "App\Filters\AdminFilter" not found
in SYSTEMPATH\Filters\Filters.php on line 173.
 1 SYSTEMPATH\CodeIgniter.php(466): CodeIgniter\Filters\Filters->run('usuarios/crear', 'before')
 2 SYSTEMPATH\CodeIgniter.php(353): CodeIgniter\CodeIgniter->handleRequest(null, Object(Config\Cache), false)
 3 FCPATH\index.php(79): CodeIgniter\CodeIgniter->run()
CRITICAL - 2024-11-05 01:13:34 --> Class "App\Filters\AdminFilter" not found
in SYSTEMPATH\Filters\Filters.php on line 173.
 1 SYSTEMPATH\CodeIgniter.php(466): CodeIgniter\Filters\Filters->run('usuarios', 'before')
 2 SYSTEMPATH\CodeIgniter.php(353): CodeIgniter\CodeIgniter->handleRequest(null, Object(Config\Cache), false)
 3 FCPATH\index.php(79): CodeIgniter\CodeIgniter->run()
CRITICAL - 2024-11-05 01:13:37 --> Class "App\Filters\AdminFilter" not found
in SYSTEMPATH\Filters\Filters.php on line 173.
 1 SYSTEMPATH\CodeIgniter.php(466): CodeIgniter\Filters\Filters->run('usuarios', 'before')
 2 SYSTEMPATH\CodeIgniter.php(353): CodeIgniter\CodeIgniter->handleRequest(null, Object(Config\Cache), false)
 3 FCPATH\index.php(79): CodeIgniter\CodeIgniter->run()
CRITICAL - 2024-11-05 01:14:38 --> Class "App\Filters\AdminFilter" not found
in SYSTEMPATH\Filters\Filters.php on line 173.
 1 SYSTEMPATH\CodeIgniter.php(466): CodeIgniter\Filters\Filters->run('usuarios/crear', 'before')
 2 SYSTEMPATH\CodeIgniter.php(353): CodeIgniter\CodeIgniter->handleRequest(null, Object(Config\Cache), false)
 3 FCPATH\index.php(79): CodeIgniter\CodeIgniter->run()
CRITICAL - 2024-11-05 01:14:40 --> Class "App\Filters\AdminFilter" not found
in SYSTEMPATH\Filters\Filters.php on line 173.
 1 SYSTEMPATH\CodeIgniter.php(466): CodeIgniter\Filters\Filters->run('usuarios/crear', 'before')
 2 SYSTEMPATH\CodeIgniter.php(353): CodeIgniter\CodeIgniter->handleRequest(null, Object(Config\Cache), false)
 3 FCPATH\index.php(79): CodeIgniter\CodeIgniter->run()
CRITICAL - 2024-11-05 01:14:41 --> Class "App\Filters\AdminFilter" not found
in SYSTEMPATH\Filters\Filters.php on line 173.
 1 SYSTEMPATH\CodeIgniter.php(466): CodeIgniter\Filters\Filters->run('usuarios/crear', 'before')
 2 SYSTEMPATH\CodeIgniter.php(353): CodeIgniter\CodeIgniter->handleRequest(null, Object(Config\Cache), false)
 3 FCPATH\index.php(79): CodeIgniter\CodeIgniter->run()
CRITICAL - 2024-11-05 01:22:23 --> Class "App\Filters\AdminFilter" not found
in SYSTEMPATH\Filters\Filters.php on line 173.
 1 SYSTEMPATH\CodeIgniter.php(466): CodeIgniter\Filters\Filters->run('usuarios/crear', 'before')
 2 SYSTEMPATH\CodeIgniter.php(353): CodeIgniter\CodeIgniter->handleRequest(null, Object(Config\Cache), false)
 3 FCPATH\index.php(79): CodeIgniter\CodeIgniter->run()
CRITICAL - 2024-11-05 01:22:24 --> Class "App\Filters\AdminFilter" not found
in SYSTEMPATH\Filters\Filters.php on line 173.
 1 SYSTEMPATH\CodeIgniter.php(466): CodeIgniter\Filters\Filters->run('usuarios/crear', 'before')
 2 SYSTEMPATH\CodeIgniter.php(353): CodeIgniter\CodeIgniter->handleRequest(null, Object(Config\Cache), false)
 3 FCPATH\index.php(79): CodeIgniter\CodeIgniter->run()
CRITICAL - 2024-11-05 01:22:37 --> Class "App\Filters\AdminFilter" not found
in SYSTEMPATH\Filters\Filters.php on line 173.
 1 SYSTEMPATH\CodeIgniter.php(466): CodeIgniter\Filters\Filters->run('usuarios/crear', 'before')
 2 SYSTEMPATH\CodeIgniter.php(353): CodeIgniter\CodeIgniter->handleRequest(null, Object(Config\Cache), false)
 3 FCPATH\index.php(79): CodeIgniter\CodeIgniter->run()
CRITICAL - 2024-11-05 01:34:51 --> Class "App\Filters\AdminFilter" not found
in SYSTEMPATH\Filters\Filters.php on line 173.
 1 SYSTEMPATH\CodeIgniter.php(466): CodeIgniter\Filters\Filters->run('usuarios/crear', 'before')
 2 SYSTEMPATH\CodeIgniter.php(353): CodeIgniter\CodeIgniter->handleRequest(null, Object(Config\Cache), false)
 3 FCPATH\index.php(79): CodeIgniter\CodeIgniter->run()
CRITICAL - 2024-11-05 01:35:53 --> Class "App\Filters\AdminFilter" not found
in SYSTEMPATH\Filters\Filters.php on line 173.
 1 SYSTEMPATH\CodeIgniter.php(466): CodeIgniter\Filters\Filters->run('usuarios/crear', 'before')
 2 SYSTEMPATH\CodeIgniter.php(353): CodeIgniter\CodeIgniter->handleRequest(null, Object(Config\Cache), false)
 3 FCPATH\index.php(79): CodeIgniter\CodeIgniter->run()
CRITICAL - 2024-11-05 01:35:54 --> Class "App\Filters\AdminFilter" not found
in SYSTEMPATH\Filters\Filters.php on line 173.
 1 SYSTEMPATH\CodeIgniter.php(466): CodeIgniter\Filters\Filters->run('usuarios/crear', 'before')
 2 SYSTEMPATH\CodeIgniter.php(353): CodeIgniter\CodeIgniter->handleRequest(null, Object(Config\Cache), false)
 3 FCPATH\index.php(79): CodeIgniter\CodeIgniter->run()
CRITICAL - 2024-11-05 01:35:55 --> Class "App\Filters\AdminFilter" not found
in SYSTEMPATH\Filters\Filters.php on line 173.
 1 SYSTEMPATH\CodeIgniter.php(466): CodeIgniter\Filters\Filters->run('usuarios/crear', 'before')
 2 SYSTEMPATH\CodeIgniter.php(353): CodeIgniter\CodeIgniter->handleRequest(null, Object(Config\Cache), false)
 3 FCPATH\index.php(79): CodeIgniter\CodeIgniter->run()
CRITICAL - 2024-11-05 01:36:02 --> Class "App\Filters\AdminFilter" not found
in SYSTEMPATH\Filters\Filters.php on line 173.
 1 SYSTEMPATH\CodeIgniter.php(466): CodeIgniter\Filters\Filters->run('usuarios/crear', 'before')
 2 SYSTEMPATH\CodeIgniter.php(353): CodeIgniter\CodeIgniter->handleRequest(null, Object(Config\Cache), false)
 3 FCPATH\index.php(79): CodeIgniter\CodeIgniter->run()
CRITICAL - 2024-11-05 01:36:02 --> Class "App\Filters\AdminFilter" not found
in SYSTEMPATH\Filters\Filters.php on line 173.
 1 SYSTEMPATH\CodeIgniter.php(466): CodeIgniter\Filters\Filters->run('usuarios/crear', 'before')
 2 SYSTEMPATH\CodeIgniter.php(353): CodeIgniter\CodeIgniter->handleRequest(null, Object(Config\Cache), false)
 3 FCPATH\index.php(79): CodeIgniter\CodeIgniter->run()
CRITICAL - 2024-11-05 01:36:03 --> Class "App\Filters\AdminFilter" not found
in SYSTEMPATH\Filters\Filters.php on line 173.
 1 SYSTEMPATH\CodeIgniter.php(466): CodeIgniter\Filters\Filters->run('usuarios/crear', 'before')
 2 SYSTEMPATH\CodeIgniter.php(353): CodeIgniter\CodeIgniter->handleRequest(null, Object(Config\Cache), false)
 3 FCPATH\index.php(79): CodeIgniter\CodeIgniter->run()
CRITICAL - 2024-11-05 01:36:04 --> Class "App\Filters\AdminFilter" not found
in SYSTEMPATH\Filters\Filters.php on line 173.
 1 SYSTEMPATH\CodeIgniter.php(466): CodeIgniter\Filters\Filters->run('usuarios/crear', 'before')
 2 SYSTEMPATH\CodeIgniter.php(353): CodeIgniter\CodeIgniter->handleRequest(null, Object(Config\Cache), false)
 3 FCPATH\index.php(79): CodeIgniter\CodeIgniter->run()
CRITICAL - 2024-11-05 01:36:37 --> Class "App\Filters\AdminFilter" not found
in SYSTEMPATH\Filters\Filters.php on line 173.
 1 SYSTEMPATH\CodeIgniter.php(466): CodeIgniter\Filters\Filters->run('usuarios/crear', 'before')
 2 SYSTEMPATH\CodeIgniter.php(353): CodeIgniter\CodeIgniter->handleRequest(null, Object(Config\Cache), false)
 3 FCPATH\index.php(79): CodeIgniter\CodeIgniter->run()
CRITICAL - 2024-11-05 01:41:11 --> Class "App\Filters\AdminFilter" not found
in SYSTEMPATH\Filters\Filters.php on line 173.
 1 SYSTEMPATH\CodeIgniter.php(466): CodeIgniter\Filters\Filters->run('usuarios/crear', 'before')
 2 SYSTEMPATH\CodeIgniter.php(353): CodeIgniter\CodeIgniter->handleRequest(null, Object(Config\Cache), false)
 3 FCPATH\index.php(79): CodeIgniter\CodeIgniter->run()
CRITICAL - 2024-11-05 01:41:12 --> Class "App\Filters\AdminFilter" not found
in SYSTEMPATH\Filters\Filters.php on line 173.
 1 SYSTEMPATH\CodeIgniter.php(466): CodeIgniter\Filters\Filters->run('usuarios/crear', 'before')
 2 SYSTEMPATH\CodeIgniter.php(353): CodeIgniter\CodeIgniter->handleRequest(null, Object(Config\Cache), false)
 3 FCPATH\index.php(79): CodeIgniter\CodeIgniter->run()
CRITICAL - 2024-11-05 01:41:12 --> Class "App\Filters\AdminFilter" not found
in SYSTEMPATH\Filters\Filters.php on line 173.
 1 SYSTEMPATH\CodeIgniter.php(466): CodeIgniter\Filters\Filters->run('usuarios/crear', 'before')
 2 SYSTEMPATH\CodeIgniter.php(353): CodeIgniter\CodeIgniter->handleRequest(null, Object(Config\Cache), false)
 3 FCPATH\index.php(79): CodeIgniter\CodeIgniter->run()
CRITICAL - 2024-11-05 01:41:13 --> Class "App\Filters\AdminFilter" not found
in SYSTEMPATH\Filters\Filters.php on line 173.
 1 SYSTEMPATH\CodeIgniter.php(466): CodeIgniter\Filters\Filters->run('usuarios/crear', 'before')
 2 SYSTEMPATH\CodeIgniter.php(353): CodeIgniter\CodeIgniter->handleRequest(null, Object(Config\Cache), false)
 3 FCPATH\index.php(79): CodeIgniter\CodeIgniter->run()
CRITICAL - 2024-11-05 01:48:21 --> Class "App\Filters\AdminFilter" not found
in SYSTEMPATH\Filters\Filters.php on line 173.
 1 SYSTEMPATH\CodeIgniter.php(466): CodeIgniter\Filters\Filters->run('usuarios/crear', 'before')
 2 SYSTEMPATH\CodeIgniter.php(353): CodeIgniter\CodeIgniter->handleRequest(null, Object(Config\Cache), false)
 3 FCPATH\index.php(79): CodeIgniter\CodeIgniter->run()
CRITICAL - 2024-11-05 01:52:12 --> Class "App\Filters\AdminFilter" not found
in SYSTEMPATH\Filters\Filters.php on line 173.
 1 SYSTEMPATH\CodeIgniter.php(466): CodeIgniter\Filters\Filters->run('usuarios/crear', 'before')
 2 SYSTEMPATH\CodeIgniter.php(353): CodeIgniter\CodeIgniter->handleRequest(null, Object(Config\Cache), false)
 3 FCPATH\index.php(79): CodeIgniter\CodeIgniter->run()
CRITICAL - 2024-11-05 01:53:00 --> Class "App\Filters\AdminFilter" not found
in SYSTEMPATH\Filters\Filters.php on line 173.
 1 SYSTEMPATH\CodeIgniter.php(466): CodeIgniter\Filters\Filters->run('usuarios/crear', 'before')
 2 SYSTEMPATH\CodeIgniter.php(353): CodeIgniter\CodeIgniter->handleRequest(null, Object(Config\Cache), false)
 3 FCPATH\index.php(79): CodeIgniter\CodeIgniter->run()
CRITICAL - 2024-11-05 01:53:01 --> Class "App\Filters\AdminFilter" not found
in SYSTEMPATH\Filters\Filters.php on line 173.
 1 SYSTEMPATH\CodeIgniter.php(466): CodeIgniter\Filters\Filters->run('usuarios/crear', 'before')
 2 SYSTEMPATH\CodeIgniter.php(353): CodeIgniter\CodeIgniter->handleRequest(null, Object(Config\Cache), false)
 3 FCPATH\index.php(79): CodeIgniter\CodeIgniter->run()
CRITICAL - 2024-11-05 01:53:07 --> Class "App\Filters\AdminFilter" not found
in SYSTEMPATH\Filters\Filters.php on line 173.
 1 SYSTEMPATH\CodeIgniter.php(466): CodeIgniter\Filters\Filters->run('usuarios/crear', 'before')
 2 SYSTEMPATH\CodeIgniter.php(353): CodeIgniter\CodeIgniter->handleRequest(null, Object(Config\Cache), false)
 3 FCPATH\index.php(79): CodeIgniter\CodeIgniter->run()
CRITICAL - 2024-11-05 01:53:07 --> Class "App\Filters\AdminFilter" not found
in SYSTEMPATH\Filters\Filters.php on line 173.
 1 SYSTEMPATH\CodeIgniter.php(466): CodeIgniter\Filters\Filters->run('usuarios/crear', 'before')
 2 SYSTEMPATH\CodeIgniter.php(353): CodeIgniter\CodeIgniter->handleRequest(null, Object(Config\Cache), false)
 3 FCPATH\index.php(79): CodeIgniter\CodeIgniter->run()
CRITICAL - 2024-11-05 01:53:25 --> Class "App\Filters\AdminFilter" not found
in SYSTEMPATH\Filters\Filters.php on line 173.
 1 SYSTEMPATH\CodeIgniter.php(466): CodeIgniter\Filters\Filters->run('usuarios/crear', 'before')
 2 SYSTEMPATH\CodeIgniter.php(353): CodeIgniter\CodeIgniter->handleRequest(null, Object(Config\Cache), false)
 3 FCPATH\index.php(79): CodeIgniter\CodeIgniter->run()
CRITICAL - 2024-11-05 01:53:26 --> Class "App\Filters\AdminFilter" not found
in SYSTEMPATH\Filters\Filters.php on line 173.
 1 SYSTEMPATH\CodeIgniter.php(466): CodeIgniter\Filters\Filters->run('usuarios/crear', 'before')
 2 SYSTEMPATH\CodeIgniter.php(353): CodeIgniter\CodeIgniter->handleRequest(null, Object(Config\Cache), false)
 3 FCPATH\index.php(79): CodeIgniter\CodeIgniter->run()
CRITICAL - 2024-11-05 01:53:26 --> Class "App\Filters\AdminFilter" not found
in SYSTEMPATH\Filters\Filters.php on line 173.
 1 SYSTEMPATH\CodeIgniter.php(466): CodeIgniter\Filters\Filters->run('usuarios/crear', 'before')
 2 SYSTEMPATH\CodeIgniter.php(353): CodeIgniter\CodeIgniter->handleRequest(null, Object(Config\Cache), false)
 3 FCPATH\index.php(79): CodeIgniter\CodeIgniter->run()
CRITICAL - 2024-11-05 01:53:36 --> Class "App\Filters\AdminFilter" not found
in SYSTEMPATH\Filters\Filters.php on line 173.
 1 SYSTEMPATH\CodeIgniter.php(466): CodeIgniter\Filters\Filters->run('usuarios/crear', 'before')
 2 SYSTEMPATH\CodeIgniter.php(353): CodeIgniter\CodeIgniter->handleRequest(null, Object(Config\Cache), false)
 3 FCPATH\index.php(79): CodeIgniter\CodeIgniter->run()
CRITICAL - 2024-11-05 01:53:39 --> Class "App\Filters\AdminFilter" not found
in SYSTEMPATH\Filters\Filters.php on line 173.
 1 SYSTEMPATH\CodeIgniter.php(466): CodeIgniter\Filters\Filters->run('usuarios/crear', 'before')
 2 SYSTEMPATH\CodeIgniter.php(353): CodeIgniter\CodeIgniter->handleRequest(null, Object(Config\Cache), false)
 3 FCPATH\index.php(79): CodeIgniter\CodeIgniter->run()
CRITICAL - 2024-11-05 01:53:40 --> Class "App\Filters\AdminFilter" not found
in SYSTEMPATH\Filters\Filters.php on line 173.
 1 SYSTEMPATH\CodeIgniter.php(466): CodeIgniter\Filters\Filters->run('usuarios/crear', 'before')
 2 SYSTEMPATH\CodeIgniter.php(353): CodeIgniter\CodeIgniter->handleRequest(null, Object(Config\Cache), false)
 3 FCPATH\index.php(79): CodeIgniter\CodeIgniter->run()
CRITICAL - 2024-11-05 01:53:43 --> Class "App\Filters\AdminFilter" not found
in SYSTEMPATH\Filters\Filters.php on line 173.
 1 SYSTEMPATH\CodeIgniter.php(466): CodeIgniter\Filters\Filters->run('usuarios/crear', 'before')
 2 SYSTEMPATH\CodeIgniter.php(353): CodeIgniter\CodeIgniter->handleRequest(null, Object(Config\Cache), false)
 3 FCPATH\index.php(79): CodeIgniter\CodeIgniter->run()
CRITICAL - 2024-11-05 01:55:07 --> Class "App\Filters\AdminFilter" not found
in SYSTEMPATH\Filters\Filters.php on line 173.
 1 SYSTEMPATH\CodeIgniter.php(466): CodeIgniter\Filters\Filters->run('usuarios/crear', 'before')
 2 SYSTEMPATH\CodeIgniter.php(353): CodeIgniter\CodeIgniter->handleRequest(null, Object(Config\Cache), false)
 3 FCPATH\index.php(79): CodeIgniter\CodeIgniter->run()
CRITICAL - 2024-11-05 01:55:07 --> Class "App\Filters\AdminFilter" not found
in SYSTEMPATH\Filters\Filters.php on line 173.
 1 SYSTEMPATH\CodeIgniter.php(466): CodeIgniter\Filters\Filters->run('usuarios/crear', 'before')
 2 SYSTEMPATH\CodeIgniter.php(353): CodeIgniter\CodeIgniter->handleRequest(null, Object(Config\Cache), false)
 3 FCPATH\index.php(79): CodeIgniter\CodeIgniter->run()
CRITICAL - 2024-11-05 01:55:12 --> Class "App\Filters\AdminFilter" not found
in SYSTEMPATH\Filters\Filters.php on line 173.
 1 SYSTEMPATH\CodeIgniter.php(466): CodeIgniter\Filters\Filters->run('usuarios/crear', 'before')
 2 SYSTEMPATH\CodeIgniter.php(353): CodeIgniter\CodeIgniter->handleRequest(null, Object(Config\Cache), false)
 3 FCPATH\index.php(79): CodeIgniter\CodeIgniter->run()
CRITICAL - 2024-11-05 01:55:16 --> Class "App\Filters\AdminFilter" not found
in SYSTEMPATH\Filters\Filters.php on line 173.
 1 SYSTEMPATH\CodeIgniter.php(466): CodeIgniter\Filters\Filters->run('usuarios/crear', 'before')
 2 SYSTEMPATH\CodeIgniter.php(353): CodeIgniter\CodeIgniter->handleRequest(null, Object(Config\Cache), false)
 3 FCPATH\index.php(79): CodeIgniter\CodeIgniter->run()
CRITICAL - 2024-11-05 01:55:21 --> Class "App\Filters\AdminFilter" not found
in SYSTEMPATH\Filters\Filters.php on line 173.
 1 SYSTEMPATH\CodeIgniter.php(466): CodeIgniter\Filters\Filters->run('usuarios/crear', 'before')
 2 SYSTEMPATH\CodeIgniter.php(353): CodeIgniter\CodeIgniter->handleRequest(null, Object(Config\Cache), false)
 3 FCPATH\index.php(79): CodeIgniter\CodeIgniter->run()
CRITICAL - 2024-11-05 01:55:26 --> Class "App\Filters\AdminFilter" not found
in SYSTEMPATH\Filters\Filters.php on line 173.
 1 SYSTEMPATH\CodeIgniter.php(466): CodeIgniter\Filters\Filters->run('usuarios/crear', 'before')
 2 SYSTEMPATH\CodeIgniter.php(353): CodeIgniter\CodeIgniter->handleRequest(null, Object(Config\Cache), false)
 3 FCPATH\index.php(79): CodeIgniter\CodeIgniter->run()
CRITICAL - 2024-11-05 01:55:30 --> Class "App\Filters\AdminFilter" not found
in SYSTEMPATH\Filters\Filters.php on line 173.
 1 SYSTEMPATH\CodeIgniter.php(466): CodeIgniter\Filters\Filters->run('usuarios/crear', 'before')
 2 SYSTEMPATH\CodeIgniter.php(353): CodeIgniter\CodeIgniter->handleRequest(null, Object(Config\Cache), false)
 3 FCPATH\index.php(79): CodeIgniter\CodeIgniter->run()
CRITICAL - 2024-11-05 02:05:03 --> Class "App\Filters\AdminFilter" not found
in SYSTEMPATH\Filters\Filters.php on line 173.
 1 SYSTEMPATH\CodeIgniter.php(466): CodeIgniter\Filters\Filters->run('usuarios/crear', 'before')
 2 SYSTEMPATH\CodeIgniter.php(353): CodeIgniter\CodeIgniter->handleRequest(null, Object(Config\Cache), false)
 3 FCPATH\index.php(79): CodeIgniter\CodeIgniter->run()
CRITICAL - 2024-11-05 02:05:03 --> Class "App\Filters\AdminFilter" not found
in SYSTEMPATH\Filters\Filters.php on line 173.
 1 SYSTEMPATH\CodeIgniter.php(466): CodeIgniter\Filters\Filters->run('usuarios/crear', 'before')
 2 SYSTEMPATH\CodeIgniter.php(353): CodeIgniter\CodeIgniter->handleRequest(null, Object(Config\Cache), false)
 3 FCPATH\index.php(79): CodeIgniter\CodeIgniter->run()
ERROR - 2024-11-05 03:51:28 --> mysqli_sql_exception: Column 'idCliente' cannot be null in C:\xampp\htdocs\code4\system\Database\MySQLi\Connection.php:306
Stack trace:
#0 C:\xampp\htdocs\code4\system\Database\MySQLi\Connection.php(306): mysqli->query('INSERT INTO `tr...', 0)
#1 C:\xampp\htdocs\code4\system\Database\BaseConnection.php(692): CodeIgniter\Database\MySQLi\Connection->execute('INSERT INTO `tr...')
#2 C:\xampp\htdocs\code4\system\Database\BaseConnection.php(606): CodeIgniter\Database\BaseConnection->simpleQuery('INSERT INTO `tr...')
#3 C:\xampp\htdocs\code4\system\Database\BaseBuilder.php(2308): CodeIgniter\Database\BaseConnection->query('INSERT INTO `tr...', Array, false)
#4 C:\xampp\htdocs\code4\system\Model.php(319): CodeIgniter\Database\BaseBuilder->insert()
#5 C:\xampp\htdocs\code4\system\BaseModel.php(788): CodeIgniter\Model->doInsert(Array)
#6 C:\xampp\htdocs\code4\system\Model.php(715): CodeIgniter\BaseModel->insert(Array, true)
#7 C:\xampp\htdocs\code4\app\Controllers\TrajeFemeninos.php(78): CodeIgniter\Model->insert(Array)
#8 C:\xampp\htdocs\code4\system\CodeIgniter.php(919): App\Controllers\TrajeFemeninos->guardartrajeFemenino()
#9 C:\xampp\htdocs\code4\system\CodeIgniter.php(494): CodeIgniter\CodeIgniter->runController(Object(App\Controllers\TrajeFemeninos))
#10 C:\xampp\htdocs\code4\system\CodeIgniter.php(353): CodeIgniter\CodeIgniter->handleRequest(NULL, Object(Config\Cache), false)
#11 C:\xampp\htdocs\code4\public\index.php(79): CodeIgniter\CodeIgniter->run()
#12 {main}
CRITICAL - 2024-11-05 03:51:28 --> Column 'idCliente' cannot be null
in SYSTEMPATH\Database\BaseConnection.php on line 646.
 1 SYSTEMPATH\Database\BaseBuilder.php(2308): CodeIgniter\Database\BaseConnection->query('INSERT INTO `traje_femenino` (`idCliente`, `talle`, `largo`, `hombro`, `ancho`, `pecho`, `cintura`, `cadera`, `largoManga`) VALUES (:idCliente:, :talle:, :largo:, :hombro:, :ancho:, :pecho:, :cintura:, :cadera:, :largoManga:)', [...], false)
 2 SYSTEMPATH\Model.php(319): CodeIgniter\Database\BaseBuilder->insert()
 3 SYSTEMPATH\BaseModel.php(788): CodeIgniter\Model->doInsert([...])
 4 SYSTEMPATH\Model.php(715): CodeIgniter\BaseModel->insert([...], true)
 5 APPPATH\Controllers\TrajeFemeninos.php(78): CodeIgniter\Model->insert([...])
 6 SYSTEMPATH\CodeIgniter.php(919): App\Controllers\TrajeFemeninos->guardartrajeFemenino()
 7 SYSTEMPATH\CodeIgniter.php(494): CodeIgniter\CodeIgniter->runController(Object(App\Controllers\TrajeFemeninos))
 8 SYSTEMPATH\CodeIgniter.php(353): CodeIgniter\CodeIgniter->handleRequest(null, Object(Config\Cache), false)
 9 FCPATH\index.php(79): CodeIgniter\CodeIgniter->run()
ERROR - 2024-11-05 03:52:58 --> mysqli_sql_exception: Duplicate entry '3' for key 'pantalon.PRIMARY' in C:\xampp\htdocs\code4\system\Database\MySQLi\Connection.php:306
Stack trace:
#0 C:\xampp\htdocs\code4\system\Database\MySQLi\Connection.php(306): mysqli->query('INSERT INTO `pa...', 0)
#1 C:\xampp\htdocs\code4\system\Database\BaseConnection.php(692): CodeIgniter\Database\MySQLi\Connection->execute('INSERT INTO `pa...')
#2 C:\xampp\htdocs\code4\system\Database\BaseConnection.php(606): CodeIgniter\Database\BaseConnection->simpleQuery('INSERT INTO `pa...')
#3 C:\xampp\htdocs\code4\system\Database\BaseBuilder.php(2308): CodeIgniter\Database\BaseConnection->query('INSERT INTO `pa...', Array, false)
#4 C:\xampp\htdocs\code4\system\Model.php(319): CodeIgniter\Database\BaseBuilder->insert()
#5 C:\xampp\htdocs\code4\system\BaseModel.php(788): CodeIgniter\Model->doInsert(Array)
#6 C:\xampp\htdocs\code4\system\Model.php(715): CodeIgniter\BaseModel->insert(Array, true)
#7 C:\xampp\htdocs\code4\app\Controllers\Pantalons.php(74): CodeIgniter\Model->insert(Array)
#8 C:\xampp\htdocs\code4\system\CodeIgniter.php(919): App\Controllers\Pantalons->guardarPantalon()
#9 C:\xampp\htdocs\code4\system\CodeIgniter.php(494): CodeIgniter\CodeIgniter->runController(Object(App\Controllers\Pantalons))
#10 C:\xampp\htdocs\code4\system\CodeIgniter.php(353): CodeIgniter\CodeIgniter->handleRequest(NULL, Object(Config\Cache), false)
#11 C:\xampp\htdocs\code4\public\index.php(79): CodeIgniter\CodeIgniter->run()
#12 {main}
CRITICAL - 2024-11-05 03:52:58 --> Duplicate entry '3' for key 'pantalon.PRIMARY'
in SYSTEMPATH\Database\BaseConnection.php on line 646.
 1 SYSTEMPATH\Database\BaseBuilder.php(2308): CodeIgniter\Database\BaseConnection->query('INSERT INTO `pantalon` (`idCliente`, `largo`, `entrepierna`, `cintura`, `cadera`, `pierna`, `rodilla`, `bota`) VALUES (:idCliente:, :largo:, :entrepierna:, :cintura:, :cadera:, :pierna:, :rodilla:, :bota:)', [...], false)
 2 SYSTEMPATH\Model.php(319): CodeIgniter\Database\BaseBuilder->insert()
 3 SYSTEMPATH\BaseModel.php(788): CodeIgniter\Model->doInsert([...])
 4 SYSTEMPATH\Model.php(715): CodeIgniter\BaseModel->insert([...], true)
 5 APPPATH\Controllers\Pantalons.php(74): CodeIgniter\Model->insert([...])
 6 SYSTEMPATH\CodeIgniter.php(919): App\Controllers\Pantalons->guardarPantalon()
 7 SYSTEMPATH\CodeIgniter.php(494): CodeIgniter\CodeIgniter->runController(Object(App\Controllers\Pantalons))
 8 SYSTEMPATH\CodeIgniter.php(353): CodeIgniter\CodeIgniter->handleRequest(null, Object(Config\Cache), false)
 9 FCPATH\index.php(79): CodeIgniter\CodeIgniter->run()
CRITICAL - 2024-11-05 04:52:02 --> Trying to access array offset on value of type null
in APPPATH\Views\bddclientes\editar.php on line 21.
 1 APPPATH\Views\bddclientes\editar.php(21): CodeIgniter\Debug\Exceptions->errorHandler(2, 'Trying to access array offset on value of type null', 'C:\\xampp\\htdocs\\code4\\app\\Views\\bddclientes\\editar.php', 21)
 2 SYSTEMPATH\View\View.php(226): include('C:\\xampp\\htdocs\\code4\\app\\Views\\bddclientes\\editar.php')
 3 SYSTEMPATH\View\View.php(229): CodeIgniter\View\View->CodeIgniter\View\{closure}()
 4 SYSTEMPATH\Common.php(1188): CodeIgniter\View\View->render('bddclientes/editar', [], true)
 5 APPPATH\Controllers\Clientes.php(143): view('bddclientes/editar', [...])
 6 SYSTEMPATH\CodeIgniter.php(919): App\Controllers\Clientes->editar('10')
 7 SYSTEMPATH\CodeIgniter.php(494): CodeIgniter\CodeIgniter->runController(Object(App\Controllers\Clientes))
 8 SYSTEMPATH\CodeIgniter.php(353): CodeIgniter\CodeIgniter->handleRequest(null, Object(Config\Cache), false)
 9 FCPATH\index.php(79): CodeIgniter\CodeIgniter->run()
CRITICAL - 2024-11-05 04:52:26 --> Trying to access array offset on value of type null
in APPPATH\Views\bddclientes\editar.php on line 21.
 1 APPPATH\Views\bddclientes\editar.php(21): CodeIgniter\Debug\Exceptions->errorHandler(2, 'Trying to access array offset on value of type null', 'C:\\xampp\\htdocs\\code4\\app\\Views\\bddclientes\\editar.php', 21)
 2 SYSTEMPATH\View\View.php(226): include('C:\\xampp\\htdocs\\code4\\app\\Views\\bddclientes\\editar.php')
 3 SYSTEMPATH\View\View.php(229): CodeIgniter\View\View->CodeIgniter\View\{closure}()
 4 SYSTEMPATH\Common.php(1188): CodeIgniter\View\View->render('bddclientes/editar', [], true)
 5 APPPATH\Controllers\Clientes.php(143): view('bddclientes/editar', [...])
 6 SYSTEMPATH\CodeIgniter.php(919): App\Controllers\Clientes->editar('10')
 7 SYSTEMPATH\CodeIgniter.php(494): CodeIgniter\CodeIgniter->runController(Object(App\Controllers\Clientes))
 8 SYSTEMPATH\CodeIgniter.php(353): CodeIgniter\CodeIgniter->handleRequest(null, Object(Config\Cache), false)
 9 FCPATH\index.php(79): CodeIgniter\CodeIgniter->run()
CRITICAL - 2024-11-05 04:52:35 --> Trying to access array offset on value of type null
in APPPATH\Views\bddclientes\editar.php on line 21.
 1 APPPATH\Views\bddclientes\editar.php(21): CodeIgniter\Debug\Exceptions->errorHandler(2, 'Trying to access array offset on value of type null', 'C:\\xampp\\htdocs\\code4\\app\\Views\\bddclientes\\editar.php', 21)
 2 SYSTEMPATH\View\View.php(226): include('C:\\xampp\\htdocs\\code4\\app\\Views\\bddclientes\\editar.php')
 3 SYSTEMPATH\View\View.php(229): CodeIgniter\View\View->CodeIgniter\View\{closure}()
 4 SYSTEMPATH\Common.php(1188): CodeIgniter\View\View->render('bddclientes/editar', [], true)
 5 APPPATH\Controllers\Clientes.php(143): view('bddclientes/editar', [...])
 6 SYSTEMPATH\CodeIgniter.php(919): App\Controllers\Clientes->editar('10')
 7 SYSTEMPATH\CodeIgniter.php(494): CodeIgniter\CodeIgniter->runController(Object(App\Controllers\Clientes))
 8 SYSTEMPATH\CodeIgniter.php(353): CodeIgniter\CodeIgniter->handleRequest(null, Object(Config\Cache), false)
 9 FCPATH\index.php(79): CodeIgniter\CodeIgniter->run()
CRITICAL - 2024-11-05 05:47:38 --> Undefined variable $telas
in APPPATH\Views\sastreria\traje.html on line 16.
 1 APPPATH\Views\sastreria\traje.html(16): CodeIgniter\Debug\Exceptions->errorHandler(2, 'Undefined variable $telas', 'C:\\xampp\\htdocs\\code4\\app\\Views\\sastreria\\traje.html', 16)
 2 SYSTEMPATH\View\View.php(226): include('C:\\xampp\\htdocs\\code4\\app\\Views\\sastreria\\traje.html')
 3 SYSTEMPATH\View\View.php(229): CodeIgniter\View\View->CodeIgniter\View\{closure}()
 4 SYSTEMPATH\Common.php(1188): CodeIgniter\View\View->render('sastreria/traje.html', [], true)
 5 APPPATH\Controllers\Clientes.php(224): view('sastreria/traje.html')
 6 SYSTEMPATH\CodeIgniter.php(919): App\Controllers\Clientes->traje()
 7 SYSTEMPATH\CodeIgniter.php(494): CodeIgniter\CodeIgniter->runController(Object(App\Controllers\Clientes))
 8 SYSTEMPATH\CodeIgniter.php(353): CodeIgniter\CodeIgniter->handleRequest(null, Object(Config\Cache), false)
 9 FCPATH\index.php(79): CodeIgniter\CodeIgniter->run()
CRITICAL - 2024-11-05 05:51:51 --> Invalid file: "sastreria/traje.html"
in SYSTEMPATH\Exceptions\FrameworkException.php on line 39.
 1 SYSTEMPATH\View\View.php(214): CodeIgniter\Exceptions\FrameworkException::forInvalidFile('sastreria/traje.html')
 2 SYSTEMPATH\Common.php(1188): CodeIgniter\View\View->render('sastreria/traje.html', [], true)
 3 APPPATH\Controllers\Clientes.php(224): view('sastreria/traje.html')
 4 SYSTEMPATH\CodeIgniter.php(919): App\Controllers\Clientes->traje()
 5 SYSTEMPATH\CodeIgniter.php(494): CodeIgniter\CodeIgniter->runController(Object(App\Controllers\Clientes))
 6 SYSTEMPATH\CodeIgniter.php(353): CodeIgniter\CodeIgniter->handleRequest(null, Object(Config\Cache), false)
 7 FCPATH\index.php(79): CodeIgniter\CodeIgniter->run()
CRITICAL - 2024-11-05 05:51:52 --> Invalid file: "sastreria/traje.html"
in SYSTEMPATH\Exceptions\FrameworkException.php on line 39.
 1 SYSTEMPATH\View\View.php(214): CodeIgniter\Exceptions\FrameworkException::forInvalidFile('sastreria/traje.html')
 2 SYSTEMPATH\Common.php(1188): CodeIgniter\View\View->render('sastreria/traje.html', [], true)
 3 APPPATH\Controllers\Clientes.php(224): view('sastreria/traje.html')
 4 SYSTEMPATH\CodeIgniter.php(919): App\Controllers\Clientes->traje()
 5 SYSTEMPATH\CodeIgniter.php(494): CodeIgniter\CodeIgniter->runController(Object(App\Controllers\Clientes))
 6 SYSTEMPATH\CodeIgniter.php(353): CodeIgniter\CodeIgniter->handleRequest(null, Object(Config\Cache), false)
 7 FCPATH\index.php(79): CodeIgniter\CodeIgniter->run()
CRITICAL - 2024-11-05 06:04:34 --> Invalid file: "sastreria/telaTraje.php"
in SYSTEMPATH\Exceptions\FrameworkException.php on line 39.
 1 SYSTEMPATH\View\View.php(214): CodeIgniter\Exceptions\FrameworkException::forInvalidFile('sastreria/telaTraje.php')
 2 SYSTEMPATH\Common.php(1188): CodeIgniter\View\View->render('sastreria/telaTraje', [], true)
 3 APPPATH\Controllers\Telas.php(196): view('sastreria/telaTraje', [...])
 4 SYSTEMPATH\CodeIgniter.php(919): App\Controllers\Telas->mostrarTelaTraje()
 5 SYSTEMPATH\CodeIgniter.php(494): CodeIgniter\CodeIgniter->runController(Object(App\Controllers\Telas))
 6 SYSTEMPATH\CodeIgniter.php(353): CodeIgniter\CodeIgniter->handleRequest(null, Object(Config\Cache), false)
 7 FCPATH\index.php(79): CodeIgniter\CodeIgniter->run()
ERROR - 2024-11-05 16:04:01 --> mysqli_sql_exception: Cannot add or update a child row: a foreign key constraint fails (`bddsastreria`.`reserva`, CONSTRAINT `fk_reserva_tela1` FOREIGN KEY (`idTela`, `idUsuario`) REFERENCES `tela` (`id`, `idUsuario`)) in C:\xampp\htdocs\code4\system\Database\MySQLi\Connection.php:306
Stack trace:
#0 C:\xampp\htdocs\code4\system\Database\MySQLi\Connection.php(306): mysqli->query('INSERT INTO `re...', 0)
#1 C:\xampp\htdocs\code4\system\Database\BaseConnection.php(692): CodeIgniter\Database\MySQLi\Connection->execute('INSERT INTO `re...')
#2 C:\xampp\htdocs\code4\system\Database\BaseConnection.php(606): CodeIgniter\Database\BaseConnection->simpleQuery('INSERT INTO `re...')
#3 C:\xampp\htdocs\code4\system\Database\BaseBuilder.php(2308): CodeIgniter\Database\BaseConnection->query('INSERT INTO `re...', Array, false)
#4 C:\xampp\htdocs\code4\system\Model.php(319): CodeIgniter\Database\BaseBuilder->insert()
#5 C:\xampp\htdocs\code4\system\BaseModel.php(788): CodeIgniter\Model->doInsert(Array)
#6 C:\xampp\htdocs\code4\system\Model.php(715): CodeIgniter\BaseModel->insert(Array, true)
#7 C:\xampp\htdocs\code4\app\Controllers\Reservas.php(74): CodeIgniter\Model->insert(Array)
#8 C:\xampp\htdocs\code4\system\CodeIgniter.php(919): App\Controllers\Reservas->guardarReserva()
#9 C:\xampp\htdocs\code4\system\CodeIgniter.php(494): CodeIgniter\CodeIgniter->runController(Object(App\Controllers\Reservas))
#10 C:\xampp\htdocs\code4\system\CodeIgniter.php(353): CodeIgniter\CodeIgniter->handleRequest(NULL, Object(Config\Cache), false)
#11 C:\xampp\htdocs\code4\public\index.php(79): CodeIgniter\CodeIgniter->run()
#12 {main}
CRITICAL - 2024-11-05 16:04:01 --> Cannot add or update a child row: a foreign key constraint fails (`bddsastreria`.`reserva`, CONSTRAINT `fk_reserva_tela1` FOREIGN KEY (`idTela`, `idUsuario`) REFERENCES `tela` (`id`, `idUsuario`))
in SYSTEMPATH\Database\BaseConnection.php on line 646.
 1 SYSTEMPATH\Database\BaseBuilder.php(2308): CodeIgniter\Database\BaseConnection->query('INSERT INTO `reserva` (`fechaReserva`, `idUsuario`, `idTela`) VALUES (:fechaReserva:, :idUsuario:, :idTela:)', [...], false)
 2 SYSTEMPATH\Model.php(319): CodeIgniter\Database\BaseBuilder->insert()
 3 SYSTEMPATH\BaseModel.php(788): CodeIgniter\Model->doInsert([...])
 4 SYSTEMPATH\Model.php(715): CodeIgniter\BaseModel->insert([...], true)
 5 APPPATH\Controllers\Reservas.php(74): CodeIgniter\Model->insert([...])
 6 SYSTEMPATH\CodeIgniter.php(919): App\Controllers\Reservas->guardarReserva()
 7 SYSTEMPATH\CodeIgniter.php(494): CodeIgniter\CodeIgniter->runController(Object(App\Controllers\Reservas))
 8 SYSTEMPATH\CodeIgniter.php(353): CodeIgniter\CodeIgniter->handleRequest(null, Object(Config\Cache), false)
 9 FCPATH\index.php(79): CodeIgniter\CodeIgniter->run()
CRITICAL - 2024-11-05 16:07:25 --> Invalid file: "reservaCliente/listarReservas.php"
in SYSTEMPATH\Exceptions\FrameworkException.php on line 39.
 1 SYSTEMPATH\View\View.php(214): CodeIgniter\Exceptions\FrameworkException::forInvalidFile('reservaCliente/listarReservas.php')
 2 SYSTEMPATH\Common.php(1188): CodeIgniter\View\View->render('reservaCliente/listarReservas', [], true)
 3 APPPATH\Controllers\Reservas.php(98): view('reservaCliente/listarReservas', [...])
 4 SYSTEMPATH\CodeIgniter.php(919): App\Controllers\Reservas->listarReservas()
 5 SYSTEMPATH\CodeIgniter.php(494): CodeIgniter\CodeIgniter->runController(Object(App\Controllers\Reservas))
 6 SYSTEMPATH\CodeIgniter.php(353): CodeIgniter\CodeIgniter->handleRequest(null, Object(Config\Cache), false)
 7 FCPATH\index.php(79): CodeIgniter\CodeIgniter->run()
CRITICAL - 2024-11-05 16:08:53 --> Invalid file: "reservaCliente/listarReservas.php"
in SYSTEMPATH\Exceptions\FrameworkException.php on line 39.
 1 SYSTEMPATH\View\View.php(214): CodeIgniter\Exceptions\FrameworkException::forInvalidFile('reservaCliente/listarReservas.php')
 2 SYSTEMPATH\Common.php(1188): CodeIgniter\View\View->render('reservaCliente/listarReservas', [], true)
 3 APPPATH\Controllers\Reservas.php(98): view('reservaCliente/listarReservas', [...])
 4 SYSTEMPATH\CodeIgniter.php(919): App\Controllers\Reservas->listarReservas()
 5 SYSTEMPATH\CodeIgniter.php(494): CodeIgniter\CodeIgniter->runController(Object(App\Controllers\Reservas))
 6 SYSTEMPATH\CodeIgniter.php(353): CodeIgniter\CodeIgniter->handleRequest(null, Object(Config\Cache), false)
 7 FCPATH\index.php(79): CodeIgniter\CodeIgniter->run()
CRITICAL - 2024-11-05 16:14:10 --> Undefined property: App\Controllers\Auth::$reservaModel
in APPPATH\Controllers\Auth.php on line 169.
 1 APPPATH\Controllers\Auth.php(169): CodeIgniter\Debug\Exceptions->errorHandler(2, 'Undefined property: App\\Controllers\\Auth::$reservaModel', 'C:\\xampp\\htdocs\\code4\\app\\Controllers\\Auth.php', 169)
 2 SYSTEMPATH\CodeIgniter.php(919): App\Controllers\Auth->miCuenta()
 3 SYSTEMPATH\CodeIgniter.php(494): CodeIgniter\CodeIgniter->runController(Object(App\Controllers\Auth))
 4 SYSTEMPATH\CodeIgniter.php(353): CodeIgniter\CodeIgniter->handleRequest(null, Object(Config\Cache), false)
 5 FCPATH\index.php(79): CodeIgniter\CodeIgniter->run()
CRITICAL - 2024-11-05 16:15:49 --> Call to a member function where() on null
in APPPATH\Controllers\Auth.php on line 170.
 1 SYSTEMPATH\CodeIgniter.php(919): App\Controllers\Auth->miCuenta()
 2 SYSTEMPATH\CodeIgniter.php(494): CodeIgniter\CodeIgniter->runController(Object(App\Controllers\Auth))
 3 SYSTEMPATH\CodeIgniter.php(353): CodeIgniter\CodeIgniter->handleRequest(null, Object(Config\Cache), false)
 4 FCPATH\index.php(79): CodeIgniter\CodeIgniter->run()
CRITICAL - 2024-11-05 16:17:01 --> Invalid file: "reservaCliente/listarReservas.php"
in SYSTEMPATH\Exceptions\FrameworkException.php on line 39.
 1 SYSTEMPATH\View\View.php(214): CodeIgniter\Exceptions\FrameworkException::forInvalidFile('reservaCliente/listarReservas.php')
 2 SYSTEMPATH\Common.php(1188): CodeIgniter\View\View->render('reservaCliente/listarReservas', [], true)
 3 APPPATH\Controllers\Reservas.php(98): view('reservaCliente/listarReservas', [...])
 4 SYSTEMPATH\CodeIgniter.php(919): App\Controllers\Reservas->listarReservas()
 5 SYSTEMPATH\CodeIgniter.php(494): CodeIgniter\CodeIgniter->runController(Object(App\Controllers\Reservas))
 6 SYSTEMPATH\CodeIgniter.php(353): CodeIgniter\CodeIgniter->handleRequest(null, Object(Config\Cache), false)
 7 FCPATH\index.php(79): CodeIgniter\CodeIgniter->run()
CRITICAL - 2024-11-05 16:21:11 --> Undefined array key "idTela"
in APPPATH\Views\loginUsuario\miCuenta.php on line 135.
 1 APPPATH\Views\loginUsuario\miCuenta.php(135): CodeIgniter\Debug\Exceptions->errorHandler(2, 'Undefined array key "idTela"', 'C:\\xampp\\htdocs\\code4\\app\\Views\\loginUsuario\\miCuenta.php', 135)
 2 SYSTEMPATH\View\View.php(226): include('C:\\xampp\\htdocs\\code4\\app\\Views\\loginUsuario\\miCuenta.php')
 3 SYSTEMPATH\View\View.php(229): CodeIgniter\View\View->CodeIgniter\View\{closure}()
 4 SYSTEMPATH\Common.php(1188): CodeIgniter\View\View->render('loginUsuario/miCuenta', [], true)
 5 APPPATH\Controllers\Auth.php(176): view('loginUsuario/miCuenta', [...])
 6 SYSTEMPATH\CodeIgniter.php(919): App\Controllers\Auth->miCuenta()
 7 SYSTEMPATH\CodeIgniter.php(494): CodeIgniter\CodeIgniter->runController(Object(App\Controllers\Auth))
 8 SYSTEMPATH\CodeIgniter.php(353): CodeIgniter\CodeIgniter->handleRequest(null, Object(Config\Cache), false)
 9 FCPATH\index.php(79): CodeIgniter\CodeIgniter->run()
ERROR - 2024-11-05 16:32:57 --> Credenciales inválidas para el usuario: spledidblood@gmail.com
CRITICAL - 2024-11-05 16:38:31 --> Undefined variable $tela
in APPPATH\Views\loginUsuario\miCuenta.php on line 166.
 1 APPPATH\Views\loginUsuario\miCuenta.php(166): CodeIgniter\Debug\Exceptions->errorHandler(2, 'Undefined variable $tela', 'C:\\xampp\\htdocs\\code4\\app\\Views\\loginUsuario\\miCuenta.php', 166)
 2 SYSTEMPATH\View\View.php(226): include('C:\\xampp\\htdocs\\code4\\app\\Views\\loginUsuario\\miCuenta.php')
 3 SYSTEMPATH\View\View.php(229): CodeIgniter\View\View->CodeIgniter\View\{closure}()
 4 SYSTEMPATH\Common.php(1188): CodeIgniter\View\View->render('loginUsuario/miCuenta', [], true)
 5 APPPATH\Controllers\Auth.php(176): view('loginUsuario/miCuenta', [...])
 6 SYSTEMPATH\CodeIgniter.php(919): App\Controllers\Auth->miCuenta()
 7 SYSTEMPATH\CodeIgniter.php(494): CodeIgniter\CodeIgniter->runController(Object(App\Controllers\Auth))
 8 SYSTEMPATH\CodeIgniter.php(353): CodeIgniter\CodeIgniter->handleRequest(null, Object(Config\Cache), false)
 9 FCPATH\index.php(79): CodeIgniter\CodeIgniter->run()
CRITICAL - 2024-11-05 16:40:49 --> Undefined array key "estado"
in APPPATH\Views\loginUsuario\miCuenta.php on line 136.
 1 APPPATH\Views\loginUsuario\miCuenta.php(136): CodeIgniter\Debug\Exceptions->errorHandler(2, 'Undefined array key "estado"', 'C:\\xampp\\htdocs\\code4\\app\\Views\\loginUsuario\\miCuenta.php', 136)
 2 SYSTEMPATH\View\View.php(226): include('C:\\xampp\\htdocs\\code4\\app\\Views\\loginUsuario\\miCuenta.php')
 3 SYSTEMPATH\View\View.php(229): CodeIgniter\View\View->CodeIgniter\View\{closure}()
 4 SYSTEMPATH\Common.php(1188): CodeIgniter\View\View->render('loginUsuario/miCuenta', [], true)
 5 APPPATH\Controllers\Auth.php(176): view('loginUsuario/miCuenta', [...])
 6 SYSTEMPATH\CodeIgniter.php(919): App\Controllers\Auth->miCuenta()
 7 SYSTEMPATH\CodeIgniter.php(494): CodeIgniter\CodeIgniter->runController(Object(App\Controllers\Auth))
 8 SYSTEMPATH\CodeIgniter.php(353): CodeIgniter\CodeIgniter->handleRequest(null, Object(Config\Cache), false)
 9 FCPATH\index.php(79): CodeIgniter\CodeIgniter->run()
ERROR - 2024-11-05 16:47:08 --> Credenciales inválidas para el usuario: spledidblood@gmail.com
ERROR - 2024-11-05 16:47:24 --> Credenciales inválidas para el usuario: spledidblood@gmail.com
ERROR - 2024-11-05 16:47:28 --> Credenciales inválidas para el usuario: spledidblood@gmail.com
ERROR - 2024-11-05 16:47:41 --> Credenciales inválidas para el usuario: spledidblood@gmail.com
CRITICAL - 2024-11-05 16:57:23 --> Invalid file: "reservaCliente/mostrarTelaYTraje.php"
in SYSTEMPATH\Exceptions\FrameworkException.php on line 39.
 1 SYSTEMPATH\View\View.php(214): CodeIgniter\Exceptions\FrameworkException::forInvalidFile('reservaCliente/mostrarTelaYTraje.php')
 2 SYSTEMPATH\Common.php(1188): CodeIgniter\View\View->render('reservaCliente/mostrarTelaYTraje', [], true)
 3 APPPATH\Controllers\Reservas.php(48): view('reservaCliente/mostrarTelaYTraje', [...])
 4 SYSTEMPATH\CodeIgniter.php(919): App\Controllers\Reservas->seleccionarTela('13')
 5 SYSTEMPATH\CodeIgniter.php(494): CodeIgniter\CodeIgniter->runController(Object(App\Controllers\Reservas))
 6 SYSTEMPATH\CodeIgniter.php(353): CodeIgniter\CodeIgniter->handleRequest(null, Object(Config\Cache), false)
 7 FCPATH\index.php(79): CodeIgniter\CodeIgniter->run()
CRITICAL - 2024-11-05 16:58:34 --> Invalid file: "reservaCliente/mostrarTelaYTraje.php"
in SYSTEMPATH\Exceptions\FrameworkException.php on line 39.
 1 SYSTEMPATH\View\View.php(214): CodeIgniter\Exceptions\FrameworkException::forInvalidFile('reservaCliente/mostrarTelaYTraje.php')
 2 SYSTEMPATH\Common.php(1188): CodeIgniter\View\View->render('reservaCliente/mostrarTelaYTraje', [], true)
 3 APPPATH\Controllers\Reservas.php(48): view('reservaCliente/mostrarTelaYTraje', [...])
 4 SYSTEMPATH\CodeIgniter.php(919): App\Controllers\Reservas->seleccionarTela('13')
 5 SYSTEMPATH\CodeIgniter.php(494): CodeIgniter\CodeIgniter->runController(Object(App\Controllers\Reservas))
 6 SYSTEMPATH\CodeIgniter.php(353): CodeIgniter\CodeIgniter->handleRequest(null, Object(Config\Cache), false)
 7 FCPATH\index.php(79): CodeIgniter\CodeIgniter->run()
ERROR - 2024-11-05 17:02:22 --> mysqli_sql_exception: Unknown column 'estado' in 'where clause' in C:\xampp\htdocs\code4\system\Database\MySQLi\Connection.php:306
Stack trace:
#0 C:\xampp\htdocs\code4\system\Database\MySQLi\Connection.php(306): mysqli->query('SELECT *\nFROM `...', 0)
#1 C:\xampp\htdocs\code4\system\Database\BaseConnection.php(692): CodeIgniter\Database\MySQLi\Connection->execute('SELECT *\nFROM `...')
#2 C:\xampp\htdocs\code4\system\Database\BaseConnection.php(606): CodeIgniter\Database\BaseConnection->simpleQuery('SELECT *\nFROM `...')
#3 C:\xampp\htdocs\code4\system\Database\BaseBuilder.php(1615): CodeIgniter\Database\BaseConnection->query('SELECT *\nFROM `...', Array, false)
#4 C:\xampp\htdocs\code4\system\Model.php(264): CodeIgniter\Database\BaseBuilder->get()
#5 C:\xampp\htdocs\code4\system\BaseModel.php(662): CodeIgniter\Model->doFirst()
#6 C:\xampp\htdocs\code4\app\Controllers\Reservas.php(36): CodeIgniter\BaseModel->first()
#7 C:\xampp\htdocs\code4\system\CodeIgniter.php(919): App\Controllers\Reservas->seleccionarTela('13')
#8 C:\xampp\htdocs\code4\system\CodeIgniter.php(494): CodeIgniter\CodeIgniter->runController(Object(App\Controllers\Reservas))
#9 C:\xampp\htdocs\code4\system\CodeIgniter.php(353): CodeIgniter\CodeIgniter->handleRequest(NULL, Object(Config\Cache), false)
#10 C:\xampp\htdocs\code4\public\index.php(79): CodeIgniter\CodeIgniter->run()
#11 {main}
CRITICAL - 2024-11-05 17:02:23 --> Unknown column 'estado' in 'where clause'
in SYSTEMPATH\Database\BaseConnection.php on line 646.
 1 SYSTEMPATH\Database\BaseBuilder.php(1615): CodeIgniter\Database\BaseConnection->query('SELECT *
FROM `reserva`
WHERE `idUsuario` = :idUsuario:
AND `estado` = :estado:
 LIMIT 1', [...], false)
 2 SYSTEMPATH\Model.php(264): CodeIgniter\Database\BaseBuilder->get()
 3 SYSTEMPATH\BaseModel.php(662): CodeIgniter\Model->doFirst()
 4 APPPATH\Controllers\Reservas.php(36): CodeIgniter\BaseModel->first()
 5 SYSTEMPATH\CodeIgniter.php(919): App\Controllers\Reservas->seleccionarTela('13')
 6 SYSTEMPATH\CodeIgniter.php(494): CodeIgniter\CodeIgniter->runController(Object(App\Controllers\Reservas))
 7 SYSTEMPATH\CodeIgniter.php(353): CodeIgniter\CodeIgniter->handleRequest(null, Object(Config\Cache), false)
 8 FCPATH\index.php(79): CodeIgniter\CodeIgniter->run()
ERROR - 2024-11-05 17:02:24 --> mysqli_sql_exception: Unknown column 'estado' in 'where clause' in C:\xampp\htdocs\code4\system\Database\MySQLi\Connection.php:306
Stack trace:
#0 C:\xampp\htdocs\code4\system\Database\MySQLi\Connection.php(306): mysqli->query('SELECT *\nFROM `...', 0)
#1 C:\xampp\htdocs\code4\system\Database\BaseConnection.php(692): CodeIgniter\Database\MySQLi\Connection->execute('SELECT *\nFROM `...')
#2 C:\xampp\htdocs\code4\system\Database\BaseConnection.php(606): CodeIgniter\Database\BaseConnection->simpleQuery('SELECT *\nFROM `...')
#3 C:\xampp\htdocs\code4\system\Database\BaseBuilder.php(1615): CodeIgniter\Database\BaseConnection->query('SELECT *\nFROM `...', Array, false)
#4 C:\xampp\htdocs\code4\system\Model.php(264): CodeIgniter\Database\BaseBuilder->get()
#5 C:\xampp\htdocs\code4\system\BaseModel.php(662): CodeIgniter\Model->doFirst()
#6 C:\xampp\htdocs\code4\app\Controllers\Reservas.php(36): CodeIgniter\BaseModel->first()
#7 C:\xampp\htdocs\code4\system\CodeIgniter.php(919): App\Controllers\Reservas->seleccionarTela('13')
#8 C:\xampp\htdocs\code4\system\CodeIgniter.php(494): CodeIgniter\CodeIgniter->runController(Object(App\Controllers\Reservas))
#9 C:\xampp\htdocs\code4\system\CodeIgniter.php(353): CodeIgniter\CodeIgniter->handleRequest(NULL, Object(Config\Cache), false)
#10 C:\xampp\htdocs\code4\public\index.php(79): CodeIgniter\CodeIgniter->run()
#11 {main}
CRITICAL - 2024-11-05 17:02:24 --> Unknown column 'estado' in 'where clause'
in SYSTEMPATH\Database\BaseConnection.php on line 646.
 1 SYSTEMPATH\Database\BaseBuilder.php(1615): CodeIgniter\Database\BaseConnection->query('SELECT *
FROM `reserva`
WHERE `idUsuario` = :idUsuario:
AND `estado` = :estado:
 LIMIT 1', [...], false)
 2 SYSTEMPATH\Model.php(264): CodeIgniter\Database\BaseBuilder->get()
 3 SYSTEMPATH\BaseModel.php(662): CodeIgniter\Model->doFirst()
 4 APPPATH\Controllers\Reservas.php(36): CodeIgniter\BaseModel->first()
 5 SYSTEMPATH\CodeIgniter.php(919): App\Controllers\Reservas->seleccionarTela('13')
 6 SYSTEMPATH\CodeIgniter.php(494): CodeIgniter\CodeIgniter->runController(Object(App\Controllers\Reservas))
 7 SYSTEMPATH\CodeIgniter.php(353): CodeIgniter\CodeIgniter->handleRequest(null, Object(Config\Cache), false)
 8 FCPATH\index.php(79): CodeIgniter\CodeIgniter->run()
ERROR - 2024-11-05 17:02:27 --> mysqli_sql_exception: Unknown column 'estado' in 'where clause' in C:\xampp\htdocs\code4\system\Database\MySQLi\Connection.php:306
Stack trace:
#0 C:\xampp\htdocs\code4\system\Database\MySQLi\Connection.php(306): mysqli->query('SELECT *\nFROM `...', 0)
#1 C:\xampp\htdocs\code4\system\Database\BaseConnection.php(692): CodeIgniter\Database\MySQLi\Connection->execute('SELECT *\nFROM `...')
#2 C:\xampp\htdocs\code4\system\Database\BaseConnection.php(606): CodeIgniter\Database\BaseConnection->simpleQuery('SELECT *\nFROM `...')
#3 C:\xampp\htdocs\code4\system\Database\BaseBuilder.php(1615): CodeIgniter\Database\BaseConnection->query('SELECT *\nFROM `...', Array, false)
#4 C:\xampp\htdocs\code4\system\Model.php(264): CodeIgniter\Database\BaseBuilder->get()
#5 C:\xampp\htdocs\code4\system\BaseModel.php(662): CodeIgniter\Model->doFirst()
#6 C:\xampp\htdocs\code4\app\Controllers\Reservas.php(36): CodeIgniter\BaseModel->first()
#7 C:\xampp\htdocs\code4\system\CodeIgniter.php(919): App\Controllers\Reservas->seleccionarTela('9')
#8 C:\xampp\htdocs\code4\system\CodeIgniter.php(494): CodeIgniter\CodeIgniter->runController(Object(App\Controllers\Reservas))
#9 C:\xampp\htdocs\code4\system\CodeIgniter.php(353): CodeIgniter\CodeIgniter->handleRequest(NULL, Object(Config\Cache), false)
#10 C:\xampp\htdocs\code4\public\index.php(79): CodeIgniter\CodeIgniter->run()
#11 {main}
CRITICAL - 2024-11-05 17:02:27 --> Unknown column 'estado' in 'where clause'
in SYSTEMPATH\Database\BaseConnection.php on line 646.
 1 SYSTEMPATH\Database\BaseBuilder.php(1615): CodeIgniter\Database\BaseConnection->query('SELECT *
FROM `reserva`
WHERE `idUsuario` = :idUsuario:
AND `estado` = :estado:
 LIMIT 1', [...], false)
 2 SYSTEMPATH\Model.php(264): CodeIgniter\Database\BaseBuilder->get()
 3 SYSTEMPATH\BaseModel.php(662): CodeIgniter\Model->doFirst()
 4 APPPATH\Controllers\Reservas.php(36): CodeIgniter\BaseModel->first()
 5 SYSTEMPATH\CodeIgniter.php(919): App\Controllers\Reservas->seleccionarTela('9')
 6 SYSTEMPATH\CodeIgniter.php(494): CodeIgniter\CodeIgniter->runController(Object(App\Controllers\Reservas))
 7 SYSTEMPATH\CodeIgniter.php(353): CodeIgniter\CodeIgniter->handleRequest(null, Object(Config\Cache), false)
 8 FCPATH\index.php(79): CodeIgniter\CodeIgniter->run()
ERROR - 2024-11-05 17:03:34 --> mysqli_sql_exception: Unknown column 'estado' in 'where clause' in C:\xampp\htdocs\code4\system\Database\MySQLi\Connection.php:306
Stack trace:
#0 C:\xampp\htdocs\code4\system\Database\MySQLi\Connection.php(306): mysqli->query('SELECT *\nFROM `...', 0)
#1 C:\xampp\htdocs\code4\system\Database\BaseConnection.php(692): CodeIgniter\Database\MySQLi\Connection->execute('SELECT *\nFROM `...')
#2 C:\xampp\htdocs\code4\system\Database\BaseConnection.php(606): CodeIgniter\Database\BaseConnection->simpleQuery('SELECT *\nFROM `...')
#3 C:\xampp\htdocs\code4\system\Database\BaseBuilder.php(1615): CodeIgniter\Database\BaseConnection->query('SELECT *\nFROM `...', Array, false)
#4 C:\xampp\htdocs\code4\system\Model.php(264): CodeIgniter\Database\BaseBuilder->get()
#5 C:\xampp\htdocs\code4\system\BaseModel.php(662): CodeIgniter\Model->doFirst()
#6 C:\xampp\htdocs\code4\app\Controllers\Reservas.php(36): CodeIgniter\BaseModel->first()
#7 C:\xampp\htdocs\code4\system\CodeIgniter.php(919): App\Controllers\Reservas->seleccionarTela('10')
#8 C:\xampp\htdocs\code4\system\CodeIgniter.php(494): CodeIgniter\CodeIgniter->runController(Object(App\Controllers\Reservas))
#9 C:\xampp\htdocs\code4\system\CodeIgniter.php(353): CodeIgniter\CodeIgniter->handleRequest(NULL, Object(Config\Cache), false)
#10 C:\xampp\htdocs\code4\public\index.php(79): CodeIgniter\CodeIgniter->run()
#11 {main}
CRITICAL - 2024-11-05 17:03:34 --> Unknown column 'estado' in 'where clause'
in SYSTEMPATH\Database\BaseConnection.php on line 646.
 1 SYSTEMPATH\Database\BaseBuilder.php(1615): CodeIgniter\Database\BaseConnection->query('SELECT *
FROM `reserva`
WHERE `idUsuario` = :idUsuario:
AND `estado` = :estado:
 LIMIT 1', [...], false)
 2 SYSTEMPATH\Model.php(264): CodeIgniter\Database\BaseBuilder->get()
 3 SYSTEMPATH\BaseModel.php(662): CodeIgniter\Model->doFirst()
 4 APPPATH\Controllers\Reservas.php(36): CodeIgniter\BaseModel->first()
 5 SYSTEMPATH\CodeIgniter.php(919): App\Controllers\Reservas->seleccionarTela('10')
 6 SYSTEMPATH\CodeIgniter.php(494): CodeIgniter\CodeIgniter->runController(Object(App\Controllers\Reservas))
 7 SYSTEMPATH\CodeIgniter.php(353): CodeIgniter\CodeIgniter->handleRequest(null, Object(Config\Cache), false)
 8 FCPATH\index.php(79): CodeIgniter\CodeIgniter->run()
ERROR - 2024-11-05 17:04:06 --> mysqli_sql_exception: Unknown column 'estado' in 'where clause' in C:\xampp\htdocs\code4\system\Database\MySQLi\Connection.php:306
Stack trace:
#0 C:\xampp\htdocs\code4\system\Database\MySQLi\Connection.php(306): mysqli->query('SELECT *\nFROM `...', 0)
#1 C:\xampp\htdocs\code4\system\Database\BaseConnection.php(692): CodeIgniter\Database\MySQLi\Connection->execute('SELECT *\nFROM `...')
#2 C:\xampp\htdocs\code4\system\Database\BaseConnection.php(606): CodeIgniter\Database\BaseConnection->simpleQuery('SELECT *\nFROM `...')
#3 C:\xampp\htdocs\code4\system\Database\BaseBuilder.php(1615): CodeIgniter\Database\BaseConnection->query('SELECT *\nFROM `...', Array, false)
#4 C:\xampp\htdocs\code4\system\Model.php(264): CodeIgniter\Database\BaseBuilder->get()
#5 C:\xampp\htdocs\code4\system\BaseModel.php(662): CodeIgniter\Model->doFirst()
#6 C:\xampp\htdocs\code4\app\Controllers\Reservas.php(36): CodeIgniter\BaseModel->first()
#7 C:\xampp\htdocs\code4\system\CodeIgniter.php(919): App\Controllers\Reservas->seleccionarTela('9')
#8 C:\xampp\htdocs\code4\system\CodeIgniter.php(494): CodeIgniter\CodeIgniter->runController(Object(App\Controllers\Reservas))
#9 C:\xampp\htdocs\code4\system\CodeIgniter.php(353): CodeIgniter\CodeIgniter->handleRequest(NULL, Object(Config\Cache), false)
#10 C:\xampp\htdocs\code4\public\index.php(79): CodeIgniter\CodeIgniter->run()
#11 {main}
CRITICAL - 2024-11-05 17:04:06 --> Unknown column 'estado' in 'where clause'
in SYSTEMPATH\Database\BaseConnection.php on line 646.
 1 SYSTEMPATH\Database\BaseBuilder.php(1615): CodeIgniter\Database\BaseConnection->query('SELECT *
FROM `reserva`
WHERE `idUsuario` = :idUsuario:
AND `estado` = :estado:
 LIMIT 1', [...], false)
 2 SYSTEMPATH\Model.php(264): CodeIgniter\Database\BaseBuilder->get()
 3 SYSTEMPATH\BaseModel.php(662): CodeIgniter\Model->doFirst()
 4 APPPATH\Controllers\Reservas.php(36): CodeIgniter\BaseModel->first()
 5 SYSTEMPATH\CodeIgniter.php(919): App\Controllers\Reservas->seleccionarTela('9')
 6 SYSTEMPATH\CodeIgniter.php(494): CodeIgniter\CodeIgniter->runController(Object(App\Controllers\Reservas))
 7 SYSTEMPATH\CodeIgniter.php(353): CodeIgniter\CodeIgniter->handleRequest(null, Object(Config\Cache), false)
 8 FCPATH\index.php(79): CodeIgniter\CodeIgniter->run()
CRITICAL - 2024-11-05 17:06:15 --> Invalid file: "reservaCliente/mostrarTelaYTraje.php"
in SYSTEMPATH\Exceptions\FrameworkException.php on line 39.
 1 SYSTEMPATH\View\View.php(214): CodeIgniter\Exceptions\FrameworkException::forInvalidFile('reservaCliente/mostrarTelaYTraje.php')
 2 SYSTEMPATH\Common.php(1188): CodeIgniter\View\View->render('reservaCliente/mostrarTelaYTraje', [], true)
 3 APPPATH\Controllers\Reservas.php(47): view('reservaCliente/mostrarTelaYTraje', [...])
 4 SYSTEMPATH\CodeIgniter.php(919): App\Controllers\Reservas->seleccionarTela('9')
 5 SYSTEMPATH\CodeIgniter.php(494): CodeIgniter\CodeIgniter->runController(Object(App\Controllers\Reservas))
 6 SYSTEMPATH\CodeIgniter.php(353): CodeIgniter\CodeIgniter->handleRequest(null, Object(Config\Cache), false)
 7 FCPATH\index.php(79): CodeIgniter\CodeIgniter->run()
CRITICAL - 2024-11-05 17:06:22 --> Invalid file: "reservaCliente/mostrarTelaYTraje.php"
in SYSTEMPATH\Exceptions\FrameworkException.php on line 39.
 1 SYSTEMPATH\View\View.php(214): CodeIgniter\Exceptions\FrameworkException::forInvalidFile('reservaCliente/mostrarTelaYTraje.php')
 2 SYSTEMPATH\Common.php(1188): CodeIgniter\View\View->render('reservaCliente/mostrarTelaYTraje', [], true)
 3 APPPATH\Controllers\Reservas.php(47): view('reservaCliente/mostrarTelaYTraje', [...])
 4 SYSTEMPATH\CodeIgniter.php(919): App\Controllers\Reservas->seleccionarTela('11')
 5 SYSTEMPATH\CodeIgniter.php(494): CodeIgniter\CodeIgniter->runController(Object(App\Controllers\Reservas))
 6 SYSTEMPATH\CodeIgniter.php(353): CodeIgniter\CodeIgniter->handleRequest(null, Object(Config\Cache), false)
 7 FCPATH\index.php(79): CodeIgniter\CodeIgniter->run()
CRITICAL - 2024-11-05 17:06:52 --> Invalid file: "reservaCliente/mostrarTelaYTraje.php"
in SYSTEMPATH\Exceptions\FrameworkException.php on line 39.
 1 SYSTEMPATH\View\View.php(214): CodeIgniter\Exceptions\FrameworkException::forInvalidFile('reservaCliente/mostrarTelaYTraje.php')
 2 SYSTEMPATH\Common.php(1188): CodeIgniter\View\View->render('reservaCliente/mostrarTelaYTraje', [], true)
 3 APPPATH\Controllers\Reservas.php(36): view('reservaCliente/mostrarTelaYTraje', [...])
 4 SYSTEMPATH\CodeIgniter.php(919): App\Controllers\Reservas->seleccionarTela('10')
 5 SYSTEMPATH\CodeIgniter.php(494): CodeIgniter\CodeIgniter->runController(Object(App\Controllers\Reservas))
 6 SYSTEMPATH\CodeIgniter.php(353): CodeIgniter\CodeIgniter->handleRequest(null, Object(Config\Cache), false)
 7 FCPATH\index.php(79): CodeIgniter\CodeIgniter->run()
CRITICAL - 2024-11-05 17:09:23 --> Invalid file: "reservaCliente/mostrarTelaYTraje.php"
in SYSTEMPATH\Exceptions\FrameworkException.php on line 39.
 1 SYSTEMPATH\View\View.php(214): CodeIgniter\Exceptions\FrameworkException::forInvalidFile('reservaCliente/mostrarTelaYTraje.php')
 2 SYSTEMPATH\Common.php(1188): CodeIgniter\View\View->render('reservaCliente/mostrarTelaYTraje', [], true)
 3 APPPATH\Controllers\Reservas.php(36): view('reservaCliente/mostrarTelaYTraje', [...])
 4 SYSTEMPATH\CodeIgniter.php(919): App\Controllers\Reservas->seleccionarTela('15')
 5 SYSTEMPATH\CodeIgniter.php(494): CodeIgniter\CodeIgniter->runController(Object(App\Controllers\Reservas))
 6 SYSTEMPATH\CodeIgniter.php(353): CodeIgniter\CodeIgniter->handleRequest(null, Object(Config\Cache), false)
 7 FCPATH\index.php(79): CodeIgniter\CodeIgniter->run()
ERROR - 2024-11-05 18:24:54 --> mysqli_sql_exception: Table 'bddsastreria.vista_deudores' doesn't exist in C:\xampp\htdocs\code4\system\Database\MySQLi\Connection.php:306
Stack trace:
#0 C:\xampp\htdocs\code4\system\Database\MySQLi\Connection.php(306): mysqli->query('SELECT * FROM v...', 0)
#1 C:\xampp\htdocs\code4\system\Database\BaseConnection.php(692): CodeIgniter\Database\MySQLi\Connection->execute('SELECT * FROM v...')
#2 C:\xampp\htdocs\code4\system\Database\BaseConnection.php(606): CodeIgniter\Database\BaseConnection->simpleQuery('SELECT * FROM v...')
#3 C:\xampp\htdocs\code4\app\Controllers\ReportesController.php(139): CodeIgniter\Database\BaseConnection->query('SELECT * FROM v...')
#4 C:\xampp\htdocs\code4\system\CodeIgniter.php(919): App\Controllers\ReportesController->exportarPDFDeudores()
#5 C:\xampp\htdocs\code4\system\CodeIgniter.php(494): CodeIgniter\CodeIgniter->runController(Object(App\Controllers\ReportesController))
#6 C:\xampp\htdocs\code4\system\CodeIgniter.php(353): CodeIgniter\CodeIgniter->handleRequest(NULL, Object(Config\Cache), false)
#7 C:\xampp\htdocs\code4\public\index.php(79): CodeIgniter\CodeIgniter->run()
#8 {main}
CRITICAL - 2024-11-05 18:24:54 --> Table 'bddsastreria.vista_deudores' doesn't exist
in SYSTEMPATH\Database\BaseConnection.php on line 646.
 1 APPPATH\Controllers\ReportesController.php(139): CodeIgniter\Database\BaseConnection->query('SELECT * FROM vista_deudores')
 2 SYSTEMPATH\CodeIgniter.php(919): App\Controllers\ReportesController->exportarPDFDeudores()
 3 SYSTEMPATH\CodeIgniter.php(494): CodeIgniter\CodeIgniter->runController(Object(App\Controllers\ReportesController))
 4 SYSTEMPATH\CodeIgniter.php(353): CodeIgniter\CodeIgniter->handleRequest(null, Object(Config\Cache), false)
 5 FCPATH\index.php(79): CodeIgniter\CodeIgniter->run()
ERROR - 2024-11-05 18:26:25 --> mysqli_sql_exception: Table 'bddsastreria.vista_deudores' doesn't exist in C:\xampp\htdocs\code4\system\Database\MySQLi\Connection.php:306
Stack trace:
#0 C:\xampp\htdocs\code4\system\Database\MySQLi\Connection.php(306): mysqli->query('SELECT * FROM v...', 0)
#1 C:\xampp\htdocs\code4\system\Database\BaseConnection.php(692): CodeIgniter\Database\MySQLi\Connection->execute('SELECT * FROM v...')
#2 C:\xampp\htdocs\code4\system\Database\BaseConnection.php(606): CodeIgniter\Database\BaseConnection->simpleQuery('SELECT * FROM v...')
#3 C:\xampp\htdocs\code4\app\Controllers\ReportesController.php(139): CodeIgniter\Database\BaseConnection->query('SELECT * FROM v...')
#4 C:\xampp\htdocs\code4\system\CodeIgniter.php(919): App\Controllers\ReportesController->exportarPDFDeudores()
#5 C:\xampp\htdocs\code4\system\CodeIgniter.php(494): CodeIgniter\CodeIgniter->runController(Object(App\Controllers\ReportesController))
#6 C:\xampp\htdocs\code4\system\CodeIgniter.php(353): CodeIgniter\CodeIgniter->handleRequest(NULL, Object(Config\Cache), false)
#7 C:\xampp\htdocs\code4\public\index.php(79): CodeIgniter\CodeIgniter->run()
#8 {main}
CRITICAL - 2024-11-05 18:26:25 --> Table 'bddsastreria.vista_deudores' doesn't exist
in SYSTEMPATH\Database\BaseConnection.php on line 646.
 1 APPPATH\Controllers\ReportesController.php(139): CodeIgniter\Database\BaseConnection->query('SELECT * FROM vista_deudores')
 2 SYSTEMPATH\CodeIgniter.php(919): App\Controllers\ReportesController->exportarPDFDeudores()
 3 SYSTEMPATH\CodeIgniter.php(494): CodeIgniter\CodeIgniter->runController(Object(App\Controllers\ReportesController))
 4 SYSTEMPATH\CodeIgniter.php(353): CodeIgniter\CodeIgniter->handleRequest(null, Object(Config\Cache), false)
 5 FCPATH\index.php(79): CodeIgniter\CodeIgniter->run()
ERROR - 2024-11-05 18:31:30 --> mysqli_sql_exception: Table 'bddsastreria.vista_deudores' doesn't exist in C:\xampp\htdocs\code4\system\Database\MySQLi\Connection.php:306
Stack trace:
#0 C:\xampp\htdocs\code4\system\Database\MySQLi\Connection.php(306): mysqli->query('SELECT * FROM v...', 0)
#1 C:\xampp\htdocs\code4\system\Database\BaseConnection.php(692): CodeIgniter\Database\MySQLi\Connection->execute('SELECT * FROM v...')
#2 C:\xampp\htdocs\code4\system\Database\BaseConnection.php(606): CodeIgniter\Database\BaseConnection->simpleQuery('SELECT * FROM v...')
#3 C:\xampp\htdocs\code4\app\Controllers\ReportesController.php(133): CodeIgniter\Database\BaseConnection->query('SELECT * FROM v...')
#4 C:\xampp\htdocs\code4\system\CodeIgniter.php(919): App\Controllers\ReportesController->exportarPDFDeudores()
#5 C:\xampp\htdocs\code4\system\CodeIgniter.php(494): CodeIgniter\CodeIgniter->runController(Object(App\Controllers\ReportesController))
#6 C:\xampp\htdocs\code4\system\CodeIgniter.php(353): CodeIgniter\CodeIgniter->handleRequest(NULL, Object(Config\Cache), false)
#7 C:\xampp\htdocs\code4\public\index.php(79): CodeIgniter\CodeIgniter->run()
#8 {main}
CRITICAL - 2024-11-05 18:31:30 --> Table 'bddsastreria.vista_deudores' doesn't exist
in SYSTEMPATH\Database\BaseConnection.php on line 646.
 1 APPPATH\Controllers\ReportesController.php(133): CodeIgniter\Database\BaseConnection->query('SELECT * FROM vista_deudores')
 2 SYSTEMPATH\CodeIgniter.php(919): App\Controllers\ReportesController->exportarPDFDeudores()
 3 SYSTEMPATH\CodeIgniter.php(494): CodeIgniter\CodeIgniter->runController(Object(App\Controllers\ReportesController))
 4 SYSTEMPATH\CodeIgniter.php(353): CodeIgniter\CodeIgniter->handleRequest(null, Object(Config\Cache), false)
 5 FCPATH\index.php(79): CodeIgniter\CodeIgniter->run()
ERROR - 2024-11-05 18:35:06 --> mysqli_sql_exception: Table 'bddsastreria.vista_deudores' doesn't exist in C:\xampp\htdocs\code4\system\Database\MySQLi\Connection.php:306
Stack trace:
#0 C:\xampp\htdocs\code4\system\Database\MySQLi\Connection.php(306): mysqli->query('SELECT * FROM v...', 0)
#1 C:\xampp\htdocs\code4\system\Database\BaseConnection.php(692): CodeIgniter\Database\MySQLi\Connection->execute('SELECT * FROM v...')
#2 C:\xampp\htdocs\code4\system\Database\BaseConnection.php(606): CodeIgniter\Database\BaseConnection->simpleQuery('SELECT * FROM v...')
#3 C:\xampp\htdocs\code4\app\Controllers\ReportesController.php(133): CodeIgniter\Database\BaseConnection->query('SELECT * FROM v...')
#4 C:\xampp\htdocs\code4\system\CodeIgniter.php(919): App\Controllers\ReportesController->exportarPDFDeudores()
#5 C:\xampp\htdocs\code4\system\CodeIgniter.php(494): CodeIgniter\CodeIgniter->runController(Object(App\Controllers\ReportesController))
#6 C:\xampp\htdocs\code4\system\CodeIgniter.php(353): CodeIgniter\CodeIgniter->handleRequest(NULL, Object(Config\Cache), false)
#7 C:\xampp\htdocs\code4\public\index.php(79): CodeIgniter\CodeIgniter->run()
#8 {main}
CRITICAL - 2024-11-05 18:35:06 --> Table 'bddsastreria.vista_deudores' doesn't exist
in SYSTEMPATH\Database\BaseConnection.php on line 646.
 1 APPPATH\Controllers\ReportesController.php(133): CodeIgniter\Database\BaseConnection->query('SELECT * FROM vista_deudores')
 2 SYSTEMPATH\CodeIgniter.php(919): App\Controllers\ReportesController->exportarPDFDeudores()
 3 SYSTEMPATH\CodeIgniter.php(494): CodeIgniter\CodeIgniter->runController(Object(App\Controllers\ReportesController))
 4 SYSTEMPATH\CodeIgniter.php(353): CodeIgniter\CodeIgniter->handleRequest(null, Object(Config\Cache), false)
 5 FCPATH\index.php(79): CodeIgniter\CodeIgniter->run()
CRITICAL - 2024-11-05 18:37:28 --> Invalid file: "telaTraje.php"
in SYSTEMPATH\Exceptions\FrameworkException.php on line 39.
 1 SYSTEMPATH\View\View.php(214): CodeIgniter\Exceptions\FrameworkException::forInvalidFile('telaTraje.php')
 2 SYSTEMPATH\Common.php(1188): CodeIgniter\View\View->render('telaTraje', [], true)
 3 APPPATH\Controllers\Telas.php(196): view('telaTraje', [...])
 4 SYSTEMPATH\CodeIgniter.php(919): App\Controllers\Telas->mostrarTelaTraje()
 5 SYSTEMPATH\CodeIgniter.php(494): CodeIgniter\CodeIgniter->runController(Object(App\Controllers\Telas))
 6 SYSTEMPATH\CodeIgniter.php(353): CodeIgniter\CodeIgniter->handleRequest(null, Object(Config\Cache), false)
 7 FCPATH\index.php(79): CodeIgniter\CodeIgniter->run()
CRITICAL - 2024-11-05 18:39:10 --> Invalid file: "telaTraje.php"
in SYSTEMPATH\Exceptions\FrameworkException.php on line 39.
 1 SYSTEMPATH\View\View.php(214): CodeIgniter\Exceptions\FrameworkException::forInvalidFile('telaTraje.php')
 2 SYSTEMPATH\Common.php(1188): CodeIgniter\View\View->render('telaTraje', [], true)
 3 APPPATH\Controllers\Telas.php(196): view('telaTraje', [...])
 4 SYSTEMPATH\CodeIgniter.php(919): App\Controllers\Telas->mostrarTelaTraje()
 5 SYSTEMPATH\CodeIgniter.php(494): CodeIgniter\CodeIgniter->runController(Object(App\Controllers\Telas))
 6 SYSTEMPATH\CodeIgniter.php(353): CodeIgniter\CodeIgniter->handleRequest(null, Object(Config\Cache), false)
 7 FCPATH\index.php(79): CodeIgniter\CodeIgniter->run()
CRITICAL - 2024-11-05 18:39:11 --> Invalid file: "telaTraje.php"
in SYSTEMPATH\Exceptions\FrameworkException.php on line 39.
 1 SYSTEMPATH\View\View.php(214): CodeIgniter\Exceptions\FrameworkException::forInvalidFile('telaTraje.php')
 2 SYSTEMPATH\Common.php(1188): CodeIgniter\View\View->render('telaTraje', [], true)
 3 APPPATH\Controllers\Telas.php(196): view('telaTraje', [...])
 4 SYSTEMPATH\CodeIgniter.php(919): App\Controllers\Telas->mostrarTelaTraje()
 5 SYSTEMPATH\CodeIgniter.php(494): CodeIgniter\CodeIgniter->runController(Object(App\Controllers\Telas))
 6 SYSTEMPATH\CodeIgniter.php(353): CodeIgniter\CodeIgniter->handleRequest(null, Object(Config\Cache), false)
 7 FCPATH\index.php(79): CodeIgniter\CodeIgniter->run()
CRITICAL - 2024-11-05 18:39:14 --> Invalid file: "telaTraje.php"
in SYSTEMPATH\Exceptions\FrameworkException.php on line 39.
 1 SYSTEMPATH\View\View.php(214): CodeIgniter\Exceptions\FrameworkException::forInvalidFile('telaTraje.php')
 2 SYSTEMPATH\Common.php(1188): CodeIgniter\View\View->render('telaTraje', [], true)
 3 APPPATH\Controllers\Telas.php(196): view('telaTraje', [...])
 4 SYSTEMPATH\CodeIgniter.php(919): App\Controllers\Telas->mostrarTelaTraje()
 5 SYSTEMPATH\CodeIgniter.php(494): CodeIgniter\CodeIgniter->runController(Object(App\Controllers\Telas))
 6 SYSTEMPATH\CodeIgniter.php(353): CodeIgniter\CodeIgniter->handleRequest(null, Object(Config\Cache), false)
 7 FCPATH\index.php(79): CodeIgniter\CodeIgniter->run()
CRITICAL - 2024-11-05 18:39:31 --> Invalid file: "telaTraje.php"
in SYSTEMPATH\Exceptions\FrameworkException.php on line 39.
 1 SYSTEMPATH\View\View.php(214): CodeIgniter\Exceptions\FrameworkException::forInvalidFile('telaTraje.php')
 2 SYSTEMPATH\Common.php(1188): CodeIgniter\View\View->render('telaTraje', [], true)
 3 APPPATH\Controllers\Telas.php(196): view('telaTraje', [...])
 4 SYSTEMPATH\CodeIgniter.php(919): App\Controllers\Telas->mostrarTelaTraje()
 5 SYSTEMPATH\CodeIgniter.php(494): CodeIgniter\CodeIgniter->runController(Object(App\Controllers\Telas))
 6 SYSTEMPATH\CodeIgniter.php(353): CodeIgniter\CodeIgniter->handleRequest(null, Object(Config\Cache), false)
 7 FCPATH\index.php(79): CodeIgniter\CodeIgniter->run()
ERROR - 2024-11-05 18:54:18 --> mysqli_sql_exception: Table 'bddsastreria.ventas' doesn't exist in C:\xampp\htdocs\code4\system\Database\MySQLi\Connection.php:306
Stack trace:
#0 C:\xampp\htdocs\code4\system\Database\MySQLi\Connection.php(306): mysqli->query('CALL obtenerDeu...', 0)
#1 C:\xampp\htdocs\code4\system\Database\BaseConnection.php(692): CodeIgniter\Database\MySQLi\Connection->execute('CALL obtenerDeu...')
#2 C:\xampp\htdocs\code4\system\Database\BaseConnection.php(606): CodeIgniter\Database\BaseConnection->simpleQuery('CALL obtenerDeu...')
#3 C:\xampp\htdocs\code4\app\Controllers\ReportesController.php(97): CodeIgniter\Database\BaseConnection->query('CALL obtenerDeu...')
#4 C:\xampp\htdocs\code4\system\CodeIgniter.php(919): App\Controllers\ReportesController->exportarPDFDeudores()
#5 C:\xampp\htdocs\code4\system\CodeIgniter.php(494): CodeIgniter\CodeIgniter->runController(Object(App\Controllers\ReportesController))
#6 C:\xampp\htdocs\code4\system\CodeIgniter.php(353): CodeIgniter\CodeIgniter->handleRequest(NULL, Object(Config\Cache), false)
#7 C:\xampp\htdocs\code4\public\index.php(79): CodeIgniter\CodeIgniter->run()
#8 {main}
CRITICAL - 2024-11-05 18:54:18 --> Table 'bddsastreria.ventas' doesn't exist
in SYSTEMPATH\Database\BaseConnection.php on line 646.
 1 APPPATH\Controllers\ReportesController.php(97): CodeIgniter\Database\BaseConnection->query('CALL obtenerDeudores()')
 2 SYSTEMPATH\CodeIgniter.php(919): App\Controllers\ReportesController->exportarPDFDeudores()
 3 SYSTEMPATH\CodeIgniter.php(494): CodeIgniter\CodeIgniter->runController(Object(App\Controllers\ReportesController))
 4 SYSTEMPATH\CodeIgniter.php(353): CodeIgniter\CodeIgniter->handleRequest(null, Object(Config\Cache), false)
 5 FCPATH\index.php(79): CodeIgniter\CodeIgniter->run()
ERROR - 2024-11-05 18:54:18 --> mysqli_sql_exception: Table 'bddsastreria.ventas' doesn't exist in C:\xampp\htdocs\code4\system\Database\MySQLi\Connection.php:306
Stack trace:
#0 C:\xampp\htdocs\code4\system\Database\MySQLi\Connection.php(306): mysqli->query('CALL obtenerDeu...', 0)
#1 C:\xampp\htdocs\code4\system\Database\BaseConnection.php(692): CodeIgniter\Database\MySQLi\Connection->execute('CALL obtenerDeu...')
#2 C:\xampp\htdocs\code4\system\Database\BaseConnection.php(606): CodeIgniter\Database\BaseConnection->simpleQuery('CALL obtenerDeu...')
#3 C:\xampp\htdocs\code4\app\Controllers\ReportesController.php(97): CodeIgniter\Database\BaseConnection->query('CALL obtenerDeu...')
#4 C:\xampp\htdocs\code4\system\CodeIgniter.php(919): App\Controllers\ReportesController->exportarPDFDeudores()
#5 C:\xampp\htdocs\code4\system\CodeIgniter.php(494): CodeIgniter\CodeIgniter->runController(Object(App\Controllers\ReportesController))
#6 C:\xampp\htdocs\code4\system\CodeIgniter.php(353): CodeIgniter\CodeIgniter->handleRequest(NULL, Object(Config\Cache), false)
#7 C:\xampp\htdocs\code4\public\index.php(79): CodeIgniter\CodeIgniter->run()
#8 {main}
CRITICAL - 2024-11-05 18:54:18 --> Table 'bddsastreria.ventas' doesn't exist
in SYSTEMPATH\Database\BaseConnection.php on line 646.
 1 APPPATH\Controllers\ReportesController.php(97): CodeIgniter\Database\BaseConnection->query('CALL obtenerDeudores()')
 2 SYSTEMPATH\CodeIgniter.php(919): App\Controllers\ReportesController->exportarPDFDeudores()
 3 SYSTEMPATH\CodeIgniter.php(494): CodeIgniter\CodeIgniter->runController(Object(App\Controllers\ReportesController))
 4 SYSTEMPATH\CodeIgniter.php(353): CodeIgniter\CodeIgniter->handleRequest(null, Object(Config\Cache), false)
 5 FCPATH\index.php(79): CodeIgniter\CodeIgniter->run()
