CRITICAL - 2024-10-29 02:51:17 --> Invalid file: "clientes/index.php"
in SYSTEMPATH\Exceptions\FrameworkException.php on line 39.
 1 SYSTEMPATH\View\View.php(214): CodeIgniter\Exceptions\FrameworkException::forInvalidFile('clientes/index.php')
 2 SYSTEMPATH\Common.php(1188): CodeIgniter\View\View->render('clientes/index', [], true)
 3 APPPATH\Controllers\Clientes.php(34): view('clientes/index', [...])
 4 SYSTEMPATH\CodeIgniter.php(919): App\Controllers\Clientes->index()
 5 SYSTEMPATH\CodeIgniter.php(494): CodeIgniter\CodeIgniter->runController(Object(App\Controllers\Clientes))
 6 SYSTEMPATH\CodeIgniter.php(353): CodeIgniter\CodeIgniter->handleRequest(null, Object(Config\Cache), false)
 7 FCPATH\index.php(79): CodeIgniter\CodeIgniter->run()
CRITICAL - 2024-10-29 02:51:37 --> Attempt to read property "pager" on array
in APPPATH\Controllers\Clientes.php on line 26.
 1 APPPATH\Controllers\Clientes.php(26): CodeIgniter\Debug\Exceptions->errorHandler(2, 'Attempt to read property "pager" on array', 'C:\\xampp\\htdocs\\code4\\app\\Controllers\\Clientes.php', 26)
 2 SYSTEMPATH\CodeIgniter.php(919): App\Controllers\Clientes->index()
 3 SYSTEMPATH\CodeIgniter.php(494): CodeIgniter\CodeIgniter->runController(Object(App\Controllers\Clientes))
 4 SYSTEMPATH\CodeIgniter.php(353): CodeIgniter\CodeIgniter->handleRequest(null, Object(Config\Cache), false)
 5 FCPATH\index.php(79): CodeIgniter\CodeIgniter->run()
CRITICAL - 2024-10-29 02:53:38 --> Invalid file: "clientes/index.php"
in SYSTEMPATH\Exceptions\FrameworkException.php on line 39.
 1 SYSTEMPATH\View\View.php(214): CodeIgniter\Exceptions\FrameworkException::forInvalidFile('clientes/index.php')
 2 SYSTEMPATH\Common.php(1188): CodeIgniter\View\View->render('clientes/index', [], true)
 3 APPPATH\Controllers\Clientes.php(41): view('clientes/index', [...])
 4 SYSTEMPATH\CodeIgniter.php(919): App\Controllers\Clientes->index()
 5 SYSTEMPATH\CodeIgniter.php(494): CodeIgniter\CodeIgniter->runController(Object(App\Controllers\Clientes))
 6 SYSTEMPATH\CodeIgniter.php(353): CodeIgniter\CodeIgniter->handleRequest(null, Object(Config\Cache), false)
 7 FCPATH\index.php(79): CodeIgniter\CodeIgniter->run()
CRITICAL - 2024-10-29 02:55:14 --> Undefined variable $data
in APPPATH\Views\bddclientes\cliente.php on line 327.
 1 APPPATH\Views\bddclientes\cliente.php(327): CodeIgniter\Debug\Exceptions->errorHandler(2, 'Undefined variable $data', 'C:\\xampp\\htdocs\\code4\\app\\Views\\bddclientes\\cliente.php', 327)
 2 SYSTEMPATH\View\View.php(226): include('C:\\xampp\\htdocs\\code4\\app\\Views\\bddclientes\\cliente.php')
 3 SYSTEMPATH\View\View.php(229): CodeIgniter\View\View->CodeIgniter\View\{closure}()
 4 SYSTEMPATH\Common.php(1188): CodeIgniter\View\View->render('bddclientes/cliente', [], true)
 5 APPPATH\Controllers\Clientes.php(36): view('bddclientes/cliente', [...])
 6 SYSTEMPATH\CodeIgniter.php(919): App\Controllers\Clientes->index()
 7 SYSTEMPATH\CodeIgniter.php(494): CodeIgniter\CodeIgniter->runController(Object(App\Controllers\Clientes))
 8 SYSTEMPATH\CodeIgniter.php(353): CodeIgniter\CodeIgniter->handleRequest(null, Object(Config\Cache), false)
 9 FCPATH\index.php(79): CodeIgniter\CodeIgniter->run()
CRITICAL - 2024-10-29 02:55:42 --> Undefined variable $data
in APPPATH\Views\bddclientes\cliente.php on line 327.
 1 APPPATH\Views\bddclientes\cliente.php(327): CodeIgniter\Debug\Exceptions->errorHandler(2, 'Undefined variable $data', 'C:\\xampp\\htdocs\\code4\\app\\Views\\bddclientes\\cliente.php', 327)
 2 SYSTEMPATH\View\View.php(226): include('C:\\xampp\\htdocs\\code4\\app\\Views\\bddclientes\\cliente.php')
 3 SYSTEMPATH\View\View.php(229): CodeIgniter\View\View->CodeIgniter\View\{closure}()
 4 SYSTEMPATH\Common.php(1188): CodeIgniter\View\View->render('bddclientes/cliente', [], true)
 5 APPPATH\Controllers\Clientes.php(36): view('bddclientes/cliente', [...])
 6 SYSTEMPATH\CodeIgniter.php(919): App\Controllers\Clientes->index()
 7 SYSTEMPATH\CodeIgniter.php(494): CodeIgniter\CodeIgniter->runController(Object(App\Controllers\Clientes))
 8 SYSTEMPATH\CodeIgniter.php(353): CodeIgniter\CodeIgniter->handleRequest(null, Object(Config\Cache), false)
 9 FCPATH\index.php(79): CodeIgniter\CodeIgniter->run()
CRITICAL - 2024-10-29 03:36:03 --> Undefined array key "idCliente"
in APPPATH\Views\bddclientes\cliente.php on line 311.
 1 APPPATH\Views\bddclientes\cliente.php(311): CodeIgniter\Debug\Exceptions->errorHandler(2, 'Undefined array key "idCliente"', 'C:\\xampp\\htdocs\\code4\\app\\Views\\bddclientes\\cliente.php', 311)
 2 SYSTEMPATH\View\View.php(226): include('C:\\xampp\\htdocs\\code4\\app\\Views\\bddclientes\\cliente.php')
 3 SYSTEMPATH\View\View.php(229): CodeIgniter\View\View->CodeIgniter\View\{closure}()
 4 SYSTEMPATH\Common.php(1188): CodeIgniter\View\View->render('bddclientes/cliente', [], true)
 5 APPPATH\Controllers\Clientes.php(49): view('bddclientes/cliente', [...])
 6 SYSTEMPATH\CodeIgniter.php(919): App\Controllers\Clientes->index()
 7 SYSTEMPATH\CodeIgniter.php(494): CodeIgniter\CodeIgniter->runController(Object(App\Controllers\Clientes))
 8 SYSTEMPATH\CodeIgniter.php(353): CodeIgniter\CodeIgniter->handleRequest(null, Object(Config\Cache), false)
 9 FCPATH\index.php(79): CodeIgniter\CodeIgniter->run()
CRITICAL - 2024-10-29 03:57:16 --> Undefined variable $search
in APPPATH\Views\datos\datosPantalon.php on line 281.
 1 APPPATH\Views\datos\datosPantalon.php(281): CodeIgniter\Debug\Exceptions->errorHandler(2, 'Undefined variable $search', 'C:\\xampp\\htdocs\\code4\\app\\Views\\datos\\datosPantalon.php', 281)
 2 SYSTEMPATH\View\View.php(226): include('C:\\xampp\\htdocs\\code4\\app\\Views\\datos\\datosPantalon.php')
 3 SYSTEMPATH\View\View.php(229): CodeIgniter\View\View->CodeIgniter\View\{closure}()
 4 SYSTEMPATH\Common.php(1188): CodeIgniter\View\View->render('datos/datosPantalon', [], true)
 5 APPPATH\Controllers\Pantalons.php(71): view('datos/datosPantalon', [...])
 6 SYSTEMPATH\CodeIgniter.php(919): App\Controllers\Pantalons->index()
 7 SYSTEMPATH\CodeIgniter.php(494): CodeIgniter\CodeIgniter->runController(Object(App\Controllers\Pantalons))
 8 SYSTEMPATH\CodeIgniter.php(353): CodeIgniter\CodeIgniter->handleRequest(null, Object(Config\Cache), false)
 9 FCPATH\index.php(79): CodeIgniter\CodeIgniter->run()
CRITICAL - 2024-10-29 03:58:12 --> Undefined variable $search
in APPPATH\Views\datos\datosPantalon.php on line 281.
 1 APPPATH\Views\datos\datosPantalon.php(281): CodeIgniter\Debug\Exceptions->errorHandler(2, 'Undefined variable $search', 'C:\\xampp\\htdocs\\code4\\app\\Views\\datos\\datosPantalon.php', 281)
 2 SYSTEMPATH\View\View.php(226): include('C:\\xampp\\htdocs\\code4\\app\\Views\\datos\\datosPantalon.php')
 3 SYSTEMPATH\View\View.php(229): CodeIgniter\View\View->CodeIgniter\View\{closure}()
 4 SYSTEMPATH\Common.php(1188): CodeIgniter\View\View->render('datos/datosPantalon', [], true)
 5 APPPATH\Controllers\Pantalons.php(71): view('datos/datosPantalon', [...])
 6 SYSTEMPATH\CodeIgniter.php(919): App\Controllers\Pantalons->index()
 7 SYSTEMPATH\CodeIgniter.php(494): CodeIgniter\CodeIgniter->runController(Object(App\Controllers\Pantalons))
 8 SYSTEMPATH\CodeIgniter.php(353): CodeIgniter\CodeIgniter->handleRequest(null, Object(Config\Cache), false)
 9 FCPATH\index.php(79): CodeIgniter\CodeIgniter->run()
CRITICAL - 2024-10-29 03:58:13 --> Undefined variable $search
in APPPATH\Views\datos\datosPantalon.php on line 281.
 1 APPPATH\Views\datos\datosPantalon.php(281): CodeIgniter\Debug\Exceptions->errorHandler(2, 'Undefined variable $search', 'C:\\xampp\\htdocs\\code4\\app\\Views\\datos\\datosPantalon.php', 281)
 2 SYSTEMPATH\View\View.php(226): include('C:\\xampp\\htdocs\\code4\\app\\Views\\datos\\datosPantalon.php')
 3 SYSTEMPATH\View\View.php(229): CodeIgniter\View\View->CodeIgniter\View\{closure}()
 4 SYSTEMPATH\Common.php(1188): CodeIgniter\View\View->render('datos/datosPantalon', [], true)
 5 APPPATH\Controllers\Pantalons.php(71): view('datos/datosPantalon', [...])
 6 SYSTEMPATH\CodeIgniter.php(919): App\Controllers\Pantalons->index()
 7 SYSTEMPATH\CodeIgniter.php(494): CodeIgniter\CodeIgniter->runController(Object(App\Controllers\Pantalons))
 8 SYSTEMPATH\CodeIgniter.php(353): CodeIgniter\CodeIgniter->handleRequest(null, Object(Config\Cache), false)
 9 FCPATH\index.php(79): CodeIgniter\CodeIgniter->run()
CRITICAL - 2024-10-29 03:59:29 --> Undefined variable $search
in APPPATH\Views\datos\datosPantalon.php on line 281.
 1 APPPATH\Views\datos\datosPantalon.php(281): CodeIgniter\Debug\Exceptions->errorHandler(2, 'Undefined variable $search', 'C:\\xampp\\htdocs\\code4\\app\\Views\\datos\\datosPantalon.php', 281)
 2 SYSTEMPATH\View\View.php(226): include('C:\\xampp\\htdocs\\code4\\app\\Views\\datos\\datosPantalon.php')
 3 SYSTEMPATH\View\View.php(229): CodeIgniter\View\View->CodeIgniter\View\{closure}()
 4 SYSTEMPATH\Common.php(1188): CodeIgniter\View\View->render('datos/datosPantalon', [], true)
 5 APPPATH\Controllers\Pantalons.php(71): view('datos/datosPantalon', [...])
 6 SYSTEMPATH\CodeIgniter.php(919): App\Controllers\Pantalons->index()
 7 SYSTEMPATH\CodeIgniter.php(494): CodeIgniter\CodeIgniter->runController(Object(App\Controllers\Pantalons))
 8 SYSTEMPATH\CodeIgniter.php(353): CodeIgniter\CodeIgniter->handleRequest(null, Object(Config\Cache), false)
 9 FCPATH\index.php(79): CodeIgniter\CodeIgniter->run()
CRITICAL - 2024-10-29 03:59:33 --> Undefined variable $search
in APPPATH\Views\datos\datosPantalon.php on line 281.
 1 APPPATH\Views\datos\datosPantalon.php(281): CodeIgniter\Debug\Exceptions->errorHandler(2, 'Undefined variable $search', 'C:\\xampp\\htdocs\\code4\\app\\Views\\datos\\datosPantalon.php', 281)
 2 SYSTEMPATH\View\View.php(226): include('C:\\xampp\\htdocs\\code4\\app\\Views\\datos\\datosPantalon.php')
 3 SYSTEMPATH\View\View.php(229): CodeIgniter\View\View->CodeIgniter\View\{closure}()
 4 SYSTEMPATH\Common.php(1188): CodeIgniter\View\View->render('datos/datosPantalon', [], true)
 5 APPPATH\Controllers\Pantalons.php(71): view('datos/datosPantalon', [...])
 6 SYSTEMPATH\CodeIgniter.php(919): App\Controllers\Pantalons->index()
 7 SYSTEMPATH\CodeIgniter.php(494): CodeIgniter\CodeIgniter->runController(Object(App\Controllers\Pantalons))
 8 SYSTEMPATH\CodeIgniter.php(353): CodeIgniter\CodeIgniter->handleRequest(null, Object(Config\Cache), false)
 9 FCPATH\index.php(79): CodeIgniter\CodeIgniter->run()
CRITICAL - 2024-10-29 04:00:01 --> Undefined variable $paginacion
in APPPATH\Views\datos\datosPantalon.php on line 344.
 1 APPPATH\Views\datos\datosPantalon.php(344): CodeIgniter\Debug\Exceptions->errorHandler(2, 'Undefined variable $paginacion', 'C:\\xampp\\htdocs\\code4\\app\\Views\\datos\\datosPantalon.php', 344)
 2 SYSTEMPATH\View\View.php(226): include('C:\\xampp\\htdocs\\code4\\app\\Views\\datos\\datosPantalon.php')
 3 SYSTEMPATH\View\View.php(229): CodeIgniter\View\View->CodeIgniter\View\{closure}()
 4 SYSTEMPATH\Common.php(1188): CodeIgniter\View\View->render('datos/datosPantalon', [], true)
 5 APPPATH\Controllers\Pantalons.php(71): view('datos/datosPantalon', [...])
 6 SYSTEMPATH\CodeIgniter.php(919): App\Controllers\Pantalons->index()
 7 SYSTEMPATH\CodeIgniter.php(494): CodeIgniter\CodeIgniter->runController(Object(App\Controllers\Pantalons))
 8 SYSTEMPATH\CodeIgniter.php(353): CodeIgniter\CodeIgniter->handleRequest(null, Object(Config\Cache), false)
 9 FCPATH\index.php(79): CodeIgniter\CodeIgniter->run()
CRITICAL - 2024-10-29 04:00:19 --> Undefined variable $paginacion
in APPPATH\Views\datos\datosPantalon.php on line 344.
 1 APPPATH\Views\datos\datosPantalon.php(344): CodeIgniter\Debug\Exceptions->errorHandler(2, 'Undefined variable $paginacion', 'C:\\xampp\\htdocs\\code4\\app\\Views\\datos\\datosPantalon.php', 344)
 2 SYSTEMPATH\View\View.php(226): include('C:\\xampp\\htdocs\\code4\\app\\Views\\datos\\datosPantalon.php')
 3 SYSTEMPATH\View\View.php(229): CodeIgniter\View\View->CodeIgniter\View\{closure}()
 4 SYSTEMPATH\Common.php(1188): CodeIgniter\View\View->render('datos/datosPantalon', [], true)
 5 APPPATH\Controllers\Pantalons.php(72): view('datos/datosPantalon', [...])
 6 SYSTEMPATH\CodeIgniter.php(919): App\Controllers\Pantalons->index()
 7 SYSTEMPATH\CodeIgniter.php(494): CodeIgniter\CodeIgniter->runController(Object(App\Controllers\Pantalons))
 8 SYSTEMPATH\CodeIgniter.php(353): CodeIgniter\CodeIgniter->handleRequest(null, Object(Config\Cache), false)
 9 FCPATH\index.php(79): CodeIgniter\CodeIgniter->run()
CRITICAL - 2024-10-29 04:01:06 --> Undefined variable $paginacion
in APPPATH\Views\datos\datosPantalon.php on line 343.
 1 APPPATH\Views\datos\datosPantalon.php(343): CodeIgniter\Debug\Exceptions->errorHandler(2, 'Undefined variable $paginacion', 'C:\\xampp\\htdocs\\code4\\app\\Views\\datos\\datosPantalon.php', 343)
 2 SYSTEMPATH\View\View.php(226): include('C:\\xampp\\htdocs\\code4\\app\\Views\\datos\\datosPantalon.php')
 3 SYSTEMPATH\View\View.php(229): CodeIgniter\View\View->CodeIgniter\View\{closure}()
 4 SYSTEMPATH\Common.php(1188): CodeIgniter\View\View->render('datos/datosPantalon', [], true)
 5 APPPATH\Controllers\Pantalons.php(72): view('datos/datosPantalon', [...])
 6 SYSTEMPATH\CodeIgniter.php(919): App\Controllers\Pantalons->index()
 7 SYSTEMPATH\CodeIgniter.php(494): CodeIgniter\CodeIgniter->runController(Object(App\Controllers\Pantalons))
 8 SYSTEMPATH\CodeIgniter.php(353): CodeIgniter\CodeIgniter->handleRequest(null, Object(Config\Cache), false)
 9 FCPATH\index.php(79): CodeIgniter\CodeIgniter->run()
CRITICAL - 2024-10-29 04:01:33 --> Undefined variable $paginacion
in APPPATH\Views\datos\datosPantalon.php on line 344.
 1 APPPATH\Views\datos\datosPantalon.php(344): CodeIgniter\Debug\Exceptions->errorHandler(2, 'Undefined variable $paginacion', 'C:\\xampp\\htdocs\\code4\\app\\Views\\datos\\datosPantalon.php', 344)
 2 SYSTEMPATH\View\View.php(226): include('C:\\xampp\\htdocs\\code4\\app\\Views\\datos\\datosPantalon.php')
 3 SYSTEMPATH\View\View.php(229): CodeIgniter\View\View->CodeIgniter\View\{closure}()
 4 SYSTEMPATH\Common.php(1188): CodeIgniter\View\View->render('datos/datosPantalon', [], true)
 5 APPPATH\Controllers\Pantalons.php(73): view('datos/datosPantalon', [...])
 6 SYSTEMPATH\CodeIgniter.php(919): App\Controllers\Pantalons->index()
 7 SYSTEMPATH\CodeIgniter.php(494): CodeIgniter\CodeIgniter->runController(Object(App\Controllers\Pantalons))
 8 SYSTEMPATH\CodeIgniter.php(353): CodeIgniter\CodeIgniter->handleRequest(null, Object(Config\Cache), false)
 9 FCPATH\index.php(79): CodeIgniter\CodeIgniter->run()
CRITICAL - 2024-10-29 04:02:48 --> Undefined array key "idCliente"
in APPPATH\Views\bddclientes\pantalon.php on line 26.
 1 APPPATH\Views\bddclientes\pantalon.php(26): CodeIgniter\Debug\Exceptions->errorHandler(2, 'Undefined array key "idCliente"', 'C:\\xampp\\htdocs\\code4\\app\\Views\\bddclientes\\pantalon.php', 26)
 2 SYSTEMPATH\View\View.php(226): include('C:\\xampp\\htdocs\\code4\\app\\Views\\bddclientes\\pantalon.php')
 3 SYSTEMPATH\View\View.php(229): CodeIgniter\View\View->CodeIgniter\View\{closure}()
 4 SYSTEMPATH\Common.php(1188): CodeIgniter\View\View->render('bddclientes/pantalon', [], true)
 5 APPPATH\Controllers\Pantalons.php(49): view('bddclientes/pantalon', [...])
 6 SYSTEMPATH\CodeIgniter.php(919): App\Controllers\Pantalons->pantalon()
 7 SYSTEMPATH\CodeIgniter.php(494): CodeIgniter\CodeIgniter->runController(Object(App\Controllers\Pantalons))
 8 SYSTEMPATH\CodeIgniter.php(353): CodeIgniter\CodeIgniter->handleRequest(null, Object(Config\Cache), false)
 9 FCPATH\index.php(79): CodeIgniter\CodeIgniter->run()
CRITICAL - 2024-10-29 04:03:16 --> Undefined array key "idCliente"
in APPPATH\Views\bddclientes\pantalon.php on line 26.
 1 APPPATH\Views\bddclientes\pantalon.php(26): CodeIgniter\Debug\Exceptions->errorHandler(2, 'Undefined array key "idCliente"', 'C:\\xampp\\htdocs\\code4\\app\\Views\\bddclientes\\pantalon.php', 26)
 2 SYSTEMPATH\View\View.php(226): include('C:\\xampp\\htdocs\\code4\\app\\Views\\bddclientes\\pantalon.php')
 3 SYSTEMPATH\View\View.php(229): CodeIgniter\View\View->CodeIgniter\View\{closure}()
 4 SYSTEMPATH\Common.php(1188): CodeIgniter\View\View->render('bddclientes/pantalon', [], true)
 5 APPPATH\Controllers\Pantalons.php(49): view('bddclientes/pantalon', [...])
 6 SYSTEMPATH\CodeIgniter.php(919): App\Controllers\Pantalons->pantalon()
 7 SYSTEMPATH\CodeIgniter.php(494): CodeIgniter\CodeIgniter->runController(Object(App\Controllers\Pantalons))
 8 SYSTEMPATH\CodeIgniter.php(353): CodeIgniter\CodeIgniter->handleRequest(null, Object(Config\Cache), false)
 9 FCPATH\index.php(79): CodeIgniter\CodeIgniter->run()
CRITICAL - 2024-10-29 04:03:28 --> Undefined array key "idCliente"
in APPPATH\Views\bddclientes\pantalon.php on line 26.
 1 APPPATH\Views\bddclientes\pantalon.php(26): CodeIgniter\Debug\Exceptions->errorHandler(2, 'Undefined array key "idCliente"', 'C:\\xampp\\htdocs\\code4\\app\\Views\\bddclientes\\pantalon.php', 26)
 2 SYSTEMPATH\View\View.php(226): include('C:\\xampp\\htdocs\\code4\\app\\Views\\bddclientes\\pantalon.php')
 3 SYSTEMPATH\View\View.php(229): CodeIgniter\View\View->CodeIgniter\View\{closure}()
 4 SYSTEMPATH\Common.php(1188): CodeIgniter\View\View->render('bddclientes/pantalon', [], true)
 5 APPPATH\Controllers\Pantalons.php(49): view('bddclientes/pantalon', [...])
 6 SYSTEMPATH\CodeIgniter.php(919): App\Controllers\Pantalons->pantalon()
 7 SYSTEMPATH\CodeIgniter.php(494): CodeIgniter\CodeIgniter->runController(Object(App\Controllers\Pantalons))
 8 SYSTEMPATH\CodeIgniter.php(353): CodeIgniter\CodeIgniter->handleRequest(null, Object(Config\Cache), false)
 9 FCPATH\index.php(79): CodeIgniter\CodeIgniter->run()
CRITICAL - 2024-10-29 04:04:17 --> Undefined variable $clientes
in APPPATH\Views\bddclientes\pantalon.php on line 22.
 1 APPPATH\Views\bddclientes\pantalon.php(22): CodeIgniter\Debug\Exceptions->errorHandler(2, 'Undefined variable $clientes', 'C:\\xampp\\htdocs\\code4\\app\\Views\\bddclientes\\pantalon.php', 22)
 2 SYSTEMPATH\View\View.php(226): include('C:\\xampp\\htdocs\\code4\\app\\Views\\bddclientes\\pantalon.php')
 3 SYSTEMPATH\View\View.php(229): CodeIgniter\View\View->CodeIgniter\View\{closure}()
 4 SYSTEMPATH\Common.php(1188): CodeIgniter\View\View->render('bddclientes/pantalon', [], true)
 5 APPPATH\Controllers\Pantalons.php(46): view('bddclientes/pantalon', [...])
 6 SYSTEMPATH\CodeIgniter.php(919): App\Controllers\Pantalons->pantalon()
 7 SYSTEMPATH\CodeIgniter.php(494): CodeIgniter\CodeIgniter->runController(Object(App\Controllers\Pantalons))
 8 SYSTEMPATH\CodeIgniter.php(353): CodeIgniter\CodeIgniter->handleRequest(null, Object(Config\Cache), false)
 9 FCPATH\index.php(79): CodeIgniter\CodeIgniter->run()
CRITICAL - 2024-10-29 04:04:23 --> Undefined variable $clientes
in APPPATH\Views\bddclientes\pantalon.php on line 22.
 1 APPPATH\Views\bddclientes\pantalon.php(22): CodeIgniter\Debug\Exceptions->errorHandler(2, 'Undefined variable $clientes', 'C:\\xampp\\htdocs\\code4\\app\\Views\\bddclientes\\pantalon.php', 22)
 2 SYSTEMPATH\View\View.php(226): include('C:\\xampp\\htdocs\\code4\\app\\Views\\bddclientes\\pantalon.php')
 3 SYSTEMPATH\View\View.php(229): CodeIgniter\View\View->CodeIgniter\View\{closure}()
 4 SYSTEMPATH\Common.php(1188): CodeIgniter\View\View->render('bddclientes/pantalon', [], true)
 5 APPPATH\Controllers\Pantalons.php(46): view('bddclientes/pantalon', [...])
 6 SYSTEMPATH\CodeIgniter.php(919): App\Controllers\Pantalons->pantalon()
 7 SYSTEMPATH\CodeIgniter.php(494): CodeIgniter\CodeIgniter->runController(Object(App\Controllers\Pantalons))
 8 SYSTEMPATH\CodeIgniter.php(353): CodeIgniter\CodeIgniter->handleRequest(null, Object(Config\Cache), false)
 9 FCPATH\index.php(79): CodeIgniter\CodeIgniter->run()
CRITICAL - 2024-10-29 04:07:55 --> Undefined variable $search
in APPPATH\Views\datos\datosPantalon.php on line 282.
 1 APPPATH\Views\datos\datosPantalon.php(282): CodeIgniter\Debug\Exceptions->errorHandler(2, 'Undefined variable $search', 'C:\\xampp\\htdocs\\code4\\app\\Views\\datos\\datosPantalon.php', 282)
 2 SYSTEMPATH\View\View.php(226): include('C:\\xampp\\htdocs\\code4\\app\\Views\\datos\\datosPantalon.php')
 3 SYSTEMPATH\View\View.php(229): CodeIgniter\View\View->CodeIgniter\View\{closure}()
 4 SYSTEMPATH\Common.php(1188): CodeIgniter\View\View->render('datos/datosPantalon', [], true)
 5 APPPATH\Controllers\Pantalons.php(69): view('datos/datosPantalon', [...])
 6 SYSTEMPATH\CodeIgniter.php(919): App\Controllers\Pantalons->index()
 7 SYSTEMPATH\CodeIgniter.php(494): CodeIgniter\CodeIgniter->runController(Object(App\Controllers\Pantalons))
 8 SYSTEMPATH\CodeIgniter.php(353): CodeIgniter\CodeIgniter->handleRequest(null, Object(Config\Cache), false)
 9 FCPATH\index.php(79): CodeIgniter\CodeIgniter->run()
CRITICAL - 2024-10-29 04:07:58 --> Undefined variable $search
in APPPATH\Views\datos\datosPantalon.php on line 282.
 1 APPPATH\Views\datos\datosPantalon.php(282): CodeIgniter\Debug\Exceptions->errorHandler(2, 'Undefined variable $search', 'C:\\xampp\\htdocs\\code4\\app\\Views\\datos\\datosPantalon.php', 282)
 2 SYSTEMPATH\View\View.php(226): include('C:\\xampp\\htdocs\\code4\\app\\Views\\datos\\datosPantalon.php')
 3 SYSTEMPATH\View\View.php(229): CodeIgniter\View\View->CodeIgniter\View\{closure}()
 4 SYSTEMPATH\Common.php(1188): CodeIgniter\View\View->render('datos/datosPantalon', [], true)
 5 APPPATH\Controllers\Pantalons.php(69): view('datos/datosPantalon', [...])
 6 SYSTEMPATH\CodeIgniter.php(919): App\Controllers\Pantalons->index()
 7 SYSTEMPATH\CodeIgniter.php(494): CodeIgniter\CodeIgniter->runController(Object(App\Controllers\Pantalons))
 8 SYSTEMPATH\CodeIgniter.php(353): CodeIgniter\CodeIgniter->handleRequest(null, Object(Config\Cache), false)
 9 FCPATH\index.php(79): CodeIgniter\CodeIgniter->run()
CRITICAL - 2024-10-29 04:09:05 --> Undefined variable $search
in APPPATH\Views\datos\datosPantalon.php on line 282.
 1 APPPATH\Views\datos\datosPantalon.php(282): CodeIgniter\Debug\Exceptions->errorHandler(2, 'Undefined variable $search', 'C:\\xampp\\htdocs\\code4\\app\\Views\\datos\\datosPantalon.php', 282)
 2 SYSTEMPATH\View\View.php(226): include('C:\\xampp\\htdocs\\code4\\app\\Views\\datos\\datosPantalon.php')
 3 SYSTEMPATH\View\View.php(229): CodeIgniter\View\View->CodeIgniter\View\{closure}()
 4 SYSTEMPATH\Common.php(1188): CodeIgniter\View\View->render('datos/datosPantalon', [], true)
 5 APPPATH\Controllers\Pantalons.php(69): view('datos/datosPantalon', [...])
 6 SYSTEMPATH\CodeIgniter.php(919): App\Controllers\Pantalons->index()
 7 SYSTEMPATH\CodeIgniter.php(494): CodeIgniter\CodeIgniter->runController(Object(App\Controllers\Pantalons))
 8 SYSTEMPATH\CodeIgniter.php(353): CodeIgniter\CodeIgniter->handleRequest(null, Object(Config\Cache), false)
 9 FCPATH\index.php(79): CodeIgniter\CodeIgniter->run()
CRITICAL - 2024-10-29 04:09:06 --> Undefined variable $search
in APPPATH\Views\datos\datosPantalon.php on line 282.
 1 APPPATH\Views\datos\datosPantalon.php(282): CodeIgniter\Debug\Exceptions->errorHandler(2, 'Undefined variable $search', 'C:\\xampp\\htdocs\\code4\\app\\Views\\datos\\datosPantalon.php', 282)
 2 SYSTEMPATH\View\View.php(226): include('C:\\xampp\\htdocs\\code4\\app\\Views\\datos\\datosPantalon.php')
 3 SYSTEMPATH\View\View.php(229): CodeIgniter\View\View->CodeIgniter\View\{closure}()
 4 SYSTEMPATH\Common.php(1188): CodeIgniter\View\View->render('datos/datosPantalon', [], true)
 5 APPPATH\Controllers\Pantalons.php(69): view('datos/datosPantalon', [...])
 6 SYSTEMPATH\CodeIgniter.php(919): App\Controllers\Pantalons->index()
 7 SYSTEMPATH\CodeIgniter.php(494): CodeIgniter\CodeIgniter->runController(Object(App\Controllers\Pantalons))
 8 SYSTEMPATH\CodeIgniter.php(353): CodeIgniter\CodeIgniter->handleRequest(null, Object(Config\Cache), false)
 9 FCPATH\index.php(79): CodeIgniter\CodeIgniter->run()
CRITICAL - 2024-10-29 04:09:47 --> Undefined variable $search
in APPPATH\Views\datos\datosPantalon.php on line 282.
 1 APPPATH\Views\datos\datosPantalon.php(282): CodeIgniter\Debug\Exceptions->errorHandler(2, 'Undefined variable $search', 'C:\\xampp\\htdocs\\code4\\app\\Views\\datos\\datosPantalon.php', 282)
 2 SYSTEMPATH\View\View.php(226): include('C:\\xampp\\htdocs\\code4\\app\\Views\\datos\\datosPantalon.php')
 3 SYSTEMPATH\View\View.php(229): CodeIgniter\View\View->CodeIgniter\View\{closure}()
 4 SYSTEMPATH\Common.php(1188): CodeIgniter\View\View->render('datos/datosPantalon', [], true)
 5 APPPATH\Controllers\Pantalons.php(72): view('datos/datosPantalon', [...])
 6 SYSTEMPATH\CodeIgniter.php(919): App\Controllers\Pantalons->index()
 7 SYSTEMPATH\CodeIgniter.php(494): CodeIgniter\CodeIgniter->runController(Object(App\Controllers\Pantalons))
 8 SYSTEMPATH\CodeIgniter.php(353): CodeIgniter\CodeIgniter->handleRequest(null, Object(Config\Cache), false)
 9 FCPATH\index.php(79): CodeIgniter\CodeIgniter->run()
CRITICAL - 2024-10-29 04:09:59 --> Undefined variable $search
in APPPATH\Views\datos\datosPantalon.php on line 282.
 1 APPPATH\Views\datos\datosPantalon.php(282): CodeIgniter\Debug\Exceptions->errorHandler(2, 'Undefined variable $search', 'C:\\xampp\\htdocs\\code4\\app\\Views\\datos\\datosPantalon.php', 282)
 2 SYSTEMPATH\View\View.php(226): include('C:\\xampp\\htdocs\\code4\\app\\Views\\datos\\datosPantalon.php')
 3 SYSTEMPATH\View\View.php(229): CodeIgniter\View\View->CodeIgniter\View\{closure}()
 4 SYSTEMPATH\Common.php(1188): CodeIgniter\View\View->render('datos/datosPantalon', [], true)
 5 APPPATH\Controllers\Pantalons.php(69): view('datos/datosPantalon', [...])
 6 SYSTEMPATH\CodeIgniter.php(919): App\Controllers\Pantalons->index()
 7 SYSTEMPATH\CodeIgniter.php(494): CodeIgniter\CodeIgniter->runController(Object(App\Controllers\Pantalons))
 8 SYSTEMPATH\CodeIgniter.php(353): CodeIgniter\CodeIgniter->handleRequest(null, Object(Config\Cache), false)
 9 FCPATH\index.php(79): CodeIgniter\CodeIgniter->run()
CRITICAL - 2024-10-29 04:10:00 --> Undefined variable $search
in APPPATH\Views\datos\datosPantalon.php on line 282.
 1 APPPATH\Views\datos\datosPantalon.php(282): CodeIgniter\Debug\Exceptions->errorHandler(2, 'Undefined variable $search', 'C:\\xampp\\htdocs\\code4\\app\\Views\\datos\\datosPantalon.php', 282)
 2 SYSTEMPATH\View\View.php(226): include('C:\\xampp\\htdocs\\code4\\app\\Views\\datos\\datosPantalon.php')
 3 SYSTEMPATH\View\View.php(229): CodeIgniter\View\View->CodeIgniter\View\{closure}()
 4 SYSTEMPATH\Common.php(1188): CodeIgniter\View\View->render('datos/datosPantalon', [], true)
 5 APPPATH\Controllers\Pantalons.php(69): view('datos/datosPantalon', [...])
 6 SYSTEMPATH\CodeIgniter.php(919): App\Controllers\Pantalons->index()
 7 SYSTEMPATH\CodeIgniter.php(494): CodeIgniter\CodeIgniter->runController(Object(App\Controllers\Pantalons))
 8 SYSTEMPATH\CodeIgniter.php(353): CodeIgniter\CodeIgniter->handleRequest(null, Object(Config\Cache), false)
 9 FCPATH\index.php(79): CodeIgniter\CodeIgniter->run()
CRITICAL - 2024-10-29 04:10:00 --> Undefined variable $search
in APPPATH\Views\datos\datosPantalon.php on line 282.
 1 APPPATH\Views\datos\datosPantalon.php(282): CodeIgniter\Debug\Exceptions->errorHandler(2, 'Undefined variable $search', 'C:\\xampp\\htdocs\\code4\\app\\Views\\datos\\datosPantalon.php', 282)
 2 SYSTEMPATH\View\View.php(226): include('C:\\xampp\\htdocs\\code4\\app\\Views\\datos\\datosPantalon.php')
 3 SYSTEMPATH\View\View.php(229): CodeIgniter\View\View->CodeIgniter\View\{closure}()
 4 SYSTEMPATH\Common.php(1188): CodeIgniter\View\View->render('datos/datosPantalon', [], true)
 5 APPPATH\Controllers\Pantalons.php(69): view('datos/datosPantalon', [...])
 6 SYSTEMPATH\CodeIgniter.php(919): App\Controllers\Pantalons->index()
 7 SYSTEMPATH\CodeIgniter.php(494): CodeIgniter\CodeIgniter->runController(Object(App\Controllers\Pantalons))
 8 SYSTEMPATH\CodeIgniter.php(353): CodeIgniter\CodeIgniter->handleRequest(null, Object(Config\Cache), false)
 9 FCPATH\index.php(79): CodeIgniter\CodeIgniter->run()
CRITICAL - 2024-10-29 04:10:02 --> Undefined variable $search
in APPPATH\Views\datos\datosPantalon.php on line 282.
 1 APPPATH\Views\datos\datosPantalon.php(282): CodeIgniter\Debug\Exceptions->errorHandler(2, 'Undefined variable $search', 'C:\\xampp\\htdocs\\code4\\app\\Views\\datos\\datosPantalon.php', 282)
 2 SYSTEMPATH\View\View.php(226): include('C:\\xampp\\htdocs\\code4\\app\\Views\\datos\\datosPantalon.php')
 3 SYSTEMPATH\View\View.php(229): CodeIgniter\View\View->CodeIgniter\View\{closure}()
 4 SYSTEMPATH\Common.php(1188): CodeIgniter\View\View->render('datos/datosPantalon', [], true)
 5 APPPATH\Controllers\Pantalons.php(69): view('datos/datosPantalon', [...])
 6 SYSTEMPATH\CodeIgniter.php(919): App\Controllers\Pantalons->index()
 7 SYSTEMPATH\CodeIgniter.php(494): CodeIgniter\CodeIgniter->runController(Object(App\Controllers\Pantalons))
 8 SYSTEMPATH\CodeIgniter.php(353): CodeIgniter\CodeIgniter->handleRequest(null, Object(Config\Cache), false)
 9 FCPATH\index.php(79): CodeIgniter\CodeIgniter->run()
