CRITICAL - 2024-11-21 16:45:14 --> Undefined variable $search
in APPPATH\Views\reportes\reporte3.php on line 132.
 1 APPPATH\Views\reportes\reporte3.php(132): CodeIgniter\Debug\Exceptions->errorHandler(2, 'Undefined variable $search', 'C:\\xampp\\htdocs\\code4\\app\\Views\\reportes\\reporte3.php', 132)
 2 SYSTEMPATH\View\View.php(226): include('C:\\xampp\\htdocs\\code4\\app\\Views\\reportes\\reporte3.php')
 3 SYSTEMPATH\View\View.php(229): CodeIgniter\View\View->CodeIgniter\View\{closure}()
 4 SYSTEMPATH\Common.php(1188): CodeIgniter\View\View->render('reportes/reporte3', [], true)
 5 APPPATH\Controllers\ReportesController.php(43): view('reportes/reporte3', [...])
 6 SYSTEMPATH\CodeIgniter.php(919): App\Controllers\ReportesController->reporte3()
 7 SYSTEMPATH\CodeIgniter.php(494): CodeIgniter\CodeIgniter->runController(Object(App\Controllers\ReportesController))
 8 SYSTEMPATH\CodeIgniter.php(353): CodeIgniter\CodeIgniter->handleRequest(null, Object(Config\Cache), false)
 9 FCPATH\index.php(79): CodeIgniter\CodeIgniter->run()
CRITICAL - 2024-11-21 16:45:49 --> Undefined variable $search
in APPPATH\Views\reportes\reporte3.php on line 132.
 1 APPPATH\Views\reportes\reporte3.php(132): CodeIgniter\Debug\Exceptions->errorHandler(2, 'Undefined variable $search', 'C:\\xampp\\htdocs\\code4\\app\\Views\\reportes\\reporte3.php', 132)
 2 SYSTEMPATH\View\View.php(226): include('C:\\xampp\\htdocs\\code4\\app\\Views\\reportes\\reporte3.php')
 3 SYSTEMPATH\View\View.php(229): CodeIgniter\View\View->CodeIgniter\View\{closure}()
 4 SYSTEMPATH\Common.php(1188): CodeIgniter\View\View->render('reportes/reporte3', [], true)
 5 APPPATH\Controllers\ReportesController.php(43): view('reportes/reporte3', [...])
 6 SYSTEMPATH\CodeIgniter.php(919): App\Controllers\ReportesController->reporte3()
 7 SYSTEMPATH\CodeIgniter.php(494): CodeIgniter\CodeIgniter->runController(Object(App\Controllers\ReportesController))
 8 SYSTEMPATH\CodeIgniter.php(353): CodeIgniter\CodeIgniter->handleRequest(null, Object(Config\Cache), false)
 9 FCPATH\index.php(79): CodeIgniter\CodeIgniter->run()
CRITICAL - 2024-11-21 16:45:49 --> Undefined variable $search
in APPPATH\Views\reportes\reporte3.php on line 132.
 1 APPPATH\Views\reportes\reporte3.php(132): CodeIgniter\Debug\Exceptions->errorHandler(2, 'Undefined variable $search', 'C:\\xampp\\htdocs\\code4\\app\\Views\\reportes\\reporte3.php', 132)
 2 SYSTEMPATH\View\View.php(226): include('C:\\xampp\\htdocs\\code4\\app\\Views\\reportes\\reporte3.php')
 3 SYSTEMPATH\View\View.php(229): CodeIgniter\View\View->CodeIgniter\View\{closure}()
 4 SYSTEMPATH\Common.php(1188): CodeIgniter\View\View->render('reportes/reporte3', [], true)
 5 APPPATH\Controllers\ReportesController.php(43): view('reportes/reporte3', [...])
 6 SYSTEMPATH\CodeIgniter.php(919): App\Controllers\ReportesController->reporte3()
 7 SYSTEMPATH\CodeIgniter.php(494): CodeIgniter\CodeIgniter->runController(Object(App\Controllers\ReportesController))
 8 SYSTEMPATH\CodeIgniter.php(353): CodeIgniter\CodeIgniter->handleRequest(null, Object(Config\Cache), false)
 9 FCPATH\index.php(79): CodeIgniter\CodeIgniter->run()
CRITICAL - 2024-11-21 16:45:52 --> Undefined variable $search
in APPPATH\Views\reportes\reporte1.php on line 132.
 1 APPPATH\Views\reportes\reporte1.php(132): CodeIgniter\Debug\Exceptions->errorHandler(2, 'Undefined variable $search', 'C:\\xampp\\htdocs\\code4\\app\\Views\\reportes\\reporte1.php', 132)
 2 SYSTEMPATH\View\View.php(226): include('C:\\xampp\\htdocs\\code4\\app\\Views\\reportes\\reporte1.php')
 3 SYSTEMPATH\View\View.php(229): CodeIgniter\View\View->CodeIgniter\View\{closure}()
 4 SYSTEMPATH\Common.php(1188): CodeIgniter\View\View->render('reportes/reporte1', [], true)
 5 APPPATH\Controllers\ReportesController.php(27): view('reportes/reporte1', [...])
 6 SYSTEMPATH\CodeIgniter.php(919): App\Controllers\ReportesController->reporte1()
 7 SYSTEMPATH\CodeIgniter.php(494): CodeIgniter\CodeIgniter->runController(Object(App\Controllers\ReportesController))
 8 SYSTEMPATH\CodeIgniter.php(353): CodeIgniter\CodeIgniter->handleRequest(null, Object(Config\Cache), false)
 9 FCPATH\index.php(79): CodeIgniter\CodeIgniter->run()
CRITICAL - 2024-11-21 16:45:54 --> Undefined variable $search
in APPPATH\Views\reportes\reporte1.php on line 132.
 1 APPPATH\Views\reportes\reporte1.php(132): CodeIgniter\Debug\Exceptions->errorHandler(2, 'Undefined variable $search', 'C:\\xampp\\htdocs\\code4\\app\\Views\\reportes\\reporte1.php', 132)
 2 SYSTEMPATH\View\View.php(226): include('C:\\xampp\\htdocs\\code4\\app\\Views\\reportes\\reporte1.php')
 3 SYSTEMPATH\View\View.php(229): CodeIgniter\View\View->CodeIgniter\View\{closure}()
 4 SYSTEMPATH\Common.php(1188): CodeIgniter\View\View->render('reportes/reporte1', [], true)
 5 APPPATH\Controllers\ReportesController.php(27): view('reportes/reporte1', [...])
 6 SYSTEMPATH\CodeIgniter.php(919): App\Controllers\ReportesController->reporte1()
 7 SYSTEMPATH\CodeIgniter.php(494): CodeIgniter\CodeIgniter->runController(Object(App\Controllers\ReportesController))
 8 SYSTEMPATH\CodeIgniter.php(353): CodeIgniter\CodeIgniter->handleRequest(null, Object(Config\Cache), false)
 9 FCPATH\index.php(79): CodeIgniter\CodeIgniter->run()
CRITICAL - 2024-11-21 16:45:55 --> Undefined variable $search
in APPPATH\Views\reportes\reporte1.php on line 132.
 1 APPPATH\Views\reportes\reporte1.php(132): CodeIgniter\Debug\Exceptions->errorHandler(2, 'Undefined variable $search', 'C:\\xampp\\htdocs\\code4\\app\\Views\\reportes\\reporte1.php', 132)
 2 SYSTEMPATH\View\View.php(226): include('C:\\xampp\\htdocs\\code4\\app\\Views\\reportes\\reporte1.php')
 3 SYSTEMPATH\View\View.php(229): CodeIgniter\View\View->CodeIgniter\View\{closure}()
 4 SYSTEMPATH\Common.php(1188): CodeIgniter\View\View->render('reportes/reporte1', [], true)
 5 APPPATH\Controllers\ReportesController.php(27): view('reportes/reporte1', [...])
 6 SYSTEMPATH\CodeIgniter.php(919): App\Controllers\ReportesController->reporte1()
 7 SYSTEMPATH\CodeIgniter.php(494): CodeIgniter\CodeIgniter->runController(Object(App\Controllers\ReportesController))
 8 SYSTEMPATH\CodeIgniter.php(353): CodeIgniter\CodeIgniter->handleRequest(null, Object(Config\Cache), false)
 9 FCPATH\index.php(79): CodeIgniter\CodeIgniter->run()
CRITICAL - 2024-11-21 16:45:55 --> Undefined variable $search
in APPPATH\Views\reportes\reporte1.php on line 132.
 1 APPPATH\Views\reportes\reporte1.php(132): CodeIgniter\Debug\Exceptions->errorHandler(2, 'Undefined variable $search', 'C:\\xampp\\htdocs\\code4\\app\\Views\\reportes\\reporte1.php', 132)
 2 SYSTEMPATH\View\View.php(226): include('C:\\xampp\\htdocs\\code4\\app\\Views\\reportes\\reporte1.php')
 3 SYSTEMPATH\View\View.php(229): CodeIgniter\View\View->CodeIgniter\View\{closure}()
 4 SYSTEMPATH\Common.php(1188): CodeIgniter\View\View->render('reportes/reporte1', [], true)
 5 APPPATH\Controllers\ReportesController.php(27): view('reportes/reporte1', [...])
 6 SYSTEMPATH\CodeIgniter.php(919): App\Controllers\ReportesController->reporte1()
 7 SYSTEMPATH\CodeIgniter.php(494): CodeIgniter\CodeIgniter->runController(Object(App\Controllers\ReportesController))
 8 SYSTEMPATH\CodeIgniter.php(353): CodeIgniter\CodeIgniter->handleRequest(null, Object(Config\Cache), false)
 9 FCPATH\index.php(79): CodeIgniter\CodeIgniter->run()
CRITICAL - 2024-11-21 16:45:55 --> Undefined variable $search
in APPPATH\Views\reportes\reporte1.php on line 132.
 1 APPPATH\Views\reportes\reporte1.php(132): CodeIgniter\Debug\Exceptions->errorHandler(2, 'Undefined variable $search', 'C:\\xampp\\htdocs\\code4\\app\\Views\\reportes\\reporte1.php', 132)
 2 SYSTEMPATH\View\View.php(226): include('C:\\xampp\\htdocs\\code4\\app\\Views\\reportes\\reporte1.php')
 3 SYSTEMPATH\View\View.php(229): CodeIgniter\View\View->CodeIgniter\View\{closure}()
 4 SYSTEMPATH\Common.php(1188): CodeIgniter\View\View->render('reportes/reporte1', [], true)
 5 APPPATH\Controllers\ReportesController.php(27): view('reportes/reporte1', [...])
 6 SYSTEMPATH\CodeIgniter.php(919): App\Controllers\ReportesController->reporte1()
 7 SYSTEMPATH\CodeIgniter.php(494): CodeIgniter\CodeIgniter->runController(Object(App\Controllers\ReportesController))
 8 SYSTEMPATH\CodeIgniter.php(353): CodeIgniter\CodeIgniter->handleRequest(null, Object(Config\Cache), false)
 9 FCPATH\index.php(79): CodeIgniter\CodeIgniter->run()
CRITICAL - 2024-11-21 16:45:56 --> Undefined variable $search
in APPPATH\Views\reportes\reporte1.php on line 132.
 1 APPPATH\Views\reportes\reporte1.php(132): CodeIgniter\Debug\Exceptions->errorHandler(2, 'Undefined variable $search', 'C:\\xampp\\htdocs\\code4\\app\\Views\\reportes\\reporte1.php', 132)
 2 SYSTEMPATH\View\View.php(226): include('C:\\xampp\\htdocs\\code4\\app\\Views\\reportes\\reporte1.php')
 3 SYSTEMPATH\View\View.php(229): CodeIgniter\View\View->CodeIgniter\View\{closure}()
 4 SYSTEMPATH\Common.php(1188): CodeIgniter\View\View->render('reportes/reporte1', [], true)
 5 APPPATH\Controllers\ReportesController.php(27): view('reportes/reporte1', [...])
 6 SYSTEMPATH\CodeIgniter.php(919): App\Controllers\ReportesController->reporte1()
 7 SYSTEMPATH\CodeIgniter.php(494): CodeIgniter\CodeIgniter->runController(Object(App\Controllers\ReportesController))
 8 SYSTEMPATH\CodeIgniter.php(353): CodeIgniter\CodeIgniter->handleRequest(null, Object(Config\Cache), false)
 9 FCPATH\index.php(79): CodeIgniter\CodeIgniter->run()
CRITICAL - 2024-11-21 16:45:56 --> Undefined variable $search
in APPPATH\Views\reportes\reporte1.php on line 132.
 1 APPPATH\Views\reportes\reporte1.php(132): CodeIgniter\Debug\Exceptions->errorHandler(2, 'Undefined variable $search', 'C:\\xampp\\htdocs\\code4\\app\\Views\\reportes\\reporte1.php', 132)
 2 SYSTEMPATH\View\View.php(226): include('C:\\xampp\\htdocs\\code4\\app\\Views\\reportes\\reporte1.php')
 3 SYSTEMPATH\View\View.php(229): CodeIgniter\View\View->CodeIgniter\View\{closure}()
 4 SYSTEMPATH\Common.php(1188): CodeIgniter\View\View->render('reportes/reporte1', [], true)
 5 APPPATH\Controllers\ReportesController.php(27): view('reportes/reporte1', [...])
 6 SYSTEMPATH\CodeIgniter.php(919): App\Controllers\ReportesController->reporte1()
 7 SYSTEMPATH\CodeIgniter.php(494): CodeIgniter\CodeIgniter->runController(Object(App\Controllers\ReportesController))
 8 SYSTEMPATH\CodeIgniter.php(353): CodeIgniter\CodeIgniter->handleRequest(null, Object(Config\Cache), false)
 9 FCPATH\index.php(79): CodeIgniter\CodeIgniter->run()
CRITICAL - 2024-11-21 16:45:56 --> Undefined variable $search
in APPPATH\Views\reportes\reporte1.php on line 132.
 1 APPPATH\Views\reportes\reporte1.php(132): CodeIgniter\Debug\Exceptions->errorHandler(2, 'Undefined variable $search', 'C:\\xampp\\htdocs\\code4\\app\\Views\\reportes\\reporte1.php', 132)
 2 SYSTEMPATH\View\View.php(226): include('C:\\xampp\\htdocs\\code4\\app\\Views\\reportes\\reporte1.php')
 3 SYSTEMPATH\View\View.php(229): CodeIgniter\View\View->CodeIgniter\View\{closure}()
 4 SYSTEMPATH\Common.php(1188): CodeIgniter\View\View->render('reportes/reporte1', [], true)
 5 APPPATH\Controllers\ReportesController.php(27): view('reportes/reporte1', [...])
 6 SYSTEMPATH\CodeIgniter.php(919): App\Controllers\ReportesController->reporte1()
 7 SYSTEMPATH\CodeIgniter.php(494): CodeIgniter\CodeIgniter->runController(Object(App\Controllers\ReportesController))
 8 SYSTEMPATH\CodeIgniter.php(353): CodeIgniter\CodeIgniter->handleRequest(null, Object(Config\Cache), false)
 9 FCPATH\index.php(79): CodeIgniter\CodeIgniter->run()
CRITICAL - 2024-11-21 16:45:56 --> Undefined variable $search
in APPPATH\Views\reportes\reporte1.php on line 132.
 1 APPPATH\Views\reportes\reporte1.php(132): CodeIgniter\Debug\Exceptions->errorHandler(2, 'Undefined variable $search', 'C:\\xampp\\htdocs\\code4\\app\\Views\\reportes\\reporte1.php', 132)
 2 SYSTEMPATH\View\View.php(226): include('C:\\xampp\\htdocs\\code4\\app\\Views\\reportes\\reporte1.php')
 3 SYSTEMPATH\View\View.php(229): CodeIgniter\View\View->CodeIgniter\View\{closure}()
 4 SYSTEMPATH\Common.php(1188): CodeIgniter\View\View->render('reportes/reporte1', [], true)
 5 APPPATH\Controllers\ReportesController.php(27): view('reportes/reporte1', [...])
 6 SYSTEMPATH\CodeIgniter.php(919): App\Controllers\ReportesController->reporte1()
 7 SYSTEMPATH\CodeIgniter.php(494): CodeIgniter\CodeIgniter->runController(Object(App\Controllers\ReportesController))
 8 SYSTEMPATH\CodeIgniter.php(353): CodeIgniter\CodeIgniter->handleRequest(null, Object(Config\Cache), false)
 9 FCPATH\index.php(79): CodeIgniter\CodeIgniter->run()
CRITICAL - 2024-11-21 16:45:57 --> Undefined variable $search
in APPPATH\Views\reportes\reporte1.php on line 132.
 1 APPPATH\Views\reportes\reporte1.php(132): CodeIgniter\Debug\Exceptions->errorHandler(2, 'Undefined variable $search', 'C:\\xampp\\htdocs\\code4\\app\\Views\\reportes\\reporte1.php', 132)
 2 SYSTEMPATH\View\View.php(226): include('C:\\xampp\\htdocs\\code4\\app\\Views\\reportes\\reporte1.php')
 3 SYSTEMPATH\View\View.php(229): CodeIgniter\View\View->CodeIgniter\View\{closure}()
 4 SYSTEMPATH\Common.php(1188): CodeIgniter\View\View->render('reportes/reporte1', [], true)
 5 APPPATH\Controllers\ReportesController.php(27): view('reportes/reporte1', [...])
 6 SYSTEMPATH\CodeIgniter.php(919): App\Controllers\ReportesController->reporte1()
 7 SYSTEMPATH\CodeIgniter.php(494): CodeIgniter\CodeIgniter->runController(Object(App\Controllers\ReportesController))
 8 SYSTEMPATH\CodeIgniter.php(353): CodeIgniter\CodeIgniter->handleRequest(null, Object(Config\Cache), false)
 9 FCPATH\index.php(79): CodeIgniter\CodeIgniter->run()
CRITICAL - 2024-11-21 16:45:57 --> Undefined variable $search
in APPPATH\Views\reportes\reporte1.php on line 132.
 1 APPPATH\Views\reportes\reporte1.php(132): CodeIgniter\Debug\Exceptions->errorHandler(2, 'Undefined variable $search', 'C:\\xampp\\htdocs\\code4\\app\\Views\\reportes\\reporte1.php', 132)
 2 SYSTEMPATH\View\View.php(226): include('C:\\xampp\\htdocs\\code4\\app\\Views\\reportes\\reporte1.php')
 3 SYSTEMPATH\View\View.php(229): CodeIgniter\View\View->CodeIgniter\View\{closure}()
 4 SYSTEMPATH\Common.php(1188): CodeIgniter\View\View->render('reportes/reporte1', [], true)
 5 APPPATH\Controllers\ReportesController.php(27): view('reportes/reporte1', [...])
 6 SYSTEMPATH\CodeIgniter.php(919): App\Controllers\ReportesController->reporte1()
 7 SYSTEMPATH\CodeIgniter.php(494): CodeIgniter\CodeIgniter->runController(Object(App\Controllers\ReportesController))
 8 SYSTEMPATH\CodeIgniter.php(353): CodeIgniter\CodeIgniter->handleRequest(null, Object(Config\Cache), false)
 9 FCPATH\index.php(79): CodeIgniter\CodeIgniter->run()
CRITICAL - 2024-11-21 16:46:21 --> Undefined variable $search
in APPPATH\Views\reportes\reporte5.php on line 132.
 1 APPPATH\Views\reportes\reporte5.php(132): CodeIgniter\Debug\Exceptions->errorHandler(2, 'Undefined variable $search', 'C:\\xampp\\htdocs\\code4\\app\\Views\\reportes\\reporte5.php', 132)
 2 SYSTEMPATH\View\View.php(226): include('C:\\xampp\\htdocs\\code4\\app\\Views\\reportes\\reporte5.php')
 3 SYSTEMPATH\View\View.php(229): CodeIgniter\View\View->CodeIgniter\View\{closure}()
 4 SYSTEMPATH\Common.php(1188): CodeIgniter\View\View->render('reportes/reporte5', [], true)
 5 APPPATH\Controllers\ReportesController.php(59): view('reportes/reporte5', [...])
 6 SYSTEMPATH\CodeIgniter.php(919): App\Controllers\ReportesController->reporte5()
 7 SYSTEMPATH\CodeIgniter.php(494): CodeIgniter\CodeIgniter->runController(Object(App\Controllers\ReportesController))
 8 SYSTEMPATH\CodeIgniter.php(353): CodeIgniter\CodeIgniter->handleRequest(null, Object(Config\Cache), false)
 9 FCPATH\index.php(79): CodeIgniter\CodeIgniter->run()
CRITICAL - 2024-11-21 16:46:41 --> Undefined variable $search
in APPPATH\Views\reportes\reporte5.php on line 132.
 1 APPPATH\Views\reportes\reporte5.php(132): CodeIgniter\Debug\Exceptions->errorHandler(2, 'Undefined variable $search', 'C:\\xampp\\htdocs\\code4\\app\\Views\\reportes\\reporte5.php', 132)
 2 SYSTEMPATH\View\View.php(226): include('C:\\xampp\\htdocs\\code4\\app\\Views\\reportes\\reporte5.php')
 3 SYSTEMPATH\View\View.php(229): CodeIgniter\View\View->CodeIgniter\View\{closure}()
 4 SYSTEMPATH\Common.php(1188): CodeIgniter\View\View->render('reportes/reporte5', [], true)
 5 APPPATH\Controllers\ReportesController.php(59): view('reportes/reporte5', [...])
 6 SYSTEMPATH\CodeIgniter.php(919): App\Controllers\ReportesController->reporte5()
 7 SYSTEMPATH\CodeIgniter.php(494): CodeIgniter\CodeIgniter->runController(Object(App\Controllers\ReportesController))
 8 SYSTEMPATH\CodeIgniter.php(353): CodeIgniter\CodeIgniter->handleRequest(null, Object(Config\Cache), false)
 9 FCPATH\index.php(79): CodeIgniter\CodeIgniter->run()
CRITICAL - 2024-11-21 16:46:56 --> Undefined variable $search
in APPPATH\Views\reportes\reporte5.php on line 132.
 1 APPPATH\Views\reportes\reporte5.php(132): CodeIgniter\Debug\Exceptions->errorHandler(2, 'Undefined variable $search', 'C:\\xampp\\htdocs\\code4\\app\\Views\\reportes\\reporte5.php', 132)
 2 SYSTEMPATH\View\View.php(226): include('C:\\xampp\\htdocs\\code4\\app\\Views\\reportes\\reporte5.php')
 3 SYSTEMPATH\View\View.php(229): CodeIgniter\View\View->CodeIgniter\View\{closure}()
 4 SYSTEMPATH\Common.php(1188): CodeIgniter\View\View->render('reportes/reporte5', [], true)
 5 APPPATH\Controllers\ReportesController.php(59): view('reportes/reporte5', [...])
 6 SYSTEMPATH\CodeIgniter.php(919): App\Controllers\ReportesController->reporte5()
 7 SYSTEMPATH\CodeIgniter.php(494): CodeIgniter\CodeIgniter->runController(Object(App\Controllers\ReportesController))
 8 SYSTEMPATH\CodeIgniter.php(353): CodeIgniter\CodeIgniter->handleRequest(null, Object(Config\Cache), false)
 9 FCPATH\index.php(79): CodeIgniter\CodeIgniter->run()
CRITICAL - 2024-11-21 17:39:17 --> Undefined variable $cabecera
in APPPATH\Views\bddclientes\editar.php on line 1.
 1 APPPATH\Views\bddclientes\editar.php(1): CodeIgniter\Debug\Exceptions->errorHandler(2, 'Undefined variable $cabecera', 'C:\\xampp\\htdocs\\code4\\app\\Views\\bddclientes\\editar.php', 1)
 2 SYSTEMPATH\View\View.php(226): include('C:\\xampp\\htdocs\\code4\\app\\Views\\bddclientes\\editar.php')
 3 SYSTEMPATH\View\View.php(229): CodeIgniter\View\View->CodeIgniter\View\{closure}()
 4 SYSTEMPATH\Common.php(1188): CodeIgniter\View\View->render('bddclientes/editar', [], true)
 5 APPPATH\Controllers\Clientes.php(143): view('bddclientes/editar', [...])
 6 SYSTEMPATH\CodeIgniter.php(919): App\Controllers\Clientes->editar('53')
 7 SYSTEMPATH\CodeIgniter.php(494): CodeIgniter\CodeIgniter->runController(Object(App\Controllers\Clientes))
 8 SYSTEMPATH\CodeIgniter.php(353): CodeIgniter\CodeIgniter->handleRequest(null, Object(Config\Cache), false)
 9 FCPATH\index.php(79): CodeIgniter\CodeIgniter->run()
CRITICAL - 2024-11-21 17:39:22 --> Undefined variable $cabecera
in APPPATH\Views\bddclientes\editar.php on line 1.
 1 APPPATH\Views\bddclientes\editar.php(1): CodeIgniter\Debug\Exceptions->errorHandler(2, 'Undefined variable $cabecera', 'C:\\xampp\\htdocs\\code4\\app\\Views\\bddclientes\\editar.php', 1)
 2 SYSTEMPATH\View\View.php(226): include('C:\\xampp\\htdocs\\code4\\app\\Views\\bddclientes\\editar.php')
 3 SYSTEMPATH\View\View.php(229): CodeIgniter\View\View->CodeIgniter\View\{closure}()
 4 SYSTEMPATH\Common.php(1188): CodeIgniter\View\View->render('bddclientes/editar', [], true)
 5 APPPATH\Controllers\Clientes.php(143): view('bddclientes/editar', [...])
 6 SYSTEMPATH\CodeIgniter.php(919): App\Controllers\Clientes->editar('53')
 7 SYSTEMPATH\CodeIgniter.php(494): CodeIgniter\CodeIgniter->runController(Object(App\Controllers\Clientes))
 8 SYSTEMPATH\CodeIgniter.php(353): CodeIgniter\CodeIgniter->handleRequest(null, Object(Config\Cache), false)
 9 FCPATH\index.php(79): CodeIgniter\CodeIgniter->run()
CRITICAL - 2024-11-21 17:39:27 --> Undefined variable $cabecera
in APPPATH\Views\bddclientes\editar.php on line 1.
 1 APPPATH\Views\bddclientes\editar.php(1): CodeIgniter\Debug\Exceptions->errorHandler(2, 'Undefined variable $cabecera', 'C:\\xampp\\htdocs\\code4\\app\\Views\\bddclientes\\editar.php', 1)
 2 SYSTEMPATH\View\View.php(226): include('C:\\xampp\\htdocs\\code4\\app\\Views\\bddclientes\\editar.php')
 3 SYSTEMPATH\View\View.php(229): CodeIgniter\View\View->CodeIgniter\View\{closure}()
 4 SYSTEMPATH\Common.php(1188): CodeIgniter\View\View->render('bddclientes/editar', [], true)
 5 APPPATH\Controllers\Clientes.php(143): view('bddclientes/editar', [...])
 6 SYSTEMPATH\CodeIgniter.php(919): App\Controllers\Clientes->editar('53')
 7 SYSTEMPATH\CodeIgniter.php(494): CodeIgniter\CodeIgniter->runController(Object(App\Controllers\Clientes))
 8 SYSTEMPATH\CodeIgniter.php(353): CodeIgniter\CodeIgniter->handleRequest(null, Object(Config\Cache), false)
 9 FCPATH\index.php(79): CodeIgniter\CodeIgniter->run()
CRITICAL - 2024-11-21 17:40:53 --> Undefined variable $cabeceraEditar
in APPPATH\Views\venta\venta.php on line 1.
 1 APPPATH\Views\venta\venta.php(1): CodeIgniter\Debug\Exceptions->errorHandler(2, 'Undefined variable $cabeceraEditar', 'C:\\xampp\\htdocs\\code4\\app\\Views\\venta\\venta.php', 1)
 2 SYSTEMPATH\View\View.php(226): include('C:\\xampp\\htdocs\\code4\\app\\Views\\venta\\venta.php')
 3 SYSTEMPATH\View\View.php(229): CodeIgniter\View\View->CodeIgniter\View\{closure}()
 4 SYSTEMPATH\Common.php(1188): CodeIgniter\View\View->render('venta/venta', [], true)
 5 APPPATH\Controllers\Ventas.php(186): view('venta/venta', [...])
 6 SYSTEMPATH\CodeIgniter.php(919): App\Controllers\Ventas->index()
 7 SYSTEMPATH\CodeIgniter.php(494): CodeIgniter\CodeIgniter->runController(Object(App\Controllers\Ventas))
 8 SYSTEMPATH\CodeIgniter.php(353): CodeIgniter\CodeIgniter->handleRequest(null, Object(Config\Cache), false)
 9 FCPATH\index.php(79): CodeIgniter\CodeIgniter->run()
CRITICAL - 2024-11-21 17:41:52 --> Invalid file: "venta/editar.php"
in SYSTEMPATH\Exceptions\FrameworkException.php on line 39.
 1 SYSTEMPATH\View\View.php(214): CodeIgniter\Exceptions\FrameworkException::forInvalidFile('venta/editar.php')
 2 SYSTEMPATH\Common.php(1188): CodeIgniter\View\View->render('venta/editar', [], true)
 3 APPPATH\Controllers\Ventas.php(210): view('venta/editar', [...])
 4 SYSTEMPATH\CodeIgniter.php(919): App\Controllers\Ventas->editar('30')
 5 SYSTEMPATH\CodeIgniter.php(494): CodeIgniter\CodeIgniter->runController(Object(App\Controllers\Ventas))
 6 SYSTEMPATH\CodeIgniter.php(353): CodeIgniter\CodeIgniter->handleRequest(null, Object(Config\Cache), false)
 7 FCPATH\index.php(79): CodeIgniter\CodeIgniter->run()
CRITICAL - 2024-11-21 17:42:09 --> Undefined variable $cabecera
in APPPATH\Views\Confeccion\editarConfeccion.php on line 1.
 1 APPPATH\Views\Confeccion\editarConfeccion.php(1): CodeIgniter\Debug\Exceptions->errorHandler(2, 'Undefined variable $cabecera', 'C:\\xampp\\htdocs\\code4\\app\\Views\\Confeccion\\editarConfeccion.php', 1)
 2 SYSTEMPATH\View\View.php(226): include('C:\\xampp\\htdocs\\code4\\app\\Views\\Confeccion\\editarConfeccion.php')
 3 SYSTEMPATH\View\View.php(229): CodeIgniter\View\View->CodeIgniter\View\{closure}()
 4 SYSTEMPATH\Common.php(1188): CodeIgniter\View\View->render('Confeccion/editarConfeccion', [], true)
 5 APPPATH\Controllers\Confeccions.php(82): view('Confeccion/editarConfeccion', [...])
 6 SYSTEMPATH\CodeIgniter.php(919): App\Controllers\Confeccions->editar('1')
 7 SYSTEMPATH\CodeIgniter.php(494): CodeIgniter\CodeIgniter->runController(Object(App\Controllers\Confeccions))
 8 SYSTEMPATH\CodeIgniter.php(353): CodeIgniter\CodeIgniter->handleRequest(null, Object(Config\Cache), false)
 9 FCPATH\index.php(79): CodeIgniter\CodeIgniter->run()
CRITICAL - 2024-11-21 17:48:11 --> Undefined variable $cabecera
in APPPATH\Views\tela\editarTela.php on line 1.
 1 APPPATH\Views\tela\editarTela.php(1): CodeIgniter\Debug\Exceptions->errorHandler(2, 'Undefined variable $cabecera', 'C:\\xampp\\htdocs\\code4\\app\\Views\\tela\\editarTela.php', 1)
 2 SYSTEMPATH\View\View.php(226): include('C:\\xampp\\htdocs\\code4\\app\\Views\\tela\\editarTela.php')
 3 SYSTEMPATH\View\View.php(229): CodeIgniter\View\View->CodeIgniter\View\{closure}()
 4 SYSTEMPATH\Common.php(1188): CodeIgniter\View\View->render('tela/editarTela', [], true)
 5 APPPATH\Controllers\Telas.php(100): view('tela/editarTela', [...])
 6 SYSTEMPATH\CodeIgniter.php(919): App\Controllers\Telas->editar('1')
 7 SYSTEMPATH\CodeIgniter.php(494): CodeIgniter\CodeIgniter->runController(Object(App\Controllers\Telas))
 8 SYSTEMPATH\CodeIgniter.php(353): CodeIgniter\CodeIgniter->handleRequest(null, Object(Config\Cache), false)
 9 FCPATH\index.php(79): CodeIgniter\CodeIgniter->run()
CRITICAL - 2024-11-21 17:48:30 --> Invalid file: "venta/editar.php"
in SYSTEMPATH\Exceptions\FrameworkException.php on line 39.
 1 SYSTEMPATH\View\View.php(214): CodeIgniter\Exceptions\FrameworkException::forInvalidFile('venta/editar.php')
 2 SYSTEMPATH\Common.php(1188): CodeIgniter\View\View->render('venta/editar', [], true)
 3 APPPATH\Controllers\Ventas.php(210): view('venta/editar', [...])
 4 SYSTEMPATH\CodeIgniter.php(919): App\Controllers\Ventas->editar('30')
 5 SYSTEMPATH\CodeIgniter.php(494): CodeIgniter\CodeIgniter->runController(Object(App\Controllers\Ventas))
 6 SYSTEMPATH\CodeIgniter.php(353): CodeIgniter\CodeIgniter->handleRequest(null, Object(Config\Cache), false)
 7 FCPATH\index.php(79): CodeIgniter\CodeIgniter->run()
CRITICAL - 2024-11-21 17:51:21 --> Undefined variable $cabecera
in APPPATH\Views\bddclientes\crear.php on line 1.
 1 APPPATH\Views\bddclientes\crear.php(1): CodeIgniter\Debug\Exceptions->errorHandler(2, 'Undefined variable $cabecera', 'C:\\xampp\\htdocs\\code4\\app\\Views\\bddclientes\\crear.php', 1)
 2 SYSTEMPATH\View\View.php(226): include('C:\\xampp\\htdocs\\code4\\app\\Views\\bddclientes\\crear.php')
 3 SYSTEMPATH\View\View.php(229): CodeIgniter\View\View->CodeIgniter\View\{closure}()
 4 SYSTEMPATH\Common.php(1188): CodeIgniter\View\View->render('bddclientes/crear', [], true)
 5 APPPATH\Controllers\Clientes.php(54): view('bddclientes/crear', [...])
 6 SYSTEMPATH\CodeIgniter.php(919): App\Controllers\Clientes->crear()
 7 SYSTEMPATH\CodeIgniter.php(494): CodeIgniter\CodeIgniter->runController(Object(App\Controllers\Clientes))
 8 SYSTEMPATH\CodeIgniter.php(353): CodeIgniter\CodeIgniter->handleRequest(null, Object(Config\Cache), false)
 9 FCPATH\index.php(79): CodeIgniter\CodeIgniter->run()
CRITICAL - 2024-11-21 17:55:51 --> Undefined variable $cabecera
in APPPATH\Views\bddclientes\falda.php on line 1.
 1 APPPATH\Views\bddclientes\falda.php(1): CodeIgniter\Debug\Exceptions->errorHandler(2, 'Undefined variable $cabecera', 'C:\\xampp\\htdocs\\code4\\app\\Views\\bddclientes\\falda.php', 1)
 2 SYSTEMPATH\View\View.php(226): include('C:\\xampp\\htdocs\\code4\\app\\Views\\bddclientes\\falda.php')
 3 SYSTEMPATH\View\View.php(229): CodeIgniter\View\View->CodeIgniter\View\{closure}()
 4 SYSTEMPATH\Common.php(1188): CodeIgniter\View\View->render('bddclientes/falda', [], true)
 5 APPPATH\Controllers\Faldas.php(56): view('bddclientes/falda', [...])
 6 SYSTEMPATH\CodeIgniter.php(919): App\Controllers\Faldas->falda()
 7 SYSTEMPATH\CodeIgniter.php(494): CodeIgniter\CodeIgniter->runController(Object(App\Controllers\Faldas))
 8 SYSTEMPATH\CodeIgniter.php(353): CodeIgniter\CodeIgniter->handleRequest(null, Object(Config\Cache), false)
 9 FCPATH\index.php(79): CodeIgniter\CodeIgniter->run()
CRITICAL - 2024-11-21 18:17:44 --> Undefined variable $cabecera
in APPPATH\Views\tela\crearTela.php on line 1.
 1 APPPATH\Views\tela\crearTela.php(1): CodeIgniter\Debug\Exceptions->errorHandler(2, 'Undefined variable $cabecera', 'C:\\xampp\\htdocs\\code4\\app\\Views\\tela\\crearTela.php', 1)
 2 SYSTEMPATH\View\View.php(226): include('C:\\xampp\\htdocs\\code4\\app\\Views\\tela\\crearTela.php')
 3 SYSTEMPATH\View\View.php(229): CodeIgniter\View\View->CodeIgniter\View\{closure}()
 4 SYSTEMPATH\Common.php(1188): CodeIgniter\View\View->render('tela/crearTela', [], true)
 5 APPPATH\Controllers\Telas.php(27): view('tela/crearTela', [...])
 6 SYSTEMPATH\CodeIgniter.php(919): App\Controllers\Telas->crear()
 7 SYSTEMPATH\CodeIgniter.php(494): CodeIgniter\CodeIgniter->runController(Object(App\Controllers\Telas))
 8 SYSTEMPATH\CodeIgniter.php(353): CodeIgniter\CodeIgniter->handleRequest(null, Object(Config\Cache), false)
 9 FCPATH\index.php(79): CodeIgniter\CodeIgniter->run()
CRITICAL - 2024-11-21 18:21:05 --> Undefined variable $cabecera
in APPPATH\Views\tela\crearTela.php on line 1.
 1 APPPATH\Views\tela\crearTela.php(1): CodeIgniter\Debug\Exceptions->errorHandler(2, 'Undefined variable $cabecera', 'C:\\xampp\\htdocs\\code4\\app\\Views\\tela\\crearTela.php', 1)
 2 SYSTEMPATH\View\View.php(226): include('C:\\xampp\\htdocs\\code4\\app\\Views\\tela\\crearTela.php')
 3 SYSTEMPATH\View\View.php(229): CodeIgniter\View\View->CodeIgniter\View\{closure}()
 4 SYSTEMPATH\Common.php(1188): CodeIgniter\View\View->render('tela/crearTela', [], true)
 5 APPPATH\Controllers\Telas.php(27): view('tela/crearTela', [...])
 6 SYSTEMPATH\CodeIgniter.php(919): App\Controllers\Telas->crear()
 7 SYSTEMPATH\CodeIgniter.php(494): CodeIgniter\CodeIgniter->runController(Object(App\Controllers\Telas))
 8 SYSTEMPATH\CodeIgniter.php(353): CodeIgniter\CodeIgniter->handleRequest(null, Object(Config\Cache), false)
 9 FCPATH\index.php(79): CodeIgniter\CodeIgniter->run()
CRITICAL - 2024-11-21 18:23:37 --> syntax error, unexpected identifier " ", expecting "]"
in APPPATH\Controllers\ReportesController.php on line 107.
 1 SYSTEMPATH\Autoloader\Autoloader.php(285): CodeIgniter\Autoloader\Autoloader->includeFile('C:\\xampp\\htdocs\\code4\\app\\Controllers\\ReportesController.php')
 2 SYSTEMPATH\Autoloader\Autoloader.php(263): CodeIgniter\Autoloader\Autoloader->loadInNamespace('App\\Controllers\\ReportesController')
 3 [internal function]: CodeIgniter\Autoloader\Autoloader->loadClass('App\\Controllers\\ReportesController')
 4 SYSTEMPATH\CodeIgniter.php(877): class_exists('\\App\\Controllers\\ReportesController', true)
 5 SYSTEMPATH\CodeIgniter.php(481): CodeIgniter\CodeIgniter->startController()
 6 SYSTEMPATH\CodeIgniter.php(353): CodeIgniter\CodeIgniter->handleRequest(null, Object(Config\Cache), false)
 7 FCPATH\index.php(79): CodeIgniter\CodeIgniter->run()
CRITICAL - 2024-11-21 18:23:41 --> syntax error, unexpected identifier " ", expecting "]"
in APPPATH\Controllers\ReportesController.php on line 107.
 1 SYSTEMPATH\Autoloader\Autoloader.php(285): CodeIgniter\Autoloader\Autoloader->includeFile('C:\\xampp\\htdocs\\code4\\app\\Controllers\\ReportesController.php')
 2 SYSTEMPATH\Autoloader\Autoloader.php(263): CodeIgniter\Autoloader\Autoloader->loadInNamespace('App\\Controllers\\ReportesController')
 3 [internal function]: CodeIgniter\Autoloader\Autoloader->loadClass('App\\Controllers\\ReportesController')
 4 SYSTEMPATH\CodeIgniter.php(877): class_exists('\\App\\Controllers\\ReportesController', true)
 5 SYSTEMPATH\CodeIgniter.php(481): CodeIgniter\CodeIgniter->startController()
 6 SYSTEMPATH\CodeIgniter.php(353): CodeIgniter\CodeIgniter->handleRequest(null, Object(Config\Cache), false)
 7 FCPATH\index.php(79): CodeIgniter\CodeIgniter->run()
CRITICAL - 2024-11-21 18:35:47 --> Undefined variable $cabeceraEditar
in APPPATH\Views\datos\datosTrajeMasculino.php on line 1.
 1 APPPATH\Views\datos\datosTrajeMasculino.php(1): CodeIgniter\Debug\Exceptions->errorHandler(2, 'Undefined variable $cabeceraEditar', 'C:\\xampp\\htdocs\\code4\\app\\Views\\datos\\datosTrajeMasculino.php', 1)
 2 SYSTEMPATH\View\View.php(226): include('C:\\xampp\\htdocs\\code4\\app\\Views\\datos\\datosTrajeMasculino.php')
 3 SYSTEMPATH\View\View.php(229): CodeIgniter\View\View->CodeIgniter\View\{closure}()
 4 SYSTEMPATH\Common.php(1188): CodeIgniter\View\View->render('datos/datosTrajeMasculino', [], true)
 5 APPPATH\Controllers\TrajeMasculinos.php(54): view('datos/datosTrajeMasculino', [...])
 6 SYSTEMPATH\CodeIgniter.php(919): App\Controllers\TrajeMasculinos->index()
 7 SYSTEMPATH\CodeIgniter.php(494): CodeIgniter\CodeIgniter->runController(Object(App\Controllers\TrajeMasculinos))
 8 SYSTEMPATH\CodeIgniter.php(353): CodeIgniter\CodeIgniter->handleRequest(null, Object(Config\Cache), false)
 9 FCPATH\index.php(79): CodeIgniter\CodeIgniter->run()
CRITICAL - 2024-11-21 18:35:53 --> Undefined variable $cabeceraEditar
in APPPATH\Views\datos\datosTrajeFemenino.php on line 1.
 1 APPPATH\Views\datos\datosTrajeFemenino.php(1): CodeIgniter\Debug\Exceptions->errorHandler(2, 'Undefined variable $cabeceraEditar', 'C:\\xampp\\htdocs\\code4\\app\\Views\\datos\\datosTrajeFemenino.php', 1)
 2 SYSTEMPATH\View\View.php(226): include('C:\\xampp\\htdocs\\code4\\app\\Views\\datos\\datosTrajeFemenino.php')
 3 SYSTEMPATH\View\View.php(229): CodeIgniter\View\View->CodeIgniter\View\{closure}()
 4 SYSTEMPATH\Common.php(1188): CodeIgniter\View\View->render('datos/datosTrajeFemenino', [], true)
 5 APPPATH\Controllers\TrajeFemeninos.php(55): view('datos/datosTrajeFemenino', [...])
 6 SYSTEMPATH\CodeIgniter.php(919): App\Controllers\TrajeFemeninos->index()
 7 SYSTEMPATH\CodeIgniter.php(494): CodeIgniter\CodeIgniter->runController(Object(App\Controllers\TrajeFemeninos))
 8 SYSTEMPATH\CodeIgniter.php(353): CodeIgniter\CodeIgniter->handleRequest(null, Object(Config\Cache), false)
 9 FCPATH\index.php(79): CodeIgniter\CodeIgniter->run()
CRITICAL - 2024-11-21 18:37:40 --> Undefined variable $cabecera
in APPPATH\Views\Confeccion\crearConfeccion.php on line 1.
 1 APPPATH\Views\Confeccion\crearConfeccion.php(1): CodeIgniter\Debug\Exceptions->errorHandler(2, 'Undefined variable $cabecera', 'C:\\xampp\\htdocs\\code4\\app\\Views\\Confeccion\\crearConfeccion.php', 1)
 2 SYSTEMPATH\View\View.php(226): include('C:\\xampp\\htdocs\\code4\\app\\Views\\Confeccion\\crearConfeccion.php')
 3 SYSTEMPATH\View\View.php(229): CodeIgniter\View\View->CodeIgniter\View\{closure}()
 4 SYSTEMPATH\Common.php(1188): CodeIgniter\View\View->render('Confeccion/crearConfeccion', [], true)
 5 APPPATH\Controllers\Confeccions.php(28): view('Confeccion/crearConfeccion', [...])
 6 SYSTEMPATH\CodeIgniter.php(919): App\Controllers\Confeccions->crear()
 7 SYSTEMPATH\CodeIgniter.php(494): CodeIgniter\CodeIgniter->runController(Object(App\Controllers\Confeccions))
 8 SYSTEMPATH\CodeIgniter.php(353): CodeIgniter\CodeIgniter->handleRequest(null, Object(Config\Cache), false)
 9 FCPATH\index.php(79): CodeIgniter\CodeIgniter->run()
CRITICAL - 2024-11-21 19:18:03 --> Undefined variable $cabecera
in APPPATH\Views\venta\crearVenta.php on line 1.
 1 APPPATH\Views\venta\crearVenta.php(1): CodeIgniter\Debug\Exceptions->errorHandler(2, 'Undefined variable $cabecera', 'C:\\xampp\\htdocs\\code4\\app\\Views\\venta\\crearVenta.php', 1)
 2 SYSTEMPATH\View\View.php(226): include('C:\\xampp\\htdocs\\code4\\app\\Views\\venta\\crearVenta.php')
 3 SYSTEMPATH\View\View.php(229): CodeIgniter\View\View->CodeIgniter\View\{closure}()
 4 SYSTEMPATH\Common.php(1188): CodeIgniter\View\View->render('venta/crearVenta', [], true)
 5 APPPATH\Controllers\Ventas.php(40): view('venta/crearVenta', [...])
 6 SYSTEMPATH\CodeIgniter.php(919): App\Controllers\Ventas->crear()
 7 SYSTEMPATH\CodeIgniter.php(494): CodeIgniter\CodeIgniter->runController(Object(App\Controllers\Ventas))
 8 SYSTEMPATH\CodeIgniter.php(353): CodeIgniter\CodeIgniter->handleRequest(null, Object(Config\Cache), false)
 9 FCPATH\index.php(79): CodeIgniter\CodeIgniter->run()
CRITICAL - 2024-11-21 19:18:24 --> Undefined variable $cabecera
in APPPATH\Views\venta\crearVenta.php on line 1.
 1 APPPATH\Views\venta\crearVenta.php(1): CodeIgniter\Debug\Exceptions->errorHandler(2, 'Undefined variable $cabecera', 'C:\\xampp\\htdocs\\code4\\app\\Views\\venta\\crearVenta.php', 1)
 2 SYSTEMPATH\View\View.php(226): include('C:\\xampp\\htdocs\\code4\\app\\Views\\venta\\crearVenta.php')
 3 SYSTEMPATH\View\View.php(229): CodeIgniter\View\View->CodeIgniter\View\{closure}()
 4 SYSTEMPATH\Common.php(1188): CodeIgniter\View\View->render('venta/crearVenta', [], true)
 5 APPPATH\Controllers\Ventas.php(40): view('venta/crearVenta', [...])
 6 SYSTEMPATH\CodeIgniter.php(919): App\Controllers\Ventas->crear()
 7 SYSTEMPATH\CodeIgniter.php(494): CodeIgniter\CodeIgniter->runController(Object(App\Controllers\Ventas))
 8 SYSTEMPATH\CodeIgniter.php(353): CodeIgniter\CodeIgniter->handleRequest(null, Object(Config\Cache), false)
 9 FCPATH\index.php(79): CodeIgniter\CodeIgniter->run()
CRITICAL - 2024-11-21 19:18:24 --> Undefined variable $cabecera
in APPPATH\Views\venta\crearVenta.php on line 1.
 1 APPPATH\Views\venta\crearVenta.php(1): CodeIgniter\Debug\Exceptions->errorHandler(2, 'Undefined variable $cabecera', 'C:\\xampp\\htdocs\\code4\\app\\Views\\venta\\crearVenta.php', 1)
 2 SYSTEMPATH\View\View.php(226): include('C:\\xampp\\htdocs\\code4\\app\\Views\\venta\\crearVenta.php')
 3 SYSTEMPATH\View\View.php(229): CodeIgniter\View\View->CodeIgniter\View\{closure}()
 4 SYSTEMPATH\Common.php(1188): CodeIgniter\View\View->render('venta/crearVenta', [], true)
 5 APPPATH\Controllers\Ventas.php(40): view('venta/crearVenta', [...])
 6 SYSTEMPATH\CodeIgniter.php(919): App\Controllers\Ventas->crear()
 7 SYSTEMPATH\CodeIgniter.php(494): CodeIgniter\CodeIgniter->runController(Object(App\Controllers\Ventas))
 8 SYSTEMPATH\CodeIgniter.php(353): CodeIgniter\CodeIgniter->handleRequest(null, Object(Config\Cache), false)
 9 FCPATH\index.php(79): CodeIgniter\CodeIgniter->run()
CRITICAL - 2024-11-21 19:20:52 --> Undefined variable $cabeceraEditar
in APPPATH\Views\venta\verVenta.php on line 1.
 1 APPPATH\Views\venta\verVenta.php(1): CodeIgniter\Debug\Exceptions->errorHandler(2, 'Undefined variable $cabeceraEditar', 'C:\\xampp\\htdocs\\code4\\app\\Views\\venta\\verVenta.php', 1)
 2 SYSTEMPATH\View\View.php(226): include('C:\\xampp\\htdocs\\code4\\app\\Views\\venta\\verVenta.php')
 3 SYSTEMPATH\View\View.php(229): CodeIgniter\View\View->CodeIgniter\View\{closure}()
 4 SYSTEMPATH\Common.php(1188): CodeIgniter\View\View->render('venta/verVenta', [], true)
 5 APPPATH\Controllers\Ventas.php(275): view('venta/verVenta', [...])
 6 SYSTEMPATH\CodeIgniter.php(919): App\Controllers\Ventas->ver('31')
 7 SYSTEMPATH\CodeIgniter.php(494): CodeIgniter\CodeIgniter->runController(Object(App\Controllers\Ventas))
 8 SYSTEMPATH\CodeIgniter.php(353): CodeIgniter\CodeIgniter->handleRequest(null, Object(Config\Cache), false)
 9 FCPATH\index.php(79): CodeIgniter\CodeIgniter->run()
CRITICAL - 2024-11-21 19:24:20 --> Invalid file: "venta/editar.php"
in SYSTEMPATH\Exceptions\FrameworkException.php on line 39.
 1 SYSTEMPATH\View\View.php(214): CodeIgniter\Exceptions\FrameworkException::forInvalidFile('venta/editar.php')
 2 SYSTEMPATH\Common.php(1188): CodeIgniter\View\View->render('venta/editar', [], true)
 3 APPPATH\Controllers\Ventas.php(210): view('venta/editar', [...])
 4 SYSTEMPATH\CodeIgniter.php(919): App\Controllers\Ventas->editar('31')
 5 SYSTEMPATH\CodeIgniter.php(494): CodeIgniter\CodeIgniter->runController(Object(App\Controllers\Ventas))
 6 SYSTEMPATH\CodeIgniter.php(353): CodeIgniter\CodeIgniter->handleRequest(null, Object(Config\Cache), false)
 7 FCPATH\index.php(79): CodeIgniter\CodeIgniter->run()
CRITICAL - 2024-11-21 19:29:20 --> Undefined array key "idConfeccion"
in APPPATH\Views\venta\editarVenta.php on line 30.
 1 APPPATH\Views\venta\editarVenta.php(30): CodeIgniter\Debug\Exceptions->errorHandler(2, 'Undefined array key "idConfeccion"', 'C:\\xampp\\htdocs\\code4\\app\\Views\\venta\\editarVenta.php', 30)
 2 SYSTEMPATH\View\View.php(226): include('C:\\xampp\\htdocs\\code4\\app\\Views\\venta\\editarVenta.php')
 3 SYSTEMPATH\View\View.php(229): CodeIgniter\View\View->CodeIgniter\View\{closure}()
 4 SYSTEMPATH\Common.php(1188): CodeIgniter\View\View->render('venta/editarVenta', [], true)
 5 APPPATH\Controllers\Ventas.php(306): view('venta/editarVenta', [...])
 6 SYSTEMPATH\CodeIgniter.php(919): App\Controllers\Ventas->editar('31')
 7 SYSTEMPATH\CodeIgniter.php(494): CodeIgniter\CodeIgniter->runController(Object(App\Controllers\Ventas))
 8 SYSTEMPATH\CodeIgniter.php(353): CodeIgniter\CodeIgniter->handleRequest(null, Object(Config\Cache), false)
 9 FCPATH\index.php(79): CodeIgniter\CodeIgniter->run()
CRITICAL - 2024-11-21 19:29:39 --> Undefined array key "idConfeccion"
in APPPATH\Views\venta\editarVenta.php on line 29.
 1 APPPATH\Views\venta\editarVenta.php(29): CodeIgniter\Debug\Exceptions->errorHandler(2, 'Undefined array key "idConfeccion"', 'C:\\xampp\\htdocs\\code4\\app\\Views\\venta\\editarVenta.php', 29)
 2 SYSTEMPATH\View\View.php(226): include('C:\\xampp\\htdocs\\code4\\app\\Views\\venta\\editarVenta.php')
 3 SYSTEMPATH\View\View.php(229): CodeIgniter\View\View->CodeIgniter\View\{closure}()
 4 SYSTEMPATH\Common.php(1188): CodeIgniter\View\View->render('venta/editarVenta', [], true)
 5 APPPATH\Controllers\Ventas.php(306): view('venta/editarVenta', [...])
 6 SYSTEMPATH\CodeIgniter.php(919): App\Controllers\Ventas->editar('31')
 7 SYSTEMPATH\CodeIgniter.php(494): CodeIgniter\CodeIgniter->runController(Object(App\Controllers\Ventas))
 8 SYSTEMPATH\CodeIgniter.php(353): CodeIgniter\CodeIgniter->handleRequest(null, Object(Config\Cache), false)
 9 FCPATH\index.php(79): CodeIgniter\CodeIgniter->run()
CRITICAL - 2024-11-21 19:29:40 --> Undefined array key "idConfeccion"
in APPPATH\Views\venta\editarVenta.php on line 29.
 1 APPPATH\Views\venta\editarVenta.php(29): CodeIgniter\Debug\Exceptions->errorHandler(2, 'Undefined array key "idConfeccion"', 'C:\\xampp\\htdocs\\code4\\app\\Views\\venta\\editarVenta.php', 29)
 2 SYSTEMPATH\View\View.php(226): include('C:\\xampp\\htdocs\\code4\\app\\Views\\venta\\editarVenta.php')
 3 SYSTEMPATH\View\View.php(229): CodeIgniter\View\View->CodeIgniter\View\{closure}()
 4 SYSTEMPATH\Common.php(1188): CodeIgniter\View\View->render('venta/editarVenta', [], true)
 5 APPPATH\Controllers\Ventas.php(306): view('venta/editarVenta', [...])
 6 SYSTEMPATH\CodeIgniter.php(919): App\Controllers\Ventas->editar('31')
 7 SYSTEMPATH\CodeIgniter.php(494): CodeIgniter\CodeIgniter->runController(Object(App\Controllers\Ventas))
 8 SYSTEMPATH\CodeIgniter.php(353): CodeIgniter\CodeIgniter->handleRequest(null, Object(Config\Cache), false)
 9 FCPATH\index.php(79): CodeIgniter\CodeIgniter->run()
CRITICAL - 2024-11-21 19:29:41 --> Undefined array key "idConfeccion"
in APPPATH\Views\venta\editarVenta.php on line 29.
 1 APPPATH\Views\venta\editarVenta.php(29): CodeIgniter\Debug\Exceptions->errorHandler(2, 'Undefined array key "idConfeccion"', 'C:\\xampp\\htdocs\\code4\\app\\Views\\venta\\editarVenta.php', 29)
 2 SYSTEMPATH\View\View.php(226): include('C:\\xampp\\htdocs\\code4\\app\\Views\\venta\\editarVenta.php')
 3 SYSTEMPATH\View\View.php(229): CodeIgniter\View\View->CodeIgniter\View\{closure}()
 4 SYSTEMPATH\Common.php(1188): CodeIgniter\View\View->render('venta/editarVenta', [], true)
 5 APPPATH\Controllers\Ventas.php(306): view('venta/editarVenta', [...])
 6 SYSTEMPATH\CodeIgniter.php(919): App\Controllers\Ventas->editar('31')
 7 SYSTEMPATH\CodeIgniter.php(494): CodeIgniter\CodeIgniter->runController(Object(App\Controllers\Ventas))
 8 SYSTEMPATH\CodeIgniter.php(353): CodeIgniter\CodeIgniter->handleRequest(null, Object(Config\Cache), false)
 9 FCPATH\index.php(79): CodeIgniter\CodeIgniter->run()
CRITICAL - 2024-11-21 19:30:39 --> Undefined array key "adelanto"
in APPPATH\Views\venta\editarVenta.php on line 39.
 1 APPPATH\Views\venta\editarVenta.php(39): CodeIgniter\Debug\Exceptions->errorHandler(2, 'Undefined array key "adelanto"', 'C:\\xampp\\htdocs\\code4\\app\\Views\\venta\\editarVenta.php', 39)
 2 SYSTEMPATH\View\View.php(226): include('C:\\xampp\\htdocs\\code4\\app\\Views\\venta\\editarVenta.php')
 3 SYSTEMPATH\View\View.php(229): CodeIgniter\View\View->CodeIgniter\View\{closure}()
 4 SYSTEMPATH\Common.php(1188): CodeIgniter\View\View->render('venta/editarVenta', [], true)
 5 APPPATH\Controllers\Ventas.php(311): view('venta/editarVenta', [...])
 6 SYSTEMPATH\CodeIgniter.php(919): App\Controllers\Ventas->editar('31')
 7 SYSTEMPATH\CodeIgniter.php(494): CodeIgniter\CodeIgniter->runController(Object(App\Controllers\Ventas))
 8 SYSTEMPATH\CodeIgniter.php(353): CodeIgniter\CodeIgniter->handleRequest(null, Object(Config\Cache), false)
 9 FCPATH\index.php(79): CodeIgniter\CodeIgniter->run()
CRITICAL - 2024-11-21 19:30:39 --> Undefined array key "adelanto"
in APPPATH\Views\venta\editarVenta.php on line 39.
 1 APPPATH\Views\venta\editarVenta.php(39): CodeIgniter\Debug\Exceptions->errorHandler(2, 'Undefined array key "adelanto"', 'C:\\xampp\\htdocs\\code4\\app\\Views\\venta\\editarVenta.php', 39)
 2 SYSTEMPATH\View\View.php(226): include('C:\\xampp\\htdocs\\code4\\app\\Views\\venta\\editarVenta.php')
 3 SYSTEMPATH\View\View.php(229): CodeIgniter\View\View->CodeIgniter\View\{closure}()
 4 SYSTEMPATH\Common.php(1188): CodeIgniter\View\View->render('venta/editarVenta', [], true)
 5 APPPATH\Controllers\Ventas.php(311): view('venta/editarVenta', [...])
 6 SYSTEMPATH\CodeIgniter.php(919): App\Controllers\Ventas->editar('31')
 7 SYSTEMPATH\CodeIgniter.php(494): CodeIgniter\CodeIgniter->runController(Object(App\Controllers\Ventas))
 8 SYSTEMPATH\CodeIgniter.php(353): CodeIgniter\CodeIgniter->handleRequest(null, Object(Config\Cache), false)
 9 FCPATH\index.php(79): CodeIgniter\CodeIgniter->run()
CRITICAL - 2024-11-21 19:30:40 --> Undefined array key "adelanto"
in APPPATH\Views\venta\editarVenta.php on line 39.
 1 APPPATH\Views\venta\editarVenta.php(39): CodeIgniter\Debug\Exceptions->errorHandler(2, 'Undefined array key "adelanto"', 'C:\\xampp\\htdocs\\code4\\app\\Views\\venta\\editarVenta.php', 39)
 2 SYSTEMPATH\View\View.php(226): include('C:\\xampp\\htdocs\\code4\\app\\Views\\venta\\editarVenta.php')
 3 SYSTEMPATH\View\View.php(229): CodeIgniter\View\View->CodeIgniter\View\{closure}()
 4 SYSTEMPATH\Common.php(1188): CodeIgniter\View\View->render('venta/editarVenta', [], true)
 5 APPPATH\Controllers\Ventas.php(311): view('venta/editarVenta', [...])
 6 SYSTEMPATH\CodeIgniter.php(919): App\Controllers\Ventas->editar('31')
 7 SYSTEMPATH\CodeIgniter.php(494): CodeIgniter\CodeIgniter->runController(Object(App\Controllers\Ventas))
 8 SYSTEMPATH\CodeIgniter.php(353): CodeIgniter\CodeIgniter->handleRequest(null, Object(Config\Cache), false)
 9 FCPATH\index.php(79): CodeIgniter\CodeIgniter->run()
CRITICAL - 2024-11-21 19:30:40 --> Undefined array key "adelanto"
in APPPATH\Views\venta\editarVenta.php on line 39.
 1 APPPATH\Views\venta\editarVenta.php(39): CodeIgniter\Debug\Exceptions->errorHandler(2, 'Undefined array key "adelanto"', 'C:\\xampp\\htdocs\\code4\\app\\Views\\venta\\editarVenta.php', 39)
 2 SYSTEMPATH\View\View.php(226): include('C:\\xampp\\htdocs\\code4\\app\\Views\\venta\\editarVenta.php')
 3 SYSTEMPATH\View\View.php(229): CodeIgniter\View\View->CodeIgniter\View\{closure}()
 4 SYSTEMPATH\Common.php(1188): CodeIgniter\View\View->render('venta/editarVenta', [], true)
 5 APPPATH\Controllers\Ventas.php(311): view('venta/editarVenta', [...])
 6 SYSTEMPATH\CodeIgniter.php(919): App\Controllers\Ventas->editar('31')
 7 SYSTEMPATH\CodeIgniter.php(494): CodeIgniter\CodeIgniter->runController(Object(App\Controllers\Ventas))
 8 SYSTEMPATH\CodeIgniter.php(353): CodeIgniter\CodeIgniter->handleRequest(null, Object(Config\Cache), false)
 9 FCPATH\index.php(79): CodeIgniter\CodeIgniter->run()
CRITICAL - 2024-11-21 19:30:41 --> Undefined array key "adelanto"
in APPPATH\Views\venta\editarVenta.php on line 39.
 1 APPPATH\Views\venta\editarVenta.php(39): CodeIgniter\Debug\Exceptions->errorHandler(2, 'Undefined array key "adelanto"', 'C:\\xampp\\htdocs\\code4\\app\\Views\\venta\\editarVenta.php', 39)
 2 SYSTEMPATH\View\View.php(226): include('C:\\xampp\\htdocs\\code4\\app\\Views\\venta\\editarVenta.php')
 3 SYSTEMPATH\View\View.php(229): CodeIgniter\View\View->CodeIgniter\View\{closure}()
 4 SYSTEMPATH\Common.php(1188): CodeIgniter\View\View->render('venta/editarVenta', [], true)
 5 APPPATH\Controllers\Ventas.php(311): view('venta/editarVenta', [...])
 6 SYSTEMPATH\CodeIgniter.php(919): App\Controllers\Ventas->editar('31')
 7 SYSTEMPATH\CodeIgniter.php(494): CodeIgniter\CodeIgniter->runController(Object(App\Controllers\Ventas))
 8 SYSTEMPATH\CodeIgniter.php(353): CodeIgniter\CodeIgniter->handleRequest(null, Object(Config\Cache), false)
 9 FCPATH\index.php(79): CodeIgniter\CodeIgniter->run()
CRITICAL - 2024-11-21 19:30:42 --> Undefined array key "adelanto"
in APPPATH\Views\venta\editarVenta.php on line 39.
 1 APPPATH\Views\venta\editarVenta.php(39): CodeIgniter\Debug\Exceptions->errorHandler(2, 'Undefined array key "adelanto"', 'C:\\xampp\\htdocs\\code4\\app\\Views\\venta\\editarVenta.php', 39)
 2 SYSTEMPATH\View\View.php(226): include('C:\\xampp\\htdocs\\code4\\app\\Views\\venta\\editarVenta.php')
 3 SYSTEMPATH\View\View.php(229): CodeIgniter\View\View->CodeIgniter\View\{closure}()
 4 SYSTEMPATH\Common.php(1188): CodeIgniter\View\View->render('venta/editarVenta', [], true)
 5 APPPATH\Controllers\Ventas.php(311): view('venta/editarVenta', [...])
 6 SYSTEMPATH\CodeIgniter.php(919): App\Controllers\Ventas->editar('31')
 7 SYSTEMPATH\CodeIgniter.php(494): CodeIgniter\CodeIgniter->runController(Object(App\Controllers\Ventas))
 8 SYSTEMPATH\CodeIgniter.php(353): CodeIgniter\CodeIgniter->handleRequest(null, Object(Config\Cache), false)
 9 FCPATH\index.php(79): CodeIgniter\CodeIgniter->run()
CRITICAL - 2024-11-21 19:30:42 --> Undefined array key "adelanto"
in APPPATH\Views\venta\editarVenta.php on line 39.
 1 APPPATH\Views\venta\editarVenta.php(39): CodeIgniter\Debug\Exceptions->errorHandler(2, 'Undefined array key "adelanto"', 'C:\\xampp\\htdocs\\code4\\app\\Views\\venta\\editarVenta.php', 39)
 2 SYSTEMPATH\View\View.php(226): include('C:\\xampp\\htdocs\\code4\\app\\Views\\venta\\editarVenta.php')
 3 SYSTEMPATH\View\View.php(229): CodeIgniter\View\View->CodeIgniter\View\{closure}()
 4 SYSTEMPATH\Common.php(1188): CodeIgniter\View\View->render('venta/editarVenta', [], true)
 5 APPPATH\Controllers\Ventas.php(311): view('venta/editarVenta', [...])
 6 SYSTEMPATH\CodeIgniter.php(919): App\Controllers\Ventas->editar('31')
 7 SYSTEMPATH\CodeIgniter.php(494): CodeIgniter\CodeIgniter->runController(Object(App\Controllers\Ventas))
 8 SYSTEMPATH\CodeIgniter.php(353): CodeIgniter\CodeIgniter->handleRequest(null, Object(Config\Cache), false)
 9 FCPATH\index.php(79): CodeIgniter\CodeIgniter->run()
CRITICAL - 2024-11-21 19:31:43 --> Undefined array key "adelanto"
in APPPATH\Views\venta\editarVenta.php on line 39.
 1 APPPATH\Views\venta\editarVenta.php(39): CodeIgniter\Debug\Exceptions->errorHandler(2, 'Undefined array key "adelanto"', 'C:\\xampp\\htdocs\\code4\\app\\Views\\venta\\editarVenta.php', 39)
 2 SYSTEMPATH\View\View.php(226): include('C:\\xampp\\htdocs\\code4\\app\\Views\\venta\\editarVenta.php')
 3 SYSTEMPATH\View\View.php(229): CodeIgniter\View\View->CodeIgniter\View\{closure}()
 4 SYSTEMPATH\Common.php(1188): CodeIgniter\View\View->render('venta/editarVenta', [], true)
 5 APPPATH\Controllers\Ventas.php(311): view('venta/editarVenta', [...])
 6 SYSTEMPATH\CodeIgniter.php(919): App\Controllers\Ventas->editar('31')
 7 SYSTEMPATH\CodeIgniter.php(494): CodeIgniter\CodeIgniter->runController(Object(App\Controllers\Ventas))
 8 SYSTEMPATH\CodeIgniter.php(353): CodeIgniter\CodeIgniter->handleRequest(null, Object(Config\Cache), false)
 9 FCPATH\index.php(79): CodeIgniter\CodeIgniter->run()
CRITICAL - 2024-11-21 19:31:43 --> Undefined array key "adelanto"
in APPPATH\Views\venta\editarVenta.php on line 39.
 1 APPPATH\Views\venta\editarVenta.php(39): CodeIgniter\Debug\Exceptions->errorHandler(2, 'Undefined array key "adelanto"', 'C:\\xampp\\htdocs\\code4\\app\\Views\\venta\\editarVenta.php', 39)
 2 SYSTEMPATH\View\View.php(226): include('C:\\xampp\\htdocs\\code4\\app\\Views\\venta\\editarVenta.php')
 3 SYSTEMPATH\View\View.php(229): CodeIgniter\View\View->CodeIgniter\View\{closure}()
 4 SYSTEMPATH\Common.php(1188): CodeIgniter\View\View->render('venta/editarVenta', [], true)
 5 APPPATH\Controllers\Ventas.php(311): view('venta/editarVenta', [...])
 6 SYSTEMPATH\CodeIgniter.php(919): App\Controllers\Ventas->editar('31')
 7 SYSTEMPATH\CodeIgniter.php(494): CodeIgniter\CodeIgniter->runController(Object(App\Controllers\Ventas))
 8 SYSTEMPATH\CodeIgniter.php(353): CodeIgniter\CodeIgniter->handleRequest(null, Object(Config\Cache), false)
 9 FCPATH\index.php(79): CodeIgniter\CodeIgniter->run()
ERROR - 2024-11-21 19:51:45 --> Credenciales inválidas para el usuario: sofia.dominguez@gmail.com
ERROR - 2024-11-21 19:51:50 --> Credenciales inválidas para el usuario: sofia.dominguez@gmail.com
ERROR - 2024-11-21 19:52:06 --> Credenciales inválidas para el usuario: sofia.dominguez@gmail.com
CRITICAL - 2024-11-21 20:12:21 --> Undefined variable $cabecera
in APPPATH\Views\venta\verVenta.php on line 1.
 1 APPPATH\Views\venta\verVenta.php(1): CodeIgniter\Debug\Exceptions->errorHandler(2, 'Undefined variable $cabecera', 'C:\\xampp\\htdocs\\code4\\app\\Views\\venta\\verVenta.php', 1)
 2 SYSTEMPATH\View\View.php(226): include('C:\\xampp\\htdocs\\code4\\app\\Views\\venta\\verVenta.php')
 3 SYSTEMPATH\View\View.php(229): CodeIgniter\View\View->CodeIgniter\View\{closure}()
 4 SYSTEMPATH\Common.php(1188): CodeIgniter\View\View->render('venta/verVenta', [], true)
 5 APPPATH\Controllers\Ventas.php(255): view('venta/verVenta', [...])
 6 SYSTEMPATH\CodeIgniter.php(919): App\Controllers\Ventas->ver('32')
 7 SYSTEMPATH\CodeIgniter.php(494): CodeIgniter\CodeIgniter->runController(Object(App\Controllers\Ventas))
 8 SYSTEMPATH\CodeIgniter.php(353): CodeIgniter\CodeIgniter->handleRequest(null, Object(Config\Cache), false)
 9 FCPATH\index.php(79): CodeIgniter\CodeIgniter->run()
CRITICAL - 2024-11-21 20:12:22 --> Undefined variable $cabecera
in APPPATH\Views\venta\verVenta.php on line 1.
 1 APPPATH\Views\venta\verVenta.php(1): CodeIgniter\Debug\Exceptions->errorHandler(2, 'Undefined variable $cabecera', 'C:\\xampp\\htdocs\\code4\\app\\Views\\venta\\verVenta.php', 1)
 2 SYSTEMPATH\View\View.php(226): include('C:\\xampp\\htdocs\\code4\\app\\Views\\venta\\verVenta.php')
 3 SYSTEMPATH\View\View.php(229): CodeIgniter\View\View->CodeIgniter\View\{closure}()
 4 SYSTEMPATH\Common.php(1188): CodeIgniter\View\View->render('venta/verVenta', [], true)
 5 APPPATH\Controllers\Ventas.php(255): view('venta/verVenta', [...])
 6 SYSTEMPATH\CodeIgniter.php(919): App\Controllers\Ventas->ver('32')
 7 SYSTEMPATH\CodeIgniter.php(494): CodeIgniter\CodeIgniter->runController(Object(App\Controllers\Ventas))
 8 SYSTEMPATH\CodeIgniter.php(353): CodeIgniter\CodeIgniter->handleRequest(null, Object(Config\Cache), false)
 9 FCPATH\index.php(79): CodeIgniter\CodeIgniter->run()
CRITICAL - 2024-11-21 20:21:57 --> Call to undefined method App\Models\ReporteModel::obtenerConfeccionesYServicios
in SYSTEMPATH\Model.php on line 873.
 1 APPPATH\Controllers\ReportesController.php(71): CodeIgniter\Model->__call('obtenerConfeccionesYServicios', [])
 2 SYSTEMPATH\CodeIgniter.php(919): App\Controllers\ReportesController->reporte5()
 3 SYSTEMPATH\CodeIgniter.php(494): CodeIgniter\CodeIgniter->runController(Object(App\Controllers\ReportesController))
 4 SYSTEMPATH\CodeIgniter.php(353): CodeIgniter\CodeIgniter->handleRequest(null, Object(Config\Cache), false)
 5 FCPATH\index.php(79): CodeIgniter\CodeIgniter->run()
CRITICAL - 2024-11-21 20:22:01 --> Call to undefined method App\Models\ReporteModel::obtenerConfeccionesYServicios
in SYSTEMPATH\Model.php on line 873.
 1 APPPATH\Controllers\ReportesController.php(71): CodeIgniter\Model->__call('obtenerConfeccionesYServicios', [])
 2 SYSTEMPATH\CodeIgniter.php(919): App\Controllers\ReportesController->reporte5()
 3 SYSTEMPATH\CodeIgniter.php(494): CodeIgniter\CodeIgniter->runController(Object(App\Controllers\ReportesController))
 4 SYSTEMPATH\CodeIgniter.php(353): CodeIgniter\CodeIgniter->handleRequest(null, Object(Config\Cache), false)
 5 FCPATH\index.php(79): CodeIgniter\CodeIgniter->run()
CRITICAL - 2024-11-21 20:22:02 --> Call to undefined method App\Models\ReporteModel::obtenerConfeccionesYServicios
in SYSTEMPATH\Model.php on line 873.
 1 APPPATH\Controllers\ReportesController.php(71): CodeIgniter\Model->__call('obtenerConfeccionesYServicios', [])
 2 SYSTEMPATH\CodeIgniter.php(919): App\Controllers\ReportesController->reporte5()
 3 SYSTEMPATH\CodeIgniter.php(494): CodeIgniter\CodeIgniter->runController(Object(App\Controllers\ReportesController))
 4 SYSTEMPATH\CodeIgniter.php(353): CodeIgniter\CodeIgniter->handleRequest(null, Object(Config\Cache), false)
 5 FCPATH\index.php(79): CodeIgniter\CodeIgniter->run()
CRITICAL - 2024-11-21 20:22:02 --> Call to undefined method App\Models\ReporteModel::obtenerConfeccionesYServicios
in SYSTEMPATH\Model.php on line 873.
 1 APPPATH\Controllers\ReportesController.php(71): CodeIgniter\Model->__call('obtenerConfeccionesYServicios', [])
 2 SYSTEMPATH\CodeIgniter.php(919): App\Controllers\ReportesController->reporte5()
 3 SYSTEMPATH\CodeIgniter.php(494): CodeIgniter\CodeIgniter->runController(Object(App\Controllers\ReportesController))
 4 SYSTEMPATH\CodeIgniter.php(353): CodeIgniter\CodeIgniter->handleRequest(null, Object(Config\Cache), false)
 5 FCPATH\index.php(79): CodeIgniter\CodeIgniter->run()
CRITICAL - 2024-11-21 20:22:02 --> Call to undefined method App\Models\ReporteModel::obtenerConfeccionesYServicios
in SYSTEMPATH\Model.php on line 873.
 1 APPPATH\Controllers\ReportesController.php(71): CodeIgniter\Model->__call('obtenerConfeccionesYServicios', [])
 2 SYSTEMPATH\CodeIgniter.php(919): App\Controllers\ReportesController->reporte5()
 3 SYSTEMPATH\CodeIgniter.php(494): CodeIgniter\CodeIgniter->runController(Object(App\Controllers\ReportesController))
 4 SYSTEMPATH\CodeIgniter.php(353): CodeIgniter\CodeIgniter->handleRequest(null, Object(Config\Cache), false)
 5 FCPATH\index.php(79): CodeIgniter\CodeIgniter->run()
CRITICAL - 2024-11-21 20:22:03 --> Call to undefined method App\Models\ReporteModel::obtenerConfeccionesYServicios
in SYSTEMPATH\Model.php on line 873.
 1 APPPATH\Controllers\ReportesController.php(71): CodeIgniter\Model->__call('obtenerConfeccionesYServicios', [])
 2 SYSTEMPATH\CodeIgniter.php(919): App\Controllers\ReportesController->reporte5()
 3 SYSTEMPATH\CodeIgniter.php(494): CodeIgniter\CodeIgniter->runController(Object(App\Controllers\ReportesController))
 4 SYSTEMPATH\CodeIgniter.php(353): CodeIgniter\CodeIgniter->handleRequest(null, Object(Config\Cache), false)
 5 FCPATH\index.php(79): CodeIgniter\CodeIgniter->run()
